Archive member included to satisfy reference by file (symbol)

d:/stm32cubeide_1.8.0/stm32cubeide/plugins/com.st.stm32cube.ide.mcu.externaltools.gnu-tools-for-stm32.9-2020-q2-update.win32_2.0.0.202105311346/tools/bin/../lib/gcc/arm-none-eabi/9.3.1/../../../../arm-none-eabi/lib/thumb/v7e-m+fp/hard\libc_nano.a(lib_a-errno.o)
                              ./Core/Src/syscalls.o (__errno)
d:/stm32cubeide_1.8.0/stm32cubeide/plugins/com.st.stm32cube.ide.mcu.externaltools.gnu-tools-for-stm32.9-2020-q2-update.win32_2.0.0.202105311346/tools/bin/../lib/gcc/arm-none-eabi/9.3.1/../../../../arm-none-eabi/lib/thumb/v7e-m+fp/hard\libc_nano.a(lib_a-exit.o)
                              d:/stm32cubeide_1.8.0/stm32cubeide/plugins/com.st.stm32cube.ide.mcu.externaltools.gnu-tools-for-stm32.9-2020-q2-update.win32_2.0.0.202105311346/tools/bin/../lib/gcc/arm-none-eabi/9.3.1/../../../../arm-none-eabi/lib/thumb/v7e-m+fp/hard/crt0.o (exit)
d:/stm32cubeide_1.8.0/stm32cubeide/plugins/com.st.stm32cube.ide.mcu.externaltools.gnu-tools-for-stm32.9-2020-q2-update.win32_2.0.0.202105311346/tools/bin/../lib/gcc/arm-none-eabi/9.3.1/../../../../arm-none-eabi/lib/thumb/v7e-m+fp/hard\libc_nano.a(lib_a-impure.o)
                              d:/stm32cubeide_1.8.0/stm32cubeide/plugins/com.st.stm32cube.ide.mcu.externaltools.gnu-tools-for-stm32.9-2020-q2-update.win32_2.0.0.202105311346/tools/bin/../lib/gcc/arm-none-eabi/9.3.1/../../../../arm-none-eabi/lib/thumb/v7e-m+fp/hard\libc_nano.a(lib_a-exit.o) (_global_impure_ptr)
d:/stm32cubeide_1.8.0/stm32cubeide/plugins/com.st.stm32cube.ide.mcu.externaltools.gnu-tools-for-stm32.9-2020-q2-update.win32_2.0.0.202105311346/tools/bin/../lib/gcc/arm-none-eabi/9.3.1/../../../../arm-none-eabi/lib/thumb/v7e-m+fp/hard\libc_nano.a(lib_a-init.o)
                              d:/stm32cubeide_1.8.0/stm32cubeide/plugins/com.st.stm32cube.ide.mcu.externaltools.gnu-tools-for-stm32.9-2020-q2-update.win32_2.0.0.202105311346/tools/bin/../lib/gcc/arm-none-eabi/9.3.1/../../../../arm-none-eabi/lib/thumb/v7e-m+fp/hard/crt0.o (__libc_init_array)
d:/stm32cubeide_1.8.0/stm32cubeide/plugins/com.st.stm32cube.ide.mcu.externaltools.gnu-tools-for-stm32.9-2020-q2-update.win32_2.0.0.202105311346/tools/bin/../lib/gcc/arm-none-eabi/9.3.1/../../../../arm-none-eabi/lib/thumb/v7e-m+fp/hard\libc_nano.a(lib_a-memcpy-stub.o)
                              ./FreeRTOS/queue.o (memcpy)
d:/stm32cubeide_1.8.0/stm32cubeide/plugins/com.st.stm32cube.ide.mcu.externaltools.gnu-tools-for-stm32.9-2020-q2-update.win32_2.0.0.202105311346/tools/bin/../lib/gcc/arm-none-eabi/9.3.1/../../../../arm-none-eabi/lib/thumb/v7e-m+fp/hard\libc_nano.a(lib_a-memset.o)
                              d:/stm32cubeide_1.8.0/stm32cubeide/plugins/com.st.stm32cube.ide.mcu.externaltools.gnu-tools-for-stm32.9-2020-q2-update.win32_2.0.0.202105311346/tools/bin/../lib/gcc/arm-none-eabi/9.3.1/../../../../arm-none-eabi/lib/thumb/v7e-m+fp/hard/crt0.o (memset)
d:/stm32cubeide_1.8.0/stm32cubeide/plugins/com.st.stm32cube.ide.mcu.externaltools.gnu-tools-for-stm32.9-2020-q2-update.win32_2.0.0.202105311346/tools/bin/../lib/gcc/arm-none-eabi/9.3.1/../../../../arm-none-eabi/lib/thumb/v7e-m+fp/hard\libc_nano.a(lib_a-sprintf.o)
                              ./Core/Src/main.o (sprintf)
d:/stm32cubeide_1.8.0/stm32cubeide/plugins/com.st.stm32cube.ide.mcu.externaltools.gnu-tools-for-stm32.9-2020-q2-update.win32_2.0.0.202105311346/tools/bin/../lib/gcc/arm-none-eabi/9.3.1/../../../../arm-none-eabi/lib/thumb/v7e-m+fp/hard\libc_nano.a(lib_a-strlen.o)
                              ./Core/Src/main.o (strlen)
d:/stm32cubeide_1.8.0/stm32cubeide/plugins/com.st.stm32cube.ide.mcu.externaltools.gnu-tools-for-stm32.9-2020-q2-update.win32_2.0.0.202105311346/tools/bin/../lib/gcc/arm-none-eabi/9.3.1/../../../../arm-none-eabi/lib/thumb/v7e-m+fp/hard\libc_nano.a(lib_a-nano-svfprintf.o)
                              d:/stm32cubeide_1.8.0/stm32cubeide/plugins/com.st.stm32cube.ide.mcu.externaltools.gnu-tools-for-stm32.9-2020-q2-update.win32_2.0.0.202105311346/tools/bin/../lib/gcc/arm-none-eabi/9.3.1/../../../../arm-none-eabi/lib/thumb/v7e-m+fp/hard\libc_nano.a(lib_a-sprintf.o) (_svfprintf_r)
d:/stm32cubeide_1.8.0/stm32cubeide/plugins/com.st.stm32cube.ide.mcu.externaltools.gnu-tools-for-stm32.9-2020-q2-update.win32_2.0.0.202105311346/tools/bin/../lib/gcc/arm-none-eabi/9.3.1/../../../../arm-none-eabi/lib/thumb/v7e-m+fp/hard\libc_nano.a(lib_a-nano-vfprintf_i.o)
                              d:/stm32cubeide_1.8.0/stm32cubeide/plugins/com.st.stm32cube.ide.mcu.externaltools.gnu-tools-for-stm32.9-2020-q2-update.win32_2.0.0.202105311346/tools/bin/../lib/gcc/arm-none-eabi/9.3.1/../../../../arm-none-eabi/lib/thumb/v7e-m+fp/hard\libc_nano.a(lib_a-nano-svfprintf.o) (_printf_i)
d:/stm32cubeide_1.8.0/stm32cubeide/plugins/com.st.stm32cube.ide.mcu.externaltools.gnu-tools-for-stm32.9-2020-q2-update.win32_2.0.0.202105311346/tools/bin/../lib/gcc/arm-none-eabi/9.3.1/../../../../arm-none-eabi/lib/thumb/v7e-m+fp/hard\libc_nano.a(lib_a-memchr.o)
[...]
Memory Configuration

Name             Origin             Length             Attributes
CCMRAM           0x0000000010000000 0x0000000000010000 xrw
RAM              0x0000000020000000 0x0000000000020000 xrw
FLASH            0x0000000008000000 0x0000000000100000 xr
*default*        0x0000000000000000 0xffffffffffffffff

Linker script and memory map

LOAD d:/stm32cubeide_1.8.0/stm32cubeide/plugins/com.st.stm32cube.ide.mcu.externaltools.gnu-tools-for-stm32.9-2020-q2-update.win32_2.0.0.202105311346/tools/bin/../lib/gcc/arm-none-eabi/9.3.1/thumb/v7e-m+fp/hard/crti.o
LOAD d:/stm32cubeide_1.8.0/stm32cubeide/plugins/com.st.stm32cube.ide.mcu.externaltools.gnu-tools-for-stm32.9-2020-q2-update.win32_2.0.0.202105311346/tools/bin/../lib/gcc/arm-none-eabi/9.3.1/thumb/v7e-m+fp/hard/crtbegin.o
LOAD d:/stm32cubeide_1.8.0/stm32cubeide/plugins/com.st.stm32cube.ide.mcu.externaltools.gnu-tools-for-stm32.9-2020-q2-update.win32_2.0.0.202105311346/tools/bin/../lib/gcc/arm-none-eabi/9.3.1/../../../../arm-none-eabi/lib/thumb/v7e-m+fp/hard/crt0.o
LOAD ./Core/Src/main.o
LOAD ./Core/Src/stm32f4xx_hal_msp.o
LOAD ./Core/Src/stm32f4xx_hal_timebase_tim.o
LOAD ./Core/Src/stm32f4xx_it.o
LOAD ./Core/Src/syscalls.o
LOAD ./Core/Src/sysmem.o
LOAD ./Core/Src/system_stm32f4xx.o
LOAD ./Core/Startup/startup_stm32f407vgtx.o
LOAD ./Drivers/STM32F4xx_HAL_Driver/Src/stm32f4xx_hal.o
LOAD ./Drivers/STM32F4xx_HAL_Driver/Src/stm32f4xx_hal_adc.o
LOAD ./Drivers/STM32F4xx_HAL_Driver/Src/stm32f4xx_hal_adc_ex.o
LOAD ./Drivers/STM32F4xx_HAL_Driver/Src/stm32f4xx_hal_cortex.o
LOAD ./Drivers/STM32F4xx_HAL_Driver/Src/stm32f4xx_hal_dma.o
LOAD ./Drivers/STM32F4xx_HAL_Driver/Src/stm32f4xx_hal_dma_ex.o
LOAD ./Drivers/STM32F4xx_HAL_Driver/Src/stm32f4xx_hal_exti.o
LOAD ./Drivers/STM32F4xx_HAL_Driver/Src/stm32f4xx_hal_flash.o
LOAD ./Drivers/STM32F4xx_HAL_Driver/Src/stm32f4xx_hal_flash_ex.o
LOAD ./Drivers/STM32F4xx_HAL_Driver/Src/stm32f4xx_hal_flash_ramfunc.o
LOAD ./Drivers/STM32F4xx_HAL_Driver/Src/stm32f4xx_hal_gpio.o
LOAD ./Drivers/STM32F4xx_HAL_Driver/Src/stm32f4xx_hal_pwr.o
LOAD ./Drivers/STM32F4xx_HAL_Driver/Src/stm32f4xx_hal_pwr_ex.o
LOAD ./Drivers/STM32F4xx_HAL_Driver/Src/stm32f4xx_hal_rcc.o
LOAD ./Drivers/STM32F4xx_HAL_Driver/Src/stm32f4xx_hal_rcc_ex.o
LOAD ./Drivers/STM32F4xx_HAL_Driver/Src/stm32f4xx_hal_tim.o
LOAD ./Drivers/STM32F4xx_HAL_Driver/Src/stm32f4xx_hal_tim_ex.o
LOAD ./Drivers/STM32F4xx_HAL_Driver/Src/stm32f4xx_hal_uart.o
LOAD ./Drivers/STM32F4xx_HAL_Driver/Src/stm32f4xx_ll_adc.o
LOAD ./FreeRTOS/croutine.o
LOAD ./FreeRTOS/event_groups.o
LOAD ./FreeRTOS/list.o
LOAD ./FreeRTOS/queue.o
LOAD ./FreeRTOS/stream_buffer.o
LOAD ./FreeRTOS/tasks.o
LOAD ./FreeRTOS/timers.o
LOAD ./FreeRTOS/portable/ARM_CM4F/port.o
LOAD ./FreeRTOS/portable/MemMang/heap_4.o
START GROUP
LOAD d:/stm32cubeide_1.8.0/stm32cubeide/plugins/com.st.stm32cube.ide.mcu.externaltools.gnu-tools-for-stm32.9-2020-q2-update.win32_2.0.0.202105311346/tools/bin/../lib/gcc/arm-none-eabi/9.3.1/../../../../arm-none-eabi/lib/thumb/v7e-m+fp/hard\libc_nano.a
LOAD d:/stm32cubeide_1.8.0/stm32cubeide/plugins/com.st.stm32cube.ide.mcu.externaltools.gnu-tools-for-stm32.9-2020-q2-update.win32_2.0.0.202105311346/tools/bin/../lib/gcc/arm-none-eabi/9.3.1/../../../../arm-none-eabi/lib/thumb/v7e-m+fp/hard\libm.a
END GROUP
START GROUP
LOAD d:/stm32cubeide_1.8.0/stm32cubeide/plugins/com.st.stm32cube.ide.mcu.externaltools.gnu-tools-for-stm32.9-2020-q2-update.win32_2.0.0.202105311346/tools/bin/../lib/gcc/arm-none-eabi/9.3.1/thumb/v7e-m+fp/hard\libgcc.a
LOAD d:/stm32cubeide_1.8.0/stm32cubeide/plugins/com.st.stm32cube.ide.mcu.externaltools.gnu-tools-for-stm32.9-2020-q2-update.win32_2.0.0.202105311346/tools/bin/../lib/gcc/arm-none-eabi/9.3.1/../../../../arm-none-eabi/lib/thumb/v7e-m+fp/hard\libc_nano.a
END GROUP
START GROUP
LOAD d:/stm32cubeide_1.8.0/stm32cubeide/plugins/com.st.stm32cube.ide.mcu.externaltools.gnu-tools-for-stm32.9-2020-q2-update.win32_2.0.0.202105311346/tools/bin/../lib/gcc/arm-none-eabi/9.3.1/thumb/v7e-m+fp/hard\libgcc.a
LOAD d:/stm32cubeide_1.8.0/stm32cubeide/plugins/com.st.stm32cube.ide.mcu.externaltools.gnu-tools-for-stm32.9-2020-q2-update.win32_2.0.0.202105311346/tools/bin/../lib/gcc/arm-none-eabi/9.3.1/../../../../arm-none-eabi/lib/thumb/v7e-m+fp/hard\libc_nano.a
LOAD d:/stm32cubeide_1.8.0/stm32cubeide/plugins/com.st.stm32cube.ide.mcu.externaltools.gnu-tools-for-stm32.9-2020-q2-update.win32_2.0.0.202105311346/tools/bin/../lib/gcc/arm-none-eabi/9.3.1/../../../../arm-none-eabi/lib/thumb/v7e-m+fp/hard\libnosys.a
END GROUP
START GROUP
LOAD d:/stm32cubeide_1.8.0/stm32cubeide/plugins/com.st.stm32cube.ide.mcu.externaltools.gnu-tools-for-stm32.9-2020-q2-update.win32_2.0.0.202105311346/tools/bin/../lib/gcc/arm-none-eabi/9.3.1/thumb/v7e-m+fp/hard\libgcc.a
LOAD d:/stm32cubeide_1.8.0/stm32cubeide/plugins/com.st.stm32cube.ide.mcu.externaltools.gnu-tools-for-stm32.9-2020-q2-update.win32_2.0.0.202105311346/tools/bin/../lib/gcc/arm-none-eabi/9.3.1/../../../../arm-none-eabi/lib/thumb/v7e-m+fp/hard\libc_nano.a
LOAD d:/stm32cubeide_1.8.0/stm32cubeide/plugins/com.st.stm32cube.ide.mcu.externaltools.gnu-tools-for-stm32.9-2020-q2-update.win32_2.0.0.202105311346/tools/bin/../lib/gcc/arm-none-eabi/9.3.1/../../../../arm-none-eabi/lib/thumb/v7e-m+fp/hard\libnosys.a
END GROUP
LOAD d:/stm32cubeide_1.8.0/stm32cubeide/plugins/com.st.stm32cube.ide.mcu.externaltools.gnu-tools-for-stm32.9-2020-q2-update.win32_2.0.0.202105311346/tools/bin/../lib/gcc/arm-none-eabi/9.3.1/thumb/v7e-m+fp/hard/crtend.o
LOAD d:/stm32cubeide_1.8.0/stm32cubeide/plugins/com.st.stm32cube.ide.mcu.externaltools.gnu-tools-for-stm32.9-2020-q2-update.win32_2.0.0.202105311346/tools/bin/../lib/gcc/arm-none-eabi/9.3.1/thumb/v7e-m+fp/hard/crtn.o
                0x0000000020020000                _estack = (ORIGIN (RAM) + LENGTH (RAM))
                0x0000000000000200                _Min_Heap_Size = 0x200
                0x0000000000000400                _Min_Stack_Size = 0x400

.isr_vector     0x0000000008000000      0x188
                0x0000000008000000                . = ALIGN (0x4)
 *(.isr_vector)
 .isr_vector    0x0000000008000000      0x188 ./Core/Startup/startup_stm32f407vgtx.o
                0x0000000008000000                g_pfnVectors
                0x0000000008000188                . = ALIGN (0x4)

.text           0x0000000008000190     0x6784
                0x0000000008000190                . = ALIGN (0x4)
 *(.text)
 .text          0x0000000008000190       0x40 d:/stm32cubeide_1.8.0/stm32cubeide/plugins/com.st.stm32cube.ide.mcu.externaltools.gnu-tools-for-stm32.9-2020-q2-update.win32_2.0.0.202105311346/tools/bin/../lib/gcc/arm-none-eabi/9.3.1/thumb/v7e-m+fp/hard/crtbegin.o
 .text          0x00000000080001d0       0x10 d:/stm32cubeide_1.8.0/stm32cubeide/plugins/com.st.stm32cube.ide.mcu.externaltools.gnu-tools-for-stm32.9-2020-q2-update.win32_2.0.0.202105311346/tools/bin/../lib/gcc/arm-none-eabi/9.3.1/../../../../arm-none-eabi/lib/thumb/v7e-m+fp/hard\libc_nano.a(lib_a-strlen.o)
                0x00000000080001d0                strlen
 .text          0x00000000080001e0       0xa0 d:/stm32cubeide_1.8.0/stm32cubeide/plugins/com.st.stm32cube.ide.mcu.externaltools.gnu-tools-for-stm32.9-2020-q2-update.win32_2.0.0.202105311346/tools/bin/../lib/gcc/arm-none-eabi/9.3.1/../../../../arm-none-eabi/lib/thumb/v7e-m+fp/hard\libc_nano.a(lib_a-memchr.o)
                0x00000000080001e0                memchr
 .text          0x0000000008000280       0x30 d:/stm32cubeide_1.8.0/stm32cubeide/plugins/com.st.stm32cube.ide.mcu.externaltools.gnu-tools-for-stm32.9-2020-q2-update.win32_2.0.0.202105311346/tools/bin/../lib/gcc/arm-none-eabi/9.3.1/thumb/v7e-m+fp/hard\libgcc.a(_aeabi_uldivmod.o)
                0x0000000008000280                __aeabi_uldivmod
 .text          0x00000000080002b0      0x2c4 d:/stm32cubeide_1.8.0/stm32cubeide/plugins/com.st.stm32cube.ide.mcu.externaltools.gnu-tools-for-stm32.9-2020-q2-update.win32_2.0.0.202105311346/tools/bin/../lib/gcc/arm-none-eabi/9.3.1/thumb/v7e-m+fp/hard\libgcc.a(_udivmoddi4.o)
                0x00000000080002b0                __udivmoddi4
 .text          0x0000000008000574        0x4 d:/stm32cubeide_1.8.0/stm32cubeide/plugins/com.st.stm32cube.ide.mcu.externaltools.gnu-tools-for-stm32.9-2020-q2-update.win32_2.0.0.202105311346/tools/bin/../lib/gcc/arm-none-eabi/9.3.1/thumb/v7e-m+fp/hard\libgcc.a(_dvmd_tls.o)
                0x0000000008000574                __aeabi_idiv0
                0x0000000008000574                __aeabi_ldiv0
 *(.text*)
 .text.joystick
                0x0000000008000578      0x2e8 ./Core/Src/main.o
                0x0000000008000578                joystick
 .text.main     0x0000000008000860       0x44 ./Core/Src/main.o
                0x0000000008000860                main
 .text.SystemClock_Config
                0x00000000080008a4       0xd4 ./Core/Src/main.o
                0x00000000080008a4                SystemClock_Config
 .text.MX_ADC1_Init
                0x0000000008000978       0xc0 ./Core/Src/main.o
 .text.MX_USART2_UART_Init
                0x0000000008000a38       0x54 ./Core/Src/main.o
 .text.MX_DMA_Init
                0x0000000008000a8c       0x40 ./Core/Src/main.o
 .text.MX_GPIO_Init
                0x0000000008000acc      0x2d4 ./Core/Src/main.o
 .text.HAL_TIM_PeriodElapsedCallback
                0x0000000008000da0       0x24 ./Core/Src/main.o
                0x0000000008000da0                HAL_TIM_PeriodElapsedCallback
 .text.Error_Handler
                0x0000000008000dc4        0xa ./Core/Src/main.o
                0x0000000008000dc4                Error_Handler
 *fill*         0x0000000008000dce        0x2 
 .text.HAL_MspInit
                0x0000000008000dd0       0x50 ./Core/Src/stm32f4xx_hal_msp.o
                0x0000000008000dd0                HAL_MspInit
 .text.HAL_ADC_MspInit
                0x0000000008000e20       0xec ./Core/Src/stm32f4xx_hal_msp.o
                0x0000000008000e20                HAL_ADC_MspInit
 .text.HAL_UART_MspInit
                0x0000000008000f0c       0x90 ./Core/Src/stm32f4xx_hal_msp.o
                0x0000000008000f0c                HAL_UART_MspInit
 .text.HAL_InitTick
                0x0000000008000f9c       0xb4 ./Core/Src/stm32f4xx_hal_timebase_tim.o
                0x0000000008000f9c                HAL_InitTick
 .text.NMI_Handler
                0x0000000008001050        0x6 ./Core/Src/stm32f4xx_it.o
                0x0000000008001050                NMI_Handler
 .text.HardFault_Handler
                0x0000000008001056        0x6 ./Core/Src/stm32f4xx_it.o
                0x0000000008001056                HardFault_Handler
 .text.MemManage_Handler
                0x000000000800105c        0x6 ./Core/Src/stm32f4xx_it.o
                0x000000000800105c                MemManage_Handler
 .text.BusFault_Handler
                0x0000000008001062        0x6 ./Core/Src/stm32f4xx_it.o
                0x0000000008001062                BusFault_Handler
 .text.UsageFault_Handler
                0x0000000008001068        0x6 ./Core/Src/stm32f4xx_it.o
                0x0000000008001068                UsageFault_Handler
 .text.DebugMon_Handler
                0x000000000800106e        0xe ./Core/Src/stm32f4xx_it.o
                0x000000000800106e                DebugMon_Handler
 .text.TIM6_DAC_IRQHandler
                0x000000000800107c       0x14 ./Core/Src/stm32f4xx_it.o
                0x000000000800107c                TIM6_DAC_IRQHandler
 .text.DMA2_Stream0_IRQHandler
                0x0000000008001090       0x14 ./Core/Src/stm32f4xx_it.o
                0x0000000008001090                DMA2_Stream0_IRQHandler
 .text._sbrk    0x00000000080010a4       0x6c ./Core/Src/sysmem.o
                0x00000000080010a4                _sbrk
 .text.SystemInit
                0x0000000008001110       0x24 ./Core/Src/system_stm32f4xx.o
                0x0000000008001110                SystemInit
 .text.Reset_Handler
                0x0000000008001134       0x50 ./Core/Startup/startup_stm32f407vgtx.o
                0x0000000008001134                Reset_Handler
 .text.Default_Handler
                0x0000000008001184        0x2 ./Core/Startup/startup_stm32f407vgtx.o
                0x0000000008001184                RTC_Alarm_IRQHandler
                0x0000000008001184                HASH_RNG_IRQHandler
                0x0000000008001184                EXTI2_IRQHandler
                0x0000000008001184                TIM8_CC_IRQHandler
                0x0000000008001184                TIM1_CC_IRQHandler
                0x0000000008001184                DMA2_Stream5_IRQHandler
                0x0000000008001184                DMA1_Stream5_IRQHandler
                0x0000000008001184                PVD_IRQHandler
                0x0000000008001184                SDIO_IRQHandler
                0x0000000008001184                TAMP_STAMP_IRQHandler
                0x0000000008001184                CAN2_RX1_IRQHandler
                0x0000000008001184                EXTI3_IRQHandler
                0x0000000008001184                TIM8_TRG_COM_TIM14_IRQHandler
                0x0000000008001184                TIM1_UP_TIM10_IRQHandler
                0x0000000008001184                TIM8_UP_TIM13_IRQHandler
                0x0000000008001184                I2C3_ER_IRQHandler
                0x0000000008001184                EXTI0_IRQHandler
                0x0000000008001184                I2C2_EV_IRQHandler
                0x0000000008001184                DMA1_Stream2_IRQHandler
                0x0000000008001184                CAN1_RX0_IRQHandler
                0x0000000008001184                FPU_IRQHandler
                0x0000000008001184                OTG_HS_WKUP_IRQHandler
                0x0000000008001184                CAN2_SCE_IRQHandler
                0x0000000008001184                DMA2_Stream2_IRQHandler
                0x0000000008001184                SPI1_IRQHandler
                0x0000000008001184                TIM1_BRK_TIM9_IRQHandler
                0x0000000008001184                DCMI_IRQHandler
                0x0000000008001184                CAN2_RX0_IRQHandler
                0x0000000008001184                DMA2_Stream3_IRQHandler
                0x0000000008001184                USART6_IRQHandler
                0x0000000008001184                USART3_IRQHandler
                0x0000000008001184                CAN1_RX1_IRQHandler
                0x0000000008001184                UART5_IRQHandler
                0x0000000008001184                TIM4_IRQHandler
                0x0000000008001184                I2C1_EV_IRQHandler
                0x0000000008001184                DMA1_Stream6_IRQHandler
                0x0000000008001184                DMA1_Stream1_IRQHandler
                0x0000000008001184                UART4_IRQHandler
                0x0000000008001184                TIM3_IRQHandler
                0x0000000008001184                RCC_IRQHandler
                0x0000000008001184                TIM8_BRK_TIM12_IRQHandler
                0x0000000008001184                Default_Handler
                0x0000000008001184                EXTI15_10_IRQHandler
                0x0000000008001184                ADC_IRQHandler
                0x0000000008001184                DMA1_Stream7_IRQHandler
                0x0000000008001184                TIM7_IRQHandler
                0x0000000008001184                CAN2_TX_IRQHandler
                0x0000000008001184                TIM5_IRQHandler
                0x0000000008001184                DMA2_Stream7_IRQHandler
                0x0000000008001184                I2C3_EV_IRQHandler
                0x0000000008001184                EXTI9_5_IRQHandler
                0x0000000008001184                RTC_WKUP_IRQHandler
                0x0000000008001184                ETH_WKUP_IRQHandler
                0x0000000008001184                SPI2_IRQHandler
                0x0000000008001184                OTG_HS_EP1_IN_IRQHandler
                0x0000000008001184                DMA1_Stream0_IRQHandler
                0x0000000008001184                CAN1_TX_IRQHandler
                0x0000000008001184                EXTI4_IRQHandler
                0x0000000008001184                FSMC_IRQHandler
                0x0000000008001184                ETH_IRQHandler
                0x0000000008001184                OTG_HS_EP1_OUT_IRQHandler
                0x0000000008001184                WWDG_IRQHandler
                0x0000000008001184                TIM2_IRQHandler
                0x0000000008001184                OTG_FS_WKUP_IRQHandler
                0x0000000008001184                TIM1_TRG_COM_TIM11_IRQHandler
                0x0000000008001184                OTG_HS_IRQHandler
                0x0000000008001184                EXTI1_IRQHandler
                0x0000000008001184                USART2_IRQHandler
                0x0000000008001184                I2C2_ER_IRQHandler
                0x0000000008001184                DMA2_Stream1_IRQHandler
                0x0000000008001184                CAN1_SCE_IRQHandler
                0x0000000008001184                FLASH_IRQHandler
                0x0000000008001184                DMA2_Stream4_IRQHandler
                0x0000000008001184                USART1_IRQHandler
                0x0000000008001184                OTG_FS_IRQHandler
                0x0000000008001184                SPI3_IRQHandler
                0x0000000008001184                DMA1_Stream4_IRQHandler
                0x0000000008001184                I2C1_ER_IRQHandler
                0x0000000008001184                DMA2_Stream6_IRQHandler
                0x0000000008001184                DMA1_Stream3_IRQHandler
 *fill*         0x0000000008001186        0x2 
 .text.HAL_Init
                0x0000000008001188       0x44 ./Drivers/STM32F4xx_HAL_Driver/Src/stm32f4xx_hal.o
                0x0000000008001188                HAL_Init
 .text.HAL_IncTick
                0x00000000080011cc       0x28 ./Drivers/STM32F4xx_HAL_Driver/Src/stm32f4xx_hal.o
                0x00000000080011cc                HAL_IncTick
 .text.HAL_GetTick
                0x00000000080011f4       0x18 ./Drivers/STM32F4xx_HAL_Driver/Src/stm32f4xx_hal.o
                0x00000000080011f4                HAL_GetTick
 .text.HAL_ADC_Init
                0x000000000800120c       0x86 ./Drivers/STM32F4xx_HAL_Driver/Src/stm32f4xx_hal_adc.o
                0x000000000800120c                HAL_ADC_Init
 *fill*         0x0000000008001292        0x2 
 .text.HAL_ADC_Start_DMA
                0x0000000008001294      0x220 ./Drivers/STM32F4xx_HAL_Driver/Src/stm32f4xx_hal_adc.o
                0x0000000008001294                HAL_ADC_Start_DMA
 .text.HAL_ADC_ConvCpltCallback
                0x00000000080014b4       0x14 ./Drivers/STM32F4xx_HAL_Driver/Src/stm32f4xx_hal_adc.o
                0x00000000080014b4                HAL_ADC_ConvCpltCallback
 .text.HAL_ADC_ConvHalfCpltCallback
                0x00000000080014c8       0x14 ./Drivers/STM32F4xx_HAL_Driver/Src/stm32f4xx_hal_adc.o
                0x00000000080014c8                HAL_ADC_ConvHalfCpltCallback
 .text.HAL_ADC_ErrorCallback
                0x00000000080014dc       0x14 ./Drivers/STM32F4xx_HAL_Driver/Src/stm32f4xx_hal_adc.o
                0x00000000080014dc                HAL_ADC_ErrorCallback
 .text.HAL_ADC_ConfigChannel
                0x00000000080014f0      0x244 ./Drivers/STM32F4xx_HAL_Driver/Src/stm32f4xx_hal_adc.o
                0x00000000080014f0                HAL_ADC_ConfigChannel
 .text.ADC_Init
                0x0000000008001734      0x1f8 ./Drivers/STM32F4xx_HAL_Driver/Src/stm32f4xx_hal_adc.o
 .text.ADC_DMAConvCplt
                0x000000000800192c       0xba ./Drivers/STM32F4xx_HAL_Driver/Src/stm32f4xx_hal_adc.o
 .text.ADC_DMAHalfConvCplt
                0x00000000080019e6       0x1c ./Drivers/STM32F4xx_HAL_Driver/Src/stm32f4xx_hal_adc.o
 .text.ADC_DMAError
                0x0000000008001a02       0x2e ./Drivers/STM32F4xx_HAL_Driver/Src/stm32f4xx_hal_adc.o
 .text.__NVIC_SetPriorityGrouping
                0x0000000008001a30       0x48 ./Drivers/STM32F4xx_HAL_Driver/Src/stm32f4xx_hal_cortex.o
 .text.__NVIC_GetPriorityGrouping
                0x0000000008001a78       0x1c ./Drivers/STM32F4xx_HAL_Driver/Src/stm32f4xx_hal_cortex.o
 .text.__NVIC_EnableIRQ
                0x0000000008001a94       0x3c ./Drivers/STM32F4xx_HAL_Driver/Src/stm32f4xx_hal_cortex.o
 .text.__NVIC_SetPriority
                0x0000000008001ad0       0x54 ./Drivers/STM32F4xx_HAL_Driver/Src/stm32f4xx_hal_cortex.o
 .text.NVIC_EncodePriority
                0x0000000008001b24       0x66 ./Drivers/STM32F4xx_HAL_Driver/Src/stm32f4xx_hal_cortex.o
 .text.HAL_NVIC_SetPriorityGrouping
                0x0000000008001b8a       0x16 ./Drivers/STM32F4xx_HAL_Driver/Src/stm32f4xx_hal_cortex.o
                0x0000000008001b8a                HAL_NVIC_SetPriorityGrouping
 .text.HAL_NVIC_SetPriority
                0x0000000008001ba0       0x38 ./Drivers/STM32F4xx_HAL_Driver/Src/stm32f4xx_hal_cortex.o
                0x0000000008001ba0                HAL_NVIC_SetPriority
 .text.HAL_NVIC_EnableIRQ
                0x0000000008001bd8       0x1c ./Drivers/STM32F4xx_HAL_Driver/Src/stm32f4xx_hal_cortex.o
                0x0000000008001bd8                HAL_NVIC_EnableIRQ
 .text.HAL_DMA_Init
                0x0000000008001bf4      0x15c ./Drivers/STM32F4xx_HAL_Driver/Src/stm32f4xx_hal_dma.o
                0x0000000008001bf4                HAL_DMA_Init
 .text.HAL_DMA_Start_IT
                0x0000000008001d50       0xb0 ./Drivers/STM32F4xx_HAL_Driver/Src/stm32f4xx_hal_dma.o
                0x0000000008001d50                HAL_DMA_Start_IT
 .text.HAL_DMA_IRQHandler
                0x0000000008001e00      0x314 ./Drivers/STM32F4xx_HAL_Driver/Src/stm32f4xx_hal_dma.o
                0x0000000008001e00                HAL_DMA_IRQHandler
 .text.DMA_SetConfig
                0x0000000008002114       0x5c ./Drivers/STM32F4xx_HAL_Driver/Src/stm32f4xx_hal_dma.o
 .text.DMA_CalcBaseAndBitshift
                0x0000000008002170       0x6c ./Drivers/STM32F4xx_HAL_Driver/Src/stm32f4xx_hal_dma.o
 .text.DMA_CheckFifoParam
                0x00000000080021dc       0xf8 ./Drivers/STM32F4xx_HAL_Driver/Src/stm32f4xx_hal_dma.o
 .text.HAL_GPIO_Init
                0x00000000080022d4      0x338 ./Drivers/STM32F4xx_HAL_Driver/Src/stm32f4xx_hal_gpio.o
                0x00000000080022d4                HAL_GPIO_Init
 .text.HAL_GPIO_ReadPin
                0x000000000800260c       0x30 ./Drivers/STM32F4xx_HAL_Driver/Src/stm32f4xx_hal_gpio.o
                0x000000000800260c                HAL_GPIO_ReadPin
 .text.HAL_GPIO_WritePin
                0x000000000800263c       0x32 ./Drivers/STM32F4xx_HAL_Driver/Src/stm32f4xx_hal_gpio.o
                0x000000000800263c                HAL_GPIO_WritePin
 *fill*         0x000000000800266e        0x2 
 .text.HAL_RCC_OscConfig
                0x0000000008002670      0x4f0 ./Drivers/STM32F4xx_HAL_Driver/Src/stm32f4xx_hal_rcc.o
                0x0000000008002670                HAL_RCC_OscConfig
 .text.HAL_RCC_ClockConfig
                0x0000000008002b60      0x1cc ./Drivers/STM32F4xx_HAL_Driver/Src/stm32f4xx_hal_rcc.o
                0x0000000008002b60                HAL_RCC_ClockConfig
 .text.HAL_RCC_GetSysClockFreq
                0x0000000008002d2c      0x16c ./Drivers/STM32F4xx_HAL_Driver/Src/stm32f4xx_hal_rcc.o
                0x0000000008002d2c                HAL_RCC_GetSysClockFreq
 .text.HAL_RCC_GetHCLKFreq
                0x0000000008002e98       0x18 ./Drivers/STM32F4xx_HAL_Driver/Src/stm32f4xx_hal_rcc.o
                0x0000000008002e98                HAL_RCC_GetHCLKFreq
 .text.HAL_RCC_GetPCLK1Freq
                0x0000000008002eb0       0x28 ./Drivers/STM32F4xx_HAL_Driver/Src/stm32f4xx_hal_rcc.o
                0x0000000008002eb0                HAL_RCC_GetPCLK1Freq
 .text.HAL_RCC_GetPCLK2Freq
                0x0000000008002ed8       0x28 ./Drivers/STM32F4xx_HAL_Driver/Src/stm32f4xx_hal_rcc.o
                0x0000000008002ed8                HAL_RCC_GetPCLK2Freq
 .text.HAL_RCC_GetClockConfig
                0x0000000008002f00       0x64 ./Drivers/STM32F4xx_HAL_Driver/Src/stm32f4xx_hal_rcc.o
                0x0000000008002f00                HAL_RCC_GetClockConfig
 .text.HAL_TIM_Base_Init
                0x0000000008002f64       0x9e ./Drivers/STM32F4xx_HAL_Driver/Src/stm32f4xx_hal_tim.o
                0x0000000008002f64                HAL_TIM_Base_Init
 .text.HAL_TIM_Base_MspInit
                0x0000000008003002       0x14 ./Drivers/STM32F4xx_HAL_Driver/Src/stm32f4xx_hal_tim.o
                0x0000000008003002                HAL_TIM_Base_MspInit
 *fill*         0x0000000008003016        0x2 
 .text.HAL_TIM_Base_Start_IT
                0x0000000008003018       0xe0 ./Drivers/STM32F4xx_HAL_Driver/Src/stm32f4xx_hal_tim.o
                0x0000000008003018                HAL_TIM_Base_Start_IT
 .text.HAL_TIM_IRQHandler
                0x00000000080030f8      0x210 ./Drivers/STM32F4xx_HAL_Driver/Src/stm32f4xx_hal_tim.o
                0x00000000080030f8                HAL_TIM_IRQHandler
 .text.HAL_TIM_OC_DelayElapsedCallback
                0x0000000008003308       0x14 ./Drivers/STM32F4xx_HAL_Driver/Src/stm32f4xx_hal_tim.o
                0x0000000008003308                HAL_TIM_OC_DelayElapsedCallback
 .text.HAL_TIM_IC_CaptureCallback
                0x000000000800331c       0x14 ./Drivers/STM32F4xx_HAL_Driver/Src/stm32f4xx_hal_tim.o
                0x000000000800331c                HAL_TIM_IC_CaptureCallback
 .text.HAL_TIM_PWM_PulseFinishedCallback
                0x0000000008003330       0x14 ./Drivers/STM32F4xx_HAL_Driver/Src/stm32f4xx_hal_tim.o
                0x0000000008003330                HAL_TIM_PWM_PulseFinishedCallback
 .text.HAL_TIM_TriggerCallback
                0x0000000008003344       0x14 ./Drivers/STM32F4xx_HAL_Driver/Src/stm32f4xx_hal_tim.o
                0x0000000008003344                HAL_TIM_TriggerCallback
 .text.TIM_Base_SetConfig
                0x0000000008003358      0x140 ./Drivers/STM32F4xx_HAL_Driver/Src/stm32f4xx_hal_tim.o
                0x0000000008003358                TIM_Base_SetConfig
 .text.HAL_TIMEx_CommutCallback
                0x0000000008003498       0x14 ./Drivers/STM32F4xx_HAL_Driver/Src/stm32f4xx_hal_tim_ex.o
                0x0000000008003498                HAL_TIMEx_CommutCallback
 .text.HAL_TIMEx_BreakCallback
                0x00000000080034ac       0x14 ./Drivers/STM32F4xx_HAL_Driver/Src/stm32f4xx_hal_tim_ex.o
                0x00000000080034ac                HAL_TIMEx_BreakCallback
 .text.HAL_UART_Init
                0x00000000080034c0       0x9a ./Drivers/STM32F4xx_HAL_Driver/Src/stm32f4xx_hal_uart.o
                0x00000000080034c0                HAL_UART_Init
 .text.HAL_UART_Transmit
                0x000000000800355a      0x124 ./Drivers/STM32F4xx_HAL_Driver/Src/stm32f4xx_hal_uart.o
                0x000000000800355a                HAL_UART_Transmit
 .text.UART_WaitOnFlagUntilTimeout
                0x000000000800367e       0xdc ./Drivers/STM32F4xx_HAL_Driver/Src/stm32f4xx_hal_uart.o
 *fill*         0x000000000800375a        0x2 
 .text.UART_SetConfig
                0x000000000800375c      0x390 ./Drivers/STM32F4xx_HAL_Driver/Src/stm32f4xx_hal_uart.o
 .text.vListInitialise
                0x0000000008003aec       0x40 ./FreeRTOS/list.o
                0x0000000008003aec                vListInitialise
 .text.vListInitialiseItem
                0x0000000008003b2c       0x1a ./FreeRTOS/list.o
                0x0000000008003b2c                vListInitialiseItem
 .text.vListInsertEnd
                0x0000000008003b46       0x48 ./FreeRTOS/list.o
                0x0000000008003b46                vListInsertEnd
 .text.vListInsert
                0x0000000008003b8e       0x72 ./FreeRTOS/list.o
                0x0000000008003b8e                vListInsert
 .text.uxListRemove
                0x0000000008003c00       0x54 ./FreeRTOS/list.o
                0x0000000008003c00                uxListRemove
 .text.xQueueGenericReset
                0x0000000008003c54       0xb6 ./FreeRTOS/queue.o
                0x0000000008003c54                xQueueGenericReset
 .text.xQueueGenericCreate
                0x0000000008003d0a       0x78 ./FreeRTOS/queue.o
                0x0000000008003d0a                xQueueGenericCreate
 .text.prvInitialiseNewQueue
                0x0000000008003d82       0x46 ./FreeRTOS/queue.o
 .text.xQueueGenericSend
                0x0000000008003dc8      0x1cc ./FreeRTOS/queue.o
                0x0000000008003dc8                xQueueGenericSend
 .text.xQueueGenericSendFromISR
                0x0000000008003f94      0x130 ./FreeRTOS/queue.o
                0x0000000008003f94                xQueueGenericSendFromISR
 .text.xQueueReceive
                0x00000000080040c4      0x1a8 ./FreeRTOS/queue.o
                0x00000000080040c4                xQueueReceive
 .text.prvCopyDataToQueue
                0x000000000800426c       0xd4 ./FreeRTOS/queue.o
 .text.prvCopyDataFromQueue
                0x0000000008004340       0x4c ./FreeRTOS/queue.o
 .text.prvUnlockQueue
                0x000000000800438c       0xa4 ./FreeRTOS/queue.o
 .text.prvIsQueueEmpty
                0x0000000008004430       0x2c ./FreeRTOS/queue.o
 .text.prvIsQueueFull
                0x000000000800445c       0x30 ./FreeRTOS/queue.o
 .text.vQueueAddToRegistry
                0x000000000800448c       0x54 ./FreeRTOS/queue.o
                0x000000000800448c                vQueueAddToRegistry
 .text.vQueueWaitForMessageRestricted
                0x00000000080044e0       0x68 ./FreeRTOS/queue.o
                0x00000000080044e0                vQueueWaitForMessageRestricted
 .text.xTaskCreate
                0x0000000008004548       0x82 ./FreeRTOS/tasks.o
                0x0000000008004548                xTaskCreate
 .text.prvInitialiseNewTask
                0x00000000080045ca      0x11e ./FreeRTOS/tasks.o
 .text.prvAddNewTaskToReadyList
                0x00000000080046e8       0xc0 ./FreeRTOS/tasks.o
 .text.vTaskDelay
                0x00000000080047a8       0x68 ./FreeRTOS/tasks.o
                0x00000000080047a8                vTaskDelay
 .text.vTaskStartScheduler
                0x0000000008004810       0x9c ./FreeRTOS/tasks.o
                0x0000000008004810                vTaskStartScheduler
 .text.vTaskSuspendAll
                0x00000000080048ac       0x1c ./FreeRTOS/tasks.o
                0x00000000080048ac                vTaskSuspendAll
 .text.xTaskResumeAll
                0x00000000080048c8      0x11c ./FreeRTOS/tasks.o
                0x00000000080048c8                xTaskResumeAll
 .text.xTaskGetTickCount
                0x00000000080049e4       0x20 ./FreeRTOS/tasks.o
                0x00000000080049e4                xTaskGetTickCount
 .text.xTaskIncrementTick
                0x0000000008004a04      0x12c ./FreeRTOS/tasks.o
                0x0000000008004a04                xTaskIncrementTick
 .text.vTaskSwitchContext
                0x0000000008004b30       0xb8 ./FreeRTOS/tasks.o
                0x0000000008004b30                vTaskSwitchContext
 .text.vTaskPlaceOnEventList
                0x0000000008004be8       0x48 ./FreeRTOS/tasks.o
                0x0000000008004be8                vTaskPlaceOnEventList
 .text.vTaskPlaceOnEventListRestricted
                0x0000000008004c30       0x58 ./FreeRTOS/tasks.o
                0x0000000008004c30                vTaskPlaceOnEventListRestricted
 .text.xTaskRemoveFromEventList
                0x0000000008004c88       0xc4 ./FreeRTOS/tasks.o
                0x0000000008004c88                xTaskRemoveFromEventList
 .text.vTaskInternalSetTimeOutState
                0x0000000008004d4c       0x2c ./FreeRTOS/tasks.o
                0x0000000008004d4c                vTaskInternalSetTimeOutState
 .text.xTaskCheckForTimeOut
                0x0000000008004d78       0xc4 ./FreeRTOS/tasks.o
                0x0000000008004d78                xTaskCheckForTimeOut
 .text.vTaskMissedYield
                0x0000000008004e3c       0x18 ./FreeRTOS/tasks.o
                0x0000000008004e3c                vTaskMissedYield
 .text.prvIdleTask
                0x0000000008004e54       0x24 ./FreeRTOS/tasks.o
 .text.prvInitialiseTaskLists
                0x0000000008004e78       0x80 ./FreeRTOS/tasks.o
 .text.prvCheckTasksWaitingTermination
                0x0000000008004ef8       0x5c ./FreeRTOS/tasks.o
 .text.prvDeleteTCB
                0x0000000008004f54       0x20 ./FreeRTOS/tasks.o
 .text.prvResetNextTaskUnblockTime
                0x0000000008004f74       0x40 ./FreeRTOS/tasks.o
 .text.xTaskGetSchedulerState
                0x0000000008004fb4       0x3c ./FreeRTOS/tasks.o
                0x0000000008004fb4                xTaskGetSchedulerState
 .text.xTaskPriorityDisinherit
                0x0000000008004ff0      0x10c ./FreeRTOS/tasks.o
                0x0000000008004ff0                xTaskPriorityDisinherit
 .text.prvAddCurrentTaskToDelayedList
                0x00000000080050fc       0xcc ./FreeRTOS/tasks.o
 .text.xTimerCreateTimerTask
                0x00000000080051c8       0x64 ./FreeRTOS/timers.o
                0x00000000080051c8                xTimerCreateTimerTask
 .text.xTimerGenericCommand
                0x000000000800522c       0x9c ./FreeRTOS/timers.o
                0x000000000800522c                xTimerGenericCommand
 .text.prvProcessExpiredTimer
                0x00000000080052c8       0x98 ./FreeRTOS/timers.o
 .text.prvTimerTask
                0x0000000008005360       0x24 ./FreeRTOS/timers.o
 .text.prvProcessTimerOrBlockTask
                0x0000000008005384       0x9c ./FreeRTOS/timers.o
 .text.prvGetNextExpireTime
                0x0000000008005420       0x48 ./FreeRTOS/timers.o
 .text.prvSampleTimeNow
                0x0000000008005468       0x40 ./FreeRTOS/timers.o
 .text.prvInsertTimerInActiveList
                0x00000000080054a8       0x84 ./FreeRTOS/timers.o
 .text.prvProcessReceivedCommands
                0x000000000800552c      0x18c ./FreeRTOS/timers.o
 .text.prvSwitchTimerLists
                0x00000000080056b8       0xc8 ./FreeRTOS/timers.o
 .text.prvCheckForValidListAndQueue
                0x0000000008005780       0x6c ./FreeRTOS/timers.o
 .text.pxPortInitialiseStack
                0x00000000080057ec       0x68 ./FreeRTOS/portable/ARM_CM4F/port.o
                0x00000000080057ec                pxPortInitialiseStack
 .text.prvTaskExitError
                0x0000000008005854       0x58 ./FreeRTOS/portable/ARM_CM4F/port.o
 *fill*         0x00000000080058ac        0x4 
 .text.SVC_Handler
                0x00000000080058b0       0x28 ./FreeRTOS/portable/ARM_CM4F/port.o
                0x00000000080058b0                SVC_Handler
 .text.prvPortStartFirstTask
                0x00000000080058d8       0x28 ./FreeRTOS/portable/ARM_CM4F/port.o
 .text.xPortStartScheduler
                0x0000000008005900      0x144 ./FreeRTOS/portable/ARM_CM4F/port.o
                0x0000000008005900                xPortStartScheduler
 .text.vPortEnterCritical
                0x0000000008005a44       0x60 ./FreeRTOS/portable/ARM_CM4F/port.o
                0x0000000008005a44                vPortEnterCritical
 .text.vPortExitCritical
                0x0000000008005aa4       0x54 ./FreeRTOS/portable/ARM_CM4F/port.o
                0x0000000008005aa4                vPortExitCritical
 *fill*         0x0000000008005af8        0x8 
 .text.PendSV_Handler
                0x0000000008005b00       0x68 ./FreeRTOS/portable/ARM_CM4F/port.o
                0x0000000008005b00                PendSV_Handler
 .text.SysTick_Handler
                0x0000000008005b68       0x44 ./FreeRTOS/portable/ARM_CM4F/port.o
                0x0000000008005b68                SysTick_Handler
 .text.vPortSetupTimerInterrupt
                0x0000000008005bac       0x48 ./FreeRTOS/portable/ARM_CM4F/port.o
                0x0000000008005bac                vPortSetupTimerInterrupt
 .text.vPortEnableVFP
                0x0000000008005bf4       0x14 ./FreeRTOS/portable/ARM_CM4F/port.o
 .text.vPortValidateInterruptPriority
                0x0000000008005c08       0x80 ./FreeRTOS/portable/ARM_CM4F/port.o
                0x0000000008005c08                vPortValidateInterruptPriority
 .text.pvPortMalloc
                0x0000000008005c88      0x188 ./FreeRTOS/portable/MemMang/heap_4.o
                0x0000000008005c88                pvPortMalloc
 .text.vPortFree
                0x0000000008005e10       0xb4 ./FreeRTOS/portable/MemMang/heap_4.o
                0x0000000008005e10                vPortFree
 .text.prvHeapInit
                0x0000000008005ec4       0xc4 ./FreeRTOS/portable/MemMang/heap_4.o
 .text.prvInsertBlockIntoFreeList
                0x0000000008005f88       0xb4 ./FreeRTOS/portable/MemMang/heap_4.o
 .text.__errno  0x000000000800603c        0xc d:/stm32cubeide_1.8.0/stm32cubeide/plugins/com.st.stm32cube.ide.mcu.externaltools.gnu-tools-for-stm32.9-2020-q2-update.win32_2.0.0.202105311346/tools/bin/../lib/gcc/arm-none-eabi/9.3.1/../../../../arm-none-eabi/lib/thumb/v7e-m+fp/hard\libc_nano.a(lib_a-errno.o)
                0x000000000800603c                __errno
 .text.__libc_init_array
                0x0000000008006048       0x48 d:/stm32cubeide_1.8.0/stm32cubeide/plugins/com.st.stm32cube.ide.mcu.externaltools.gnu-tools-for-stm32.9-2020-q2-update.win32_2.0.0.202105311346/tools/bin/../lib/gcc/arm-none-eabi/9.3.1/../../../../arm-none-eabi/lib/thumb/v7e-m+fp/hard\libc_nano.a(lib_a-init.o)
                0x0000000008006048                __libc_init_array
 .text.memcpy   0x0000000008006090       0x1c d:/stm32cubeide_1.8.0/stm32cubeide/plugins/com.st.stm32cube.ide.mcu.externaltools.gnu-tools-for-stm32.9-2020-q2-update.win32_2.0.0.202105311346/tools/bin/../lib/gcc/arm-none-eabi/9.3.1/../../../../arm-none-eabi/lib/thumb/v7e-m+fp/hard\libc_nano.a(lib_a-memcpy-stub.o)
                0x0000000008006090                memcpy
 .text.memset   0x00000000080060ac       0x10 d:/stm32cubeide_1.8.0/stm32cubeide/plugins/com.st.stm32cube.ide.mcu.externaltools.gnu-tools-for-stm32.9-2020-q2-update.win32_2.0.0.202105311346/tools/bin/../lib/gcc/arm-none-eabi/9.3.1/../../../../arm-none-eabi/lib/thumb/v7e-m+fp/hard\libc_nano.a(lib_a-memset.o)
                0x00000000080060ac                memset
 .text.sprintf  0x00000000080060bc       0x40 d:/stm32cubeide_1.8.0/stm32cubeide/plugins/com.st.stm32cube.ide.mcu.externaltools.gnu-tools-for-stm32.9-2020-q2-update.win32_2.0.0.202105311346/tools/bin/../lib/gcc/arm-none-eabi/9.3.1/../../../../arm-none-eabi/lib/thumb/v7e-m+fp/hard\libc_nano.a(lib_a-sprintf.o)
                0x00000000080060bc                siprintf
                0x00000000080060bc                sprintf
 .text.__ssputs_r
                0x00000000080060fc       0xb6 d:/stm32cubeide_1.8.0/stm32cubeide/plugins/com.st.stm32cube.ide.mcu.externaltools.gnu-tools-for-stm32.9-2020-q2-update.win32_2.0.0.202105311346/tools/bin/../lib/gcc/arm-none-eabi/9.3.1/../../../../arm-none-eabi/lib/thumb/v7e-m+fp/hard\libc_nano.a(lib_a-nano-svfprintf.o)
                0x00000000080060fc                __ssputs_r
 *fill*         0x00000000080061b2        0x2 
 .text._svfprintf_r
                0x00000000080061b4      0x200 d:/stm32cubeide_1.8.0/stm32cubeide/plugins/com.st.stm32cube.ide.mcu.externaltools.gnu-tools-for-stm32.9-2020-q2-update.win32_2.0.0.202105311346/tools/bin/../lib/gcc/arm-none-eabi/9.3.1/../../../../arm-none-eabi/lib/thumb/v7e-m+fp/hard\libc_nano.a(lib_a-nano-svfprintf.o)
                0x00000000080061b4                _svfiprintf_r
                0x00000000080061b4                _svfprintf_r
 .text._printf_common
                0x00000000080063b4       0xda d:/stm32cubeide_1.8.0/stm32cubeide/plugins/com.st.stm32cube.ide.mcu.externaltools.gnu-tools-for-stm32.9-2020-q2-update.win32_2.0.0.202105311346/tools/bin/../lib/gcc/arm-none-eabi/9.3.1/../../../../arm-none-eabi/lib/thumb/v7e-m+fp/hard\libc_nano.a(lib_a-nano-vfprintf_i.o)
                0x00000000080063b4                _printf_common
 *fill*         0x000000000800648e        0x2 
 .text._printf_i
                0x0000000008006490      0x24c d:/stm32cubeide_1.8.0/stm32cubeide/plugins/com.st.stm32cube.ide.mcu.externaltools.gnu-tools-for-stm32.9-2020-q2-update.win32_2.0.0.202105311346/tools/bin/../lib/gcc/arm-none-eabi/9.3.1/../../../../arm-none-eabi/lib/thumb/v7e-m+fp/hard\libc_nano.a(lib_a-nano-vfprintf_i.o)
                0x0000000008006490                _printf_i
 .text.memmove  0x00000000080066dc       0x34 d:/stm32cubeide_1.8.0/stm32cubeide/plugins/com.st.stm32cube.ide.mcu.externaltools.gnu-tools-for-stm32.9-2020-q2-update.win32_2.0.0.202105311346/tools/bin/../lib/gcc/arm-none-eabi/9.3.1/../../../../arm-none-eabi/lib/thumb/v7e-m+fp/hard\libc_nano.a(lib_a-memmove.o)
                0x00000000080066dc                memmove
 .text._free_r  0x0000000008006710       0xa0 d:/stm32cubeide_1.8.0/stm32cubeide/plugins/com.st.stm32cube.ide.mcu.externaltools.gnu-tools-for-stm32.9-2020-q2-update.win32_2.0.0.202105311346/tools/bin/../lib/gcc/arm-none-eabi/9.3.1/../../../../arm-none-eabi/lib/thumb/v7e-m+fp/hard\libc_nano.a(lib_a-nano-freer.o)
                0x0000000008006710                _free_r
 .text._malloc_r
                0x00000000080067b0       0xb4 d:/stm32cubeide_1.8.0/stm32cubeide/plugins/com.st.stm32cube.ide.mcu.externaltools.gnu-tools-for-stm32.9-2020-q2-update.win32_2.0.0.202105311346/tools/bin/../lib/gcc/arm-none-eabi/9.3.1/../../../../arm-none-eabi/lib/thumb/v7e-m+fp/hard\libc_nano.a(lib_a-nano-mallocr.o)
                0x00000000080067b0                _malloc_r
 .text._realloc_r
                0x0000000008006864       0x4c d:/stm32cubeide_1.8.0/stm32cubeide/plugins/com.st.stm32cube.ide.mcu.externaltools.gnu-tools-for-stm32.9-2020-q2-update.win32_2.0.0.202105311346/tools/bin/../lib/gcc/arm-none-eabi/9.3.1/../../../../arm-none-eabi/lib/thumb/v7e-m+fp/hard\libc_nano.a(lib_a-nano-reallocr.o)
                0x0000000008006864                _realloc_r
 .text._sbrk_r  0x00000000080068b0       0x20 d:/stm32cubeide_1.8.0/stm32cubeide/plugins/com.st.stm32cube.ide.mcu.externaltools.gnu-tools-for-stm32.9-2020-q2-update.win32_2.0.0.202105311346/tools/bin/../lib/gcc/arm-none-eabi/9.3.1/../../../../arm-none-eabi/lib/thumb/v7e-m+fp/hard\libc_nano.a(lib_a-sbrkr.o)
                0x00000000080068b0                _sbrk_r
 .text.__malloc_lock
                0x00000000080068d0        0xc d:/stm32cubeide_1.8.0/stm32cubeide/plugins/com.st.stm32cube.ide.mcu.externaltools.gnu-tools-for-stm32.9-2020-q2-update.win32_2.0.0.202105311346/tools/bin/../lib/gcc/arm-none-eabi/9.3.1/../../../../arm-none-eabi/lib/thumb/v7e-m+fp/hard\libc_nano.a(lib_a-mlock.o)
                0x00000000080068d0                __malloc_lock
 .text.__malloc_unlock
                0x00000000080068dc        0xc d:/stm32cubeide_1.8.0/stm32cubeide/plugins/com.st.stm32cube.ide.mcu.externaltools.gnu-tools-for-stm32.9-2020-q2-update.win32_2.0.0.202105311346/tools/bin/../lib/gcc/arm-none-eabi/9.3.1/../../../../arm-none-eabi/lib/thumb/v7e-m+fp/hard\libc_nano.a(lib_a-mlock.o)
                0x00000000080068dc                __malloc_unlock
 .text._malloc_usable_size_r
                0x00000000080068e8       0x10 d:/stm32cubeide_1.8.0/stm32cubeide/plugins/com.st.stm32cube.ide.mcu.externaltools.gnu-tools-for-stm32.9-2020-q2-update.win32_2.0.0.202105311346/tools/bin/../lib/gcc/arm-none-eabi/9.3.1/../../../../arm-none-eabi/lib/thumb/v7e-m+fp/hard\libc_nano.a(lib_a-nano-msizer.o)
                0x00000000080068e8                _malloc_usable_size_r
 .text.__retarget_lock_acquire_recursive
                0x00000000080068f8        0x2 d:/stm32cubeide_1.8.0/stm32cubeide/plugins/com.st.stm32cube.ide.mcu.externaltools.gnu-tools-for-stm32.9-2020-q2-update.win32_2.0.0.202105311346/tools/bin/../lib/gcc/arm-none-eabi/9.3.1/../../../../arm-none-eabi/lib/thumb/v7e-m+fp/hard\libc_nano.a(lib_a-lock.o)
                0x00000000080068f8                __retarget_lock_acquire_recursive
 .text.__retarget_lock_release_recursive
                0x00000000080068fa        0x2 d:/stm32cubeide_1.8.0/stm32cubeide/plugins/com.st.stm32cube.ide.mcu.externaltools.gnu-tools-for-stm32.9-2020-q2-update.win32_2.0.0.202105311346/tools/bin/../lib/gcc/arm-none-eabi/9.3.1/../../../../arm-none-eabi/lib/thumb/v7e-m+fp/hard\libc_nano.a(lib_a-lock.o)
                0x00000000080068fa                __retarget_lock_release_recursive
 *(.glue_7)
 .glue_7        0x00000000080068fc        0x0 linker stubs
 *(.glue_7t)
 .glue_7t       0x00000000080068fc        0x0 linker stubs
 *(.eh_frame)
 .eh_frame      0x00000000080068fc        0x0 d:/stm32cubeide_1.8.0/stm32cubeide/plugins/com.st.stm32cube.ide.mcu.externaltools.gnu-tools-for-stm32.9-2020-q2-update.win32_2.0.0.202105311346/tools/bin/../lib/gcc/arm-none-eabi/9.3.1/thumb/v7e-m+fp/hard/crtbegin.o
 *(.init)
 .init          0x00000000080068fc        0x4 d:/stm32cubeide_1.8.0/stm32cubeide/plugins/com.st.stm32cube.ide.mcu.externaltools.gnu-tools-for-stm32.9-2020-q2-update.win32_2.0.0.202105311346/tools/bin/../lib/gcc/arm-none-eabi/9.3.1/thumb/v7e-m+fp/hard/crti.o
                0x00000000080068fc                _init
 .init          0x0000000008006900        0x8 d:/stm32cubeide_1.8.0/stm32cubeide/plugins/com.st.stm32cube.ide.mcu.externaltools.gnu-tools-for-stm32.9-2020-q2-update.win32_2.0.0.202105311346/tools/bin/../lib/gcc/arm-none-eabi/9.3.1/thumb/v7e-m+fp/hard/crtn.o
 *(.fini)
 .fini          0x0000000008006908        0x4 d:/stm32cubeide_1.8.0/stm32cubeide/plugins/com.st.stm32cube.ide.mcu.externaltools.gnu-tools-for-stm32.9-2020-q2-update.win32_2.0.0.202105311346/tools/bin/../lib/gcc/arm-none-eabi/9.3.1/thumb/v7e-m+fp/hard/crti.o
                0x0000000008006908                _fini
 .fini          0x000000000800690c        0x8 d:/stm32cubeide_1.8.0/stm32cubeide/plugins/com.st.stm32cube.ide.mcu.externaltools.gnu-tools-for-stm32.9-2020-q2-update.win32_2.0.0.202105311346/tools/bin/../lib/gcc/arm-none-eabi/9.3.1/thumb/v7e-m+fp/hard/crtn.o
                0x0000000008006914                . = ALIGN (0x4)
                0x0000000008006914                _etext = .

.vfp11_veneer   0x0000000008006914        0x0
 .vfp11_veneer  0x0000000008006914        0x0 linker stubs

.v4_bx          0x0000000008006914        0x0
 .v4_bx         0x0000000008006914        0x0 linker stubs

.iplt           0x0000000008006914        0x0
 .iplt          0x0000000008006914        0x0 d:/stm32cubeide_1.8.0/stm32cubeide/plugins/com.st.stm32cube.ide.mcu.externaltools.gnu-tools-for-stm32.9-2020-q2-update.win32_2.0.0.202105311346/tools/bin/../lib/gcc/arm-none-eabi/9.3.1/thumb/v7e-m+fp/hard/crtbegin.o

.rodata         0x0000000008006914       0xa4
                0x0000000008006914                . = ALIGN (0x4)
 *(.rodata)
 .rodata        0x0000000008006914       0x35 ./Core/Src/main.o
 *fill*         0x0000000008006949        0x3 
 .rodata        0x000000000800694c        0x5 ./FreeRTOS/tasks.o
 *fill*         0x0000000008006951        0x3 
 .rodata        0x0000000008006954        0xd ./FreeRTOS/timers.o
 *(.rodata*)
 *fill*         0x0000000008006961        0x3 
 .rodata.AHBPrescTable
                0x0000000008006964       0x10 ./Core/Src/system_stm32f4xx.o
                0x0000000008006964                AHBPrescTable
 .rodata.APBPrescTable
                0x0000000008006974        0x8 ./Core/Src/system_stm32f4xx.o
                0x0000000008006974                APBPrescTable
 .rodata.flagBitshiftOffset.8823
                0x000000000800697c        0x8 ./Drivers/STM32F4xx_HAL_Driver/Src/stm32f4xx_hal_dma.o
 .rodata._svfprintf_r.str1.1
                0x0000000008006984       0x11 d:/stm32cubeide_1.8.0/stm32cubeide/plugins/com.st.stm32cube.ide.mcu.externaltools.gnu-tools-for-stm32.9-2020-q2-update.win32_2.0.0.202105311346/tools/bin/../lib/gcc/arm-none-eabi/9.3.1/../../../../arm-none-eabi/lib/thumb/v7e-m+fp/hard\libc_nano.a(lib_a-nano-svfprintf.o)
 .rodata._printf_i.str1.1
                0x0000000008006995       0x22 d:/stm32cubeide_1.8.0/stm32cubeide/plugins/com.st.stm32cube.ide.mcu.externaltools.gnu-tools-for-stm32.9-2020-q2-update.win32_2.0.0.202105311346/tools/bin/../lib/gcc/arm-none-eabi/9.3.1/../../../../arm-none-eabi/lib/thumb/v7e-m+fp/hard\libc_nano.a(lib_a-nano-vfprintf_i.o)
                0x00000000080069b8                . = ALIGN (0x4)
 *fill*         0x00000000080069b7        0x1 

.ARM.extab      0x00000000080069b8        0x0
                0x00000000080069b8                . = ALIGN (0x4)
 *(.ARM.extab* .gnu.linkonce.armextab.*)
                0x00000000080069b8                . = ALIGN (0x4)

.ARM            0x00000000080069b8        0x8
                0x00000000080069b8                . = ALIGN (0x4)
                0x00000000080069b8                __exidx_start = .
 *(.ARM.exidx*)
 .ARM.exidx     0x00000000080069b8        0x8 d:/stm32cubeide_1.8.0/stm32cubeide/plugins/com.st.stm32cube.ide.mcu.externaltools.gnu-tools-for-stm32.9-2020-q2-update.win32_2.0.0.202105311346/tools/bin/../lib/gcc/arm-none-eabi/9.3.1/thumb/v7e-m+fp/hard\libgcc.a(_udivmoddi4.o)
                0x00000000080069c0                __exidx_end = .
                0x00000000080069c0                . = ALIGN (0x4)

.rel.dyn        0x00000000080069c0        0x0
 .rel.iplt      0x00000000080069c0        0x0 d:/stm32cubeide_1.8.0/stm32cubeide/plugins/com.st.stm32cube.ide.mcu.externaltools.gnu-tools-for-stm32.9-2020-q2-update.win32_2.0.0.202105311346/tools/bin/../lib/gcc/arm-none-eabi/9.3.1/thumb/v7e-m+fp/hard/crtbegin.o

.preinit_array  0x00000000080069c0        0x0
                0x00000000080069c0                . = ALIGN (0x4)
                0x00000000080069c0                PROVIDE (__preinit_array_start = .)
 *(.preinit_array*)
                0x00000000080069c0                PROVIDE (__preinit_array_end = .)
                0x00000000080069c0                . = ALIGN (0x4)

.init_array     0x00000000080069c0        0x4
                0x00000000080069c0                . = ALIGN (0x4)
                0x00000000080069c0                PROVIDE (__init_array_start = .)
 *(SORT_BY_NAME(.init_array.*))
 *(.init_array*)
 .init_array    0x00000000080069c0        0x4 d:/stm32cubeide_1.8.0/stm32cubeide/plugins/com.st.stm32cube.ide.mcu.externaltools.gnu-tools-for-stm32.9-2020-q2-update.win32_2.0.0.202105311346/tools/bin/../lib/gcc/arm-none-eabi/9.3.1/thumb/v7e-m+fp/hard/crtbegin.o
                0x00000000080069c4                PROVIDE (__init_array_end = .)
                0x00000000080069c4                . = ALIGN (0x4)

.fini_array     0x00000000080069c4        0x4
                0x00000000080069c4                . = ALIGN (0x4)
                [!provide]                        PROVIDE (__fini_array_start = .)
 *(SORT_BY_NAME(.fini_array.*))
 *(.fini_array*)
 .fini_array    0x00000000080069c4        0x4 d:/stm32cubeide_1.8.0/stm32cubeide/plugins/com.st.stm32cube.ide.mcu.externaltools.gnu-tools-for-stm32.9-2020-q2-update.win32_2.0.0.202105311346/tools/bin/../lib/gcc/arm-none-eabi/9.3.1/thumb/v7e-m+fp/hard/crtbegin.o
                [!provide]                        PROVIDE (__fini_array_end = .)
                0x00000000080069c8                . = ALIGN (0x4)
                0x00000000080069c8                _sidata = LOADADDR (.data)

.data           0x0000000020000000       0x74 load address 0x00000000080069c8
                0x0000000020000000                . = ALIGN (0x4)
                0x0000000020000000                _sdata = .
 *(.data)
 *(.data*)
 .data.SystemCoreClock
                0x0000000020000000        0x4 ./Core/Src/system_stm32f4xx.o
                0x0000000020000000                SystemCoreClock
 .data.uwTickPrio
                0x0000000020000004        0x4 ./Drivers/STM32F4xx_HAL_Driver/Src/stm32f4xx_hal.o
                0x0000000020000004                uwTickPrio
 .data.uwTickFreq
                0x0000000020000008        0x1 ./Drivers/STM32F4xx_HAL_Driver/Src/stm32f4xx_hal.o
                0x0000000020000008                uwTickFreq
 *fill*         0x0000000020000009        0x3 
 .data.uxCriticalNesting
                0x000000002000000c        0x4 ./FreeRTOS/portable/ARM_CM4F/port.o
 .data._impure_ptr
                0x0000000020000010        0x4 d:/stm32cubeide_1.8.0/stm32cubeide/plugins/com.st.stm32cube.ide.mcu.externaltools.gnu-tools-for-stm32.9-2020-q2-update.win32_2.0.0.202105311346/tools/bin/../lib/gcc/arm-none-eabi/9.3.1/../../../../arm-none-eabi/lib/thumb/v7e-m+fp/hard\libc_nano.a(lib_a-impure.o)
                0x0000000020000010                _impure_ptr
 .data.impure_data
                0x0000000020000014       0x60 d:/stm32cubeide_1.8.0/stm32cubeide/plugins/com.st.stm32cube.ide.mcu.externaltools.gnu-tools-for-stm32.9-2020-q2-update.win32_2.0.0.202105311346/tools/bin/../lib/gcc/arm-none-eabi/9.3.1/../../../../arm-none-eabi/lib/thumb/v7e-m+fp/hard\libc_nano.a(lib_a-impure.o)
 *(.RamFunc)
 *(.RamFunc*)
                0x0000000020000074                . = ALIGN (0x4)
                0x0000000020000074                _edata = .
                0x0000000008006a3c                _siccmram = LOADADDR (.ccmram)

.igot.plt       0x0000000020000074        0x0 load address 0x0000000008006a3c
 .igot.plt      0x0000000020000074        0x0 d:/stm32cubeide_1.8.0/stm32cubeide/plugins/com.st.stm32cube.ide.mcu.externaltools.gnu-tools-for-stm32.9-2020-q2-update.win32_2.0.0.202105311346/tools/bin/../lib/gcc/arm-none-eabi/9.3.1/thumb/v7e-m+fp/hard/crtbegin.o

.ccmram         0x0000000010000000        0x0 load address 0x0000000008006a3c
                0x0000000010000000                . = ALIGN (0x4)
                0x0000000010000000                _sccmram = .
 *(.ccmram)
 *(.ccmram*)
                0x0000000010000000                . = ALIGN (0x4)
                0x0000000010000000                _eccmram = .
                0x0000000010000000                . = ALIGN (0x4)

.bss            0x0000000020000074    0x12f10
                0x0000000020000074                _sbss = .
                0x0000000020000074                __bss_start__ = _sbss
 *(.bss)
 .bss           0x0000000020000074       0x1c d:/stm32cubeide_1.8.0/stm32cubeide/plugins/com.st.stm32cube.ide.mcu.externaltools.gnu-tools-for-stm32.9-2020-q2-update.win32_2.0.0.202105311346/tools/bin/../lib/gcc/arm-none-eabi/9.3.1/thumb/v7e-m+fp/hard/crtbegin.o
 *(.bss*)
 .bss.__sbrk_heap_end
                0x0000000020000090        0x4 ./Core/Src/sysmem.o
 .bss.pxCurrentTCB
                0x0000000020000094        0x4 ./FreeRTOS/tasks.o
                0x0000000020000094                pxCurrentTCB
 .bss.pxReadyTasksLists
                0x0000000020000098       0x64 ./FreeRTOS/tasks.o
 .bss.xDelayedTaskList1
                0x00000000200000fc       0x14 ./FreeRTOS/tasks.o
 .bss.xDelayedTaskList2
                0x0000000020000110       0x14 ./FreeRTOS/tasks.o
 .bss.pxDelayedTaskList
                0x0000000020000124        0x4 ./FreeRTOS/tasks.o
 .bss.pxOverflowDelayedTaskList
                0x0000000020000128        0x4 ./FreeRTOS/tasks.o
 .bss.xPendingReadyList
                0x000000002000012c       0x14 ./FreeRTOS/tasks.o
 .bss.xTasksWaitingTermination
                0x0000000020000140       0x14 ./FreeRTOS/tasks.o
 .bss.uxDeletedTasksWaitingCleanUp
                0x0000000020000154        0x4 ./FreeRTOS/tasks.o
 .bss.xSuspendedTaskList
                0x0000000020000158       0x14 ./FreeRTOS/tasks.o
 .bss.uxCurrentNumberOfTasks
                0x000000002000016c        0x4 ./FreeRTOS/tasks.o
 .bss.xTickCount
                0x0000000020000170        0x4 ./FreeRTOS/tasks.o
 .bss.uxTopReadyPriority
                0x0000000020000174        0x4 ./FreeRTOS/tasks.o
 .bss.xSchedulerRunning
                0x0000000020000178        0x4 ./FreeRTOS/tasks.o
 .bss.uxPendedTicks
                0x000000002000017c        0x4 ./FreeRTOS/tasks.o
 .bss.xYieldPending
                0x0000000020000180        0x4 ./FreeRTOS/tasks.o
 .bss.xNumOfOverflows
                0x0000000020000184        0x4 ./FreeRTOS/tasks.o
 .bss.uxTaskNumber
                0x0000000020000188        0x4 ./FreeRTOS/tasks.o
 .bss.xNextTaskUnblockTime
                0x000000002000018c        0x4 ./FreeRTOS/tasks.o
 .bss.xIdleTaskHandle
                0x0000000020000190        0x4 ./FreeRTOS/tasks.o
 .bss.uxSchedulerSuspended
                0x0000000020000194        0x4 ./FreeRTOS/tasks.o
 .bss.xActiveTimerList1
                0x0000000020000198       0x14 ./FreeRTOS/timers.o
 .bss.xActiveTimerList2
                0x00000000200001ac       0x14 ./FreeRTOS/timers.o
 .bss.pxCurrentTimerList
                0x00000000200001c0        0x4 ./FreeRTOS/timers.o
 .bss.pxOverflowTimerList
                0x00000000200001c4        0x4 ./FreeRTOS/timers.o
 .bss.xTimerQueue
                0x00000000200001c8        0x4 ./FreeRTOS/timers.o
 .bss.xTimerTaskHandle
                0x00000000200001cc        0x4 ./FreeRTOS/timers.o
 .bss.xLastTime.6861
                0x00000000200001d0        0x4 ./FreeRTOS/timers.o
 .bss.ucMaxSysCallPriority
                0x00000000200001d4        0x1 ./FreeRTOS/portable/ARM_CM4F/port.o
 *fill*         0x00000000200001d5        0x3 
 .bss.ulMaxPRIGROUPValue
                0x00000000200001d8        0x4 ./FreeRTOS/portable/ARM_CM4F/port.o
 .bss.ucHeap    0x00000000200001dc    0x12c00 ./FreeRTOS/portable/MemMang/heap_4.o
 .bss.xStart    0x0000000020012ddc        0x8 ./FreeRTOS/portable/MemMang/heap_4.o
 .bss.pxEnd     0x0000000020012de4        0x4 ./FreeRTOS/portable/MemMang/heap_4.o
 .bss.xFreeBytesRemaining
                0x0000000020012de8        0x4 ./FreeRTOS/portable/MemMang/heap_4.o
 .bss.xMinimumEverFreeBytesRemaining
                0x0000000020012dec        0x4 ./FreeRTOS/portable/MemMang/heap_4.o
 .bss.xBlockAllocatedBit
                0x0000000020012df0        0x4 ./FreeRTOS/portable/MemMang/heap_4.o
 .bss.__malloc_free_list
                0x0000000020012df4        0x4 d:/stm32cubeide_1.8.0/stm32cubeide/plugins/com.st.stm32cube.ide.mcu.externaltools.gnu-tools-for-stm32.9-2020-q2-update.win32_2.0.0.202105311346/tools/bin/../lib/gcc/arm-none-eabi/9.3.1/../../../../arm-none-eabi/lib/thumb/v7e-m+fp/hard\libc_nano.a(lib_a-nano-mallocr.o)
                0x0000000020012df4                __malloc_free_list
 .bss.__malloc_sbrk_start
                0x0000000020012df8        0x4 d:/stm32cubeide_1.8.0/stm32cubeide/plugins/com.st.stm32cube.ide.mcu.externaltools.gnu-tools-for-stm32.9-2020-q2-update.win32_2.0.0.202105311346/tools/bin/../lib/gcc/arm-none-eabi/9.3.1/../../../../arm-none-eabi/lib/thumb/v7e-m+fp/hard\libc_nano.a(lib_a-nano-mallocr.o)
                0x0000000020012df8                __malloc_sbrk_start
 *(COMMON)
 COMMON         0x0000000020012dfc       0xec ./Core/Src/main.o
                0x0000000020012dfc                hadc1
                0x0000000020012e44                hdma_adc1
                0x0000000020012ea4                huart2
 COMMON         0x0000000020012ee8       0x48 ./Core/Src/stm32f4xx_hal_timebase_tim.o
                0x0000000020012ee8                htim6
 COMMON         0x0000000020012f30        0x4 ./Drivers/STM32F4xx_HAL_Driver/Src/stm32f4xx_hal.o
                0x0000000020012f30                uwTick
 COMMON         0x0000000020012f34       0x40 ./FreeRTOS/queue.o
                0x0000000020012f34                xQueueRegistry
 COMMON         0x0000000020012f74        0x4 d:/stm32cubeide_1.8.0/stm32cubeide/plugins/com.st.stm32cube.ide.mcu.externaltools.gnu-tools-for-stm32.9-2020-q2-update.win32_2.0.0.202105311346/tools/bin/../lib/gcc/arm-none-eabi/9.3.1/../../../../arm-none-eabi/lib/thumb/v7e-m+fp/hard\libc_nano.a(lib_a-reent.o)
                0x0000000020012f74                errno
 COMMON         0x0000000020012f78        0x9 d:/stm32cubeide_1.8.0/stm32cubeide/plugins/com.st.stm32cube.ide.mcu.externaltools.gnu-tools-for-stm32.9-2020-q2-update.win32_2.0.0.202105311346/tools/bin/../lib/gcc/arm-none-eabi/9.3.1/../../../../arm-none-eabi/lib/thumb/v7e-m+fp/hard\libc_nano.a(lib_a-lock.o)
                0x0000000020012f78                __lock___atexit_recursive_mutex
                0x0000000020012f79                __lock___arc4random_mutex
                0x0000000020012f7a                __lock___env_recursive_mutex
                0x0000000020012f7b                __lock___sinit_recursive_mutex
                0x0000000020012f7c                __lock___malloc_recursive_mutex
                0x0000000020012f7d                __lock___at_quick_exit_mutex
                0x0000000020012f7e                __lock___dd_hash_mutex
                0x0000000020012f7f                __lock___tz_mutex
                0x0000000020012f80                __lock___sfp_recursive_mutex
                0x0000000020012f84                . = ALIGN (0x4)
 *fill*         0x0000000020012f81        0x3 
                0x0000000020012f84                _ebss = .
                0x0000000020012f84                __bss_end__ = _ebss

._user_heap_stack
                0x0000000020012f84      0x604
                0x0000000020012f88                . = ALIGN (0x8)
 *fill*         0x0000000020012f84        0x4 
                [!provide]                        PROVIDE (end = .)
                0x0000000020012f88                PROVIDE (_end = .)
                0x0000000020013188                . = (. + _Min_Heap_Size)
 *fill*         0x0000000020012f88      0x200 
                0x0000000020013588                . = (. + _Min_Stack_Size)
 *fill*         0x0000000020013188      0x400 
                0x0000000020013588                . = ALIGN (0x8)

/DISCARD/
 libc.a(*)
 libm.a(*)
 libgcc.a(*)

.ARM.attributes
                0x0000000000000000       0x30
 *(.ARM.attributes)
 .ARM.attributes
                0x0000000000000000       0x1e d:/stm32cubeide_1.8.0/stm32cubeide/plugins/com.st.stm32cube.ide.mcu.externaltools.gnu-tools-for-stm32.9-2020-q2-update.win32_2.0.0.202105311346/tools/bin/../lib/gcc/arm-none-eabi/9.3.1/thumb/v7e-m+fp/hard/crti.o
 .ARM.attributes
                0x000000000000001e       0x34 d:/stm32cubeide_1.8.0/stm32cubeide/plugins/com.st.stm32cube.ide.mcu.externaltools.gnu-tools-for-stm32.9-2020-q2-update.win32_2.0.0.202105311346/tools/bin/../lib/gcc/arm-none-eabi/9.3.1/thumb/v7e-m+fp/hard/crtbegin.o
 .ARM.attributes
                0x0000000000000052       0x34 ./Core/Src/main.o
 .ARM.attributes
                0x0000000000000086       0x34 ./Core/Src/stm32f4xx_hal_msp.o
 .ARM.attributes
                0x00000000000000ba       0x34 ./Core/Src/stm32f4xx_hal_timebase_tim.o
 .ARM.attributes
                0x00000000000000ee       0x34 ./Core/Src/stm32f4xx_it.o
 .ARM.attributes
                0x0000000000000122       0x34 ./Core/Src/sysmem.o
 .ARM.attributes
                0x0000000000000156       0x34 ./Core/Src/system_stm32f4xx.o
 .ARM.attributes
                0x000000000000018a       0x21 ./Core/Startup/startup_stm32f407vgtx.o
 .ARM.attributes
                0x00000000000001ab       0x34 ./Drivers/STM32F4xx_HAL_Driver/Src/stm32f4xx_hal.o
 .ARM.attributes
                0x00000000000001df       0x34 ./Drivers/STM32F4xx_HAL_Driver/Src/stm32f4xx_hal_adc.o
 .ARM.attributes
                0x0000000000000213       0x34 ./Drivers/STM32F4xx_HAL_Driver/Src/stm32f4xx_hal_cortex.o
 .ARM.attributes
                0x0000000000000247       0x34 ./Drivers/STM32F4xx_HAL_Driver/Src/stm32f4xx_hal_dma.o
 .ARM.attributes
                0x000000000000027b       0x34 ./Drivers/STM32F4xx_HAL_Driver/Src/stm32f4xx_hal_gpio.o
 .ARM.attributes
                0x00000000000002af       0x34 ./Drivers/STM32F4xx_HAL_Driver/Src/stm32f4xx_hal_rcc.o
 .ARM.attributes
                0x00000000000002e3       0x34 ./Drivers/STM32F4xx_HAL_Driver/Src/stm32f4xx_hal_tim.o
 .ARM.attributes
                0x0000000000000317       0x34 ./Drivers/STM32F4xx_HAL_Driver/Src/stm32f4xx_hal_tim_ex.o
 .ARM.attributes
                0x000000000000034b       0x34 ./Drivers/STM32F4xx_HAL_Driver/Src/stm32f4xx_hal_uart.o
 .ARM.attributes
                0x000000000000037f       0x34 ./FreeRTOS/list.o
 .ARM.attributes
                0x00000000000003b3       0x34 ./FreeRTOS/queue.o
 .ARM.attributes
                0x00000000000003e7       0x34 ./FreeRTOS/tasks.o
 .ARM.attributes
                0x000000000000041b       0x34 ./FreeRTOS/timers.o
 .ARM.attributes
                0x000000000000044f       0x34 ./FreeRTOS/portable/ARM_CM4F/port.o
 .ARM.attributes
                0x0000000000000483       0x34 ./FreeRTOS/portable/MemMang/heap_4.o
 .ARM.attributes
                0x00000000000004b7       0x34 d:/stm32cubeide_1.8.0/stm32cubeide/plugins/com.st.stm32cube.ide.mcu.externaltools.gnu-tools-for-stm32.9-2020-q2-update.win32_2.0.0.202105311346/tools/bin/../lib/gcc/arm-none-eabi/9.3.1/../../../../arm-none-eabi/lib/thumb/v7e-m+fp/hard\libc_nano.a(lib_a-errno.o)
 .ARM.attributes
                0x00000000000004eb       0x32 d:/stm32cubeide_1.8.0/stm32cubeide/plugins/com.st.stm32cube.ide.mcu.externaltools.gnu-tools-for-stm32.9-2020-q2-update.win32_2.0.0.202105311346/tools/bin/../lib/gcc/arm-none-eabi/9.3.1/../../../../arm-none-eabi/lib/thumb/v7e-m+fp/hard\libc_nano.a(lib_a-impure.o)
 .ARM.attributes
                0x000000000000051d       0x34 d:/stm32cubeide_1.8.0/stm32cubeide/plugins/com.st.stm32cube.ide.mcu.externaltools.gnu-tools-for-stm32.9-2020-q2-update.win32_2.0.0.202105311346/tools/bin/../lib/gcc/arm-none-eabi/9.3.1/../../../../arm-none-eabi/lib/thumb/v7e-m+fp/hard\libc_nano.a(lib_a-init.o)
 .ARM.attributes
                0x0000000000000551       0x34 d:/stm32cubeide_1.8.0/stm32cubeide/plugins/com.st.stm32cube.ide.mcu.externaltools.gnu-tools-for-stm32.9-2020-q2-update.win32_2.0.0.202105311346/tools/bin/../lib/gcc/arm-none-eabi/9.3.1/../../../../arm-none-eabi/lib/thumb/v7e-m+fp/hard\libc_nano.a(lib_a-memcpy-stub.o)
 .ARM.attributes
                0x0000000000000585       0x34 d:/stm32cubeide_1.8.0/stm32cubeide/plugins/com.st.stm32cube.ide.mcu.externaltools.gnu-tools-for-stm32.9-2020-q2-update.win32_2.0.0.202105311346/tools/bin/../lib/gcc/arm-none-eabi/9.3.1/../../../../arm-none-eabi/lib/thumb/v7e-m+fp/hard\libc_nano.a(lib_a-memset.o)
 .ARM.attributes
                0x00000000000005b9       0x34 d:/stm32cubeide_1.8.0/stm32cubeide/plugins/com.st.stm32cube.ide.mcu.externaltools.gnu-tools-for-stm32.9-2020-q2-update.win32_2.0.0.202105311346/tools/bin/../lib/gcc/arm-none-eabi/9.3.1/../../../../arm-none-eabi/lib/thumb/v7e-m+fp/hard\libc_nano.a(lib_a-sprintf.o)
 .ARM.attributes
                0x00000000000005ed       0x17 d:/stm32cubeide_1.8.0/stm32cubeide/plugins/com.st.stm32cube.ide.mcu.externaltools.gnu-tools-for-stm32.9-2020-q2-update.win32_2.0.0.202105311346/tools/bin/../lib/gcc/arm-none-eabi/9.3.1/../../../../arm-none-eabi/lib/thumb/v7e-m+fp/hard\libc_nano.a(lib_a-strlen.o)
 .ARM.attributes
                0x0000000000000604       0x34 d:/stm32cubeide_1.8.0/stm32cubeide/plugins/com.st.stm32cube.ide.mcu.externaltools.gnu-tools-for-stm32.9-2020-q2-update.win32_2.0.0.202105311346/tools/bin/../lib/gcc/arm-none-eabi/9.3.1/../../../../arm-none-eabi/lib/thumb/v7e-m+fp/hard\libc_nano.a(lib_a-nano-svfprintf.o)
 .ARM.attributes
                0x0000000000000638       0x34 d:/stm32cubeide_1.8.0/stm32cubeide/plugins/com.st.stm32cube.ide.mcu.externaltools.gnu-tools-for-stm32.9-2020-q2-update.win32_2.0.0.202105311346/tools/bin/../lib/gcc/arm-none-eabi/9.3.1/../../../../arm-none-eabi/lib/thumb/v7e-m+fp/hard\libc_nano.a(lib_a-nano-vfprintf_i.o)
 .ARM.attributes
                0x000000000000066c       0x1c d:/stm32cubeide_1.8.0/stm32cubeide/plugins/com.st.stm32cube.ide.mcu.externaltools.gnu-tools-for-stm32.9-2020-q2-update.win32_2.0.0.202105311346/tools/bin/../lib/gcc/arm-none-eabi/9.3.1/../../../../arm-none-eabi/lib/thumb/v7e-m+fp/hard\libc_nano.a(lib_a-memchr.o)
 .ARM.attributes
                0x0000000000000688       0x34 d:/stm32cubeide_1.8.0/stm32cubeide/plugins/com.st.stm32cube.ide.mcu.externaltools.gnu-tools-for-stm32.9-2020-q2-update.win32_2.0.0.202105311346/tools/bin/../lib/gcc/arm-none-eabi/9.3.1/../../../../arm-none-eabi/lib/thumb/v7e-m+fp/hard\libc_nano.a(lib_a-memmove.o)
 .ARM.attributes
                0x00000000000006bc       0x34 d:/stm32cubeide_1.8.0/stm32cubeide/plugins/com.st.stm32cube.ide.mcu.externaltools.gnu-tools-for-stm32.9-2020-q2-update.win32_2.0.0.202105311346/tools/bin/../lib/gcc/arm-none-eabi/9.3.1/../../../../arm-none-eabi/lib/thumb/v7e-m+fp/hard\libc_nano.a(lib_a-nano-freer.o)
 .ARM.attributes
                0x00000000000006f0       0x34 d:/stm32cubeide_1.8.0/stm32cubeide/plugins/com.st.stm32cube.ide.mcu.externaltools.gnu-tools-for-stm32.9-2020-q2-update.win32_2.0.0.202105311346/tools/bin/../lib/gcc/arm-none-eabi/9.3.1/../../../../arm-none-eabi/lib/thumb/v7e-m+fp/hard\libc_nano.a(lib_a-nano-mallocr.o)
 .ARM.attributes
                0x0000000000000724       0x34 d:/stm32cubeide_1.8.0/stm32cubeide/plugins/com.st.stm32cube.ide.mcu.externaltools.gnu-tools-for-stm32.9-2020-q2-update.win32_2.0.0.202105311346/tools/bin/../lib/gcc/arm-none-eabi/9.3.1/../../../../arm-none-eabi/lib/thumb/v7e-m+fp/hard\libc_nano.a(lib_a-nano-reallocr.o)
 .ARM.attributes
                0x0000000000000758       0x34 d:/stm32cubeide_1.8.0/stm32cubeide/plugins/com.st.stm32cube.ide.mcu.externaltools.gnu-tools-for-stm32.9-2020-q2-update.win32_2.0.0.202105311346/tools/bin/../lib/gcc/arm-none-eabi/9.3.1/../../../../arm-none-eabi/lib/thumb/v7e-m+fp/hard\libc_nano.a(lib_a-sbrkr.o)
 .ARM.attributes
                0x000000000000078c       0x34 d:/stm32cubeide_1.8.0/stm32cubeide/plugins/com.st.stm32cube.ide.mcu.externaltools.gnu-tools-for-stm32.9-2020-q2-update.win32_2.0.0.202105311346/tools/bin/../lib/gcc/arm-none-eabi/9.3.1/../../../../arm-none-eabi/lib/thumb/v7e-m+fp/hard\libc_nano.a(lib_a-mlock.o)
 .ARM.attributes
                0x00000000000007c0       0x34 d:/stm32cubeide_1.8.0/stm32cubeide/plugins/com.st.stm32cube.ide.mcu.externaltools.gnu-tools-for-stm32.9-2020-q2-update.win32_2.0.0.202105311346/tools/bin/../lib/gcc/arm-none-eabi/9.3.1/../../../../arm-none-eabi/lib/thumb/v7e-m+fp/hard\libc_nano.a(lib_a-nano-msizer.o)
 .ARM.attributes
                0x00000000000007f4       0x34 d:/stm32cubeide_1.8.0/stm32cubeide/plugins/com.st.stm32cube.ide.mcu.externaltools.gnu-tools-for-stm32.9-2020-q2-update.win32_2.0.0.202105311346/tools/bin/../lib/gcc/arm-none-eabi/9.3.1/../../../../arm-none-eabi/lib/thumb/v7e-m+fp/hard\libc_nano.a(lib_a-reent.o)
 .ARM.attributes
                0x0000000000000828       0x34 d:/stm32cubeide_1.8.0/stm32cubeide/plugins/com.st.stm32cube.ide.mcu.externaltools.gnu-tools-for-stm32.9-2020-q2-update.win32_2.0.0.202105311346/tools/bin/../lib/gcc/arm-none-eabi/9.3.1/../../../../arm-none-eabi/lib/thumb/v7e-m+fp/hard\libc_nano.a(lib_a-lock.o)
 .ARM.attributes
                0x000000000000085c       0x1e d:/stm32cubeide_1.8.0/stm32cubeide/plugins/com.st.stm32cube.ide.mcu.externaltools.gnu-tools-for-stm32.9-2020-q2-update.win32_2.0.0.202105311346/tools/bin/../lib/gcc/arm-none-eabi/9.3.1/thumb/v7e-m+fp/hard\libgcc.a(_aeabi_uldivmod.o)
 .ARM.attributes
                0x000000000000087a       0x34 d:/stm32cubeide_1.8.0/stm32cubeide/plugins/com.st.stm32cube.ide.mcu.externaltools.gnu-tools-for-stm32.9-2020-q2-update.win32_2.0.0.202105311346/tools/bin/../lib/gcc/arm-none-eabi/9.3.1/thumb/v7e-m+fp/hard\libgcc.a(_udivmoddi4.o)
 .ARM.attributes
                0x00000000000008ae       0x1e d:/stm32cubeide_1.8.0/stm32cubeide/plugins/com.st.stm32cube.ide.mcu.externaltools.gnu-tools-for-stm32.9-2020-q2-update.win32_2.0.0.202105311346/tools/bin/../lib/gcc/arm-none-eabi/9.3.1/thumb/v7e-m+fp/hard\libgcc.a(_dvmd_tls.o)
 .ARM.attributes
                0x00000000000008cc       0x1e d:/stm32cubeide_1.8.0/stm32cubeide/plugins/com.st.stm32cube.ide.mcu.externaltools.gnu-tools-for-stm32.9-2020-q2-update.win32_2.0.0.202105311346/tools/bin/../lib/gcc/arm-none-eabi/9.3.1/thumb/v7e-m+fp/hard/crtn.o
OUTPUT(Final_project.elf elf32-littlearm)
LOAD linker stubs
LOAD d:/stm32cubeide_1.8.0/stm32cubeide/plugins/com.st.stm32cube.ide.mcu.externaltools.gnu-tools-for-stm32.9-2020-q2-update.win32_2.0.0.202105311346/tools/bin/../lib/gcc/arm-none-eabi/9.3.1/../../../../arm-none-eabi/lib/thumb/v7e-m+fp/hard\libc.a
LOAD d:/stm32cubeide_1.8.0/stm32cubeide/plugins/com.st.stm32cube.ide.mcu.externaltools.gnu-tools-for-stm32.9-2020-q2-update.win32_2.0.0.202105311346/tools/bin/../lib/gcc/arm-none-eabi/9.3.1/../../../../arm-none-eabi/lib/thumb/v7e-m+fp/hard\libm.a
LOAD d:/stm32cubeide_1.8.0/stm32cubeide/plugins/com.st.stm32cube.ide.mcu.externaltools.gnu-tools-for-stm32.9-2020-q2-update.win32_2.0.0.202105311346/tools/bin/../lib/gcc/arm-none-eabi/9.3.1/thumb/v7e-m+fp/hard\libgcc.a

.debug_info     0x0000000000000000    0x17e1d
 .debug_info    0x0000000000000000     0x1e8e ./Core/Src/main.o
 .debug_info    0x0000000000001e8e      0xd2c ./Core/Src/stm32f4xx_hal_msp.o
 .debug_info    0x0000000000002bba      0xc6c ./Core/Src/stm32f4xx_hal_timebase_tim.o
 .debug_info    0x0000000000003826      0x7e9 ./Core/Src/stm32f4xx_it.o
 .debug_info    0x000000000000400f      0xa25 ./Core/Src/sysmem.o
 .debug_info    0x0000000000004a34      0x5a4 ./Core/Src/system_stm32f4xx.o
 .debug_info    0x0000000000004fd8       0x22 ./Core/Startup/startup_stm32f407vgtx.o
 .debug_info    0x0000000000004ffa      0x9b2 ./Drivers/STM32F4xx_HAL_Driver/Src/stm32f4xx_hal.o
 .debug_info    0x00000000000059ac      0xdbc ./Drivers/STM32F4xx_HAL_Driver/Src/stm32f4xx_hal_adc.o
 .debug_info    0x0000000000006768      0xed7 ./Drivers/STM32F4xx_HAL_Driver/Src/stm32f4xx_hal_cortex.o
 .debug_info    0x000000000000763f      0x9f1 ./Drivers/STM32F4xx_HAL_Driver/Src/stm32f4xx_hal_dma.o
 .debug_info    0x0000000000008030      0x83e ./Drivers/STM32F4xx_HAL_Driver/Src/stm32f4xx_hal_gpio.o
 .debug_info    0x000000000000886e      0x996 ./Drivers/STM32F4xx_HAL_Driver/Src/stm32f4xx_hal_rcc.o
 .debug_info    0x0000000000009204     0x2c22 ./Drivers/STM32F4xx_HAL_Driver/Src/stm32f4xx_hal_tim.o
 .debug_info    0x000000000000be26     0x15a2 ./Drivers/STM32F4xx_HAL_Driver/Src/stm32f4xx_hal_tim_ex.o
 .debug_info    0x000000000000d3c8     0x31de ./Drivers/STM32F4xx_HAL_Driver/Src/stm32f4xx_hal_uart.o
 .debug_info    0x00000000000105a6      0xb82 ./FreeRTOS/list.o
 .debug_info    0x0000000000011128     0x1f3f ./FreeRTOS/queue.o
 .debug_info    0x0000000000013067     0x274b ./FreeRTOS/tasks.o
 .debug_info    0x00000000000157b2     0x1501 ./FreeRTOS/timers.o
 .debug_info    0x0000000000016cb3      0x4f1 ./FreeRTOS/portable/ARM_CM4F/port.o
 .debug_info    0x00000000000171a4      0xc79 ./FreeRTOS/portable/MemMang/heap_4.o

.debug_abbrev   0x0000000000000000     0x31d5
 .debug_abbrev  0x0000000000000000      0x322 ./Core/Src/main.o
 .debug_abbrev  0x0000000000000322      0x1ac ./Core/Src/stm32f4xx_hal_msp.o
 .debug_abbrev  0x00000000000004ce      0x1bf ./Core/Src/stm32f4xx_hal_timebase_tim.o
 .debug_abbrev  0x000000000000068d      0x176 ./Core/Src/stm32f4xx_it.o
 .debug_abbrev  0x0000000000000803      0x1bf ./Core/Src/sysmem.o
 .debug_abbrev  0x00000000000009c2      0x145 ./Core/Src/system_stm32f4xx.o
 .debug_abbrev  0x0000000000000b07       0x12 ./Core/Startup/startup_stm32f407vgtx.o
 .debug_abbrev  0x0000000000000b19      0x1ed ./Drivers/STM32F4xx_HAL_Driver/Src/stm32f4xx_hal.o
 .debug_abbrev  0x0000000000000d06      0x22f ./Drivers/STM32F4xx_HAL_Driver/Src/stm32f4xx_hal_adc.o
 .debug_abbrev  0x0000000000000f35      0x33c ./Drivers/STM32F4xx_HAL_Driver/Src/stm32f4xx_hal_cortex.o
 .debug_abbrev  0x0000000000001271      0x259 ./Drivers/STM32F4xx_HAL_Driver/Src/stm32f4xx_hal_dma.o
 .debug_abbrev  0x00000000000014ca      0x1f1 ./Drivers/STM32F4xx_HAL_Driver/Src/stm32f4xx_hal_gpio.o
 .debug_abbrev  0x00000000000016bb      0x275 ./Drivers/STM32F4xx_HAL_Driver/Src/stm32f4xx_hal_rcc.o
 .debug_abbrev  0x0000000000001930      0x25e ./Drivers/STM32F4xx_HAL_Driver/Src/stm32f4xx_hal_tim.o
 .debug_abbrev  0x0000000000001b8e      0x266 ./Drivers/STM32F4xx_HAL_Driver/Src/stm32f4xx_hal_tim_ex.o
 .debug_abbrev  0x0000000000001df4      0x2eb ./Drivers/STM32F4xx_HAL_Driver/Src/stm32f4xx_hal_uart.o
 .debug_abbrev  0x00000000000020df      0x1f7 ./FreeRTOS/list.o
 .debug_abbrev  0x00000000000022d6      0x362 ./FreeRTOS/queue.o
 .debug_abbrev  0x0000000000002638      0x39c ./FreeRTOS/tasks.o
 .debug_abbrev  0x00000000000029d4      0x2fd ./FreeRTOS/timers.o
 .debug_abbrev  0x0000000000002cd1      0x231 ./FreeRTOS/portable/ARM_CM4F/port.o
 .debug_abbrev  0x0000000000002f02      0x2d3 ./FreeRTOS/portable/MemMang/heap_4.o

.debug_aranges  0x0000000000000000     0x1238
 .debug_aranges
                0x0000000000000000       0x70 ./Core/Src/main.o
 .debug_aranges
                0x0000000000000070       0x40 ./Core/Src/stm32f4xx_hal_msp.o
 .debug_aranges
                0x00000000000000b0       0x30 ./Core/Src/stm32f4xx_hal_timebase_tim.o
 .debug_aranges
                0x00000000000000e0       0x58 ./Core/Src/stm32f4xx_it.o
 .debug_aranges
                0x0000000000000138       0x20 ./Core/Src/sysmem.o
 .debug_aranges
                0x0000000000000158       0x28 ./Core/Src/system_stm32f4xx.o
 .debug_aranges
                0x0000000000000180       0x28 ./Core/Startup/startup_stm32f407vgtx.o
 .debug_aranges
                0x00000000000001a8       0xf0 ./Drivers/STM32F4xx_HAL_Driver/Src/stm32f4xx_hal.o
 .debug_aranges
                0x0000000000000298       0xe8 ./Drivers/STM32F4xx_HAL_Driver/Src/stm32f4xx_hal_adc.o
 .debug_aranges
                0x0000000000000380      0x118 ./Drivers/STM32F4xx_HAL_Driver/Src/stm32f4xx_hal_cortex.o
 .debug_aranges
                0x0000000000000498       0x90 ./Drivers/STM32F4xx_HAL_Driver/Src/stm32f4xx_hal_dma.o
 .debug_aranges
                0x0000000000000528       0x58 ./Drivers/STM32F4xx_HAL_Driver/Src/stm32f4xx_hal_gpio.o
 .debug_aranges
                0x0000000000000580       0x88 ./Drivers/STM32F4xx_HAL_Driver/Src/stm32f4xx_hal_rcc.o
 .debug_aranges
                0x0000000000000608      0x3d0 ./Drivers/STM32F4xx_HAL_Driver/Src/stm32f4xx_hal_tim.o
 .debug_aranges
                0x00000000000009d8      0x168 ./Drivers/STM32F4xx_HAL_Driver/Src/stm32f4xx_hal_tim_ex.o
 .debug_aranges
                0x0000000000000b40      0x200 ./Drivers/STM32F4xx_HAL_Driver/Src/stm32f4xx_hal_uart.o
 .debug_aranges
                0x0000000000000d40       0x40 ./FreeRTOS/list.o
 .debug_aranges
                0x0000000000000d80      0x130 ./FreeRTOS/queue.o
 .debug_aranges
                0x0000000000000eb0      0x1e8 ./FreeRTOS/tasks.o
 .debug_aranges
                0x0000000000001098       0xd0 ./FreeRTOS/timers.o
 .debug_aranges
                0x0000000000001168       0x80 ./FreeRTOS/portable/ARM_CM4F/port.o
 .debug_aranges
                0x00000000000011e8       0x50 ./FreeRTOS/portable/MemMang/heap_4.o

.debug_ranges   0x0000000000000000     0x1110
 .debug_ranges  0x0000000000000000       0x60 ./Core/Src/main.o
 .debug_ranges  0x0000000000000060       0x30 ./Core/Src/stm32f4xx_hal_msp.o
 .debug_ranges  0x0000000000000090       0x20 ./Core/Src/stm32f4xx_hal_timebase_tim.o
 .debug_ranges  0x00000000000000b0       0x48 ./Core/Src/stm32f4xx_it.o
 .debug_ranges  0x00000000000000f8       0x10 ./Core/Src/sysmem.o
 .debug_ranges  0x0000000000000108       0x18 ./Core/Src/system_stm32f4xx.o
 .debug_ranges  0x0000000000000120       0x20 ./Core/Startup/startup_stm32f407vgtx.o
 .debug_ranges  0x0000000000000140       0xe0 ./Drivers/STM32F4xx_HAL_Driver/Src/stm32f4xx_hal.o
 .debug_ranges  0x0000000000000220       0xd8 ./Drivers/STM32F4xx_HAL_Driver/Src/stm32f4xx_hal_adc.o
 .debug_ranges  0x00000000000002f8      0x108 ./Drivers/STM32F4xx_HAL_Driver/Src/stm32f4xx_hal_cortex.o
 .debug_ranges  0x0000000000000400       0x80 ./Drivers/STM32F4xx_HAL_Driver/Src/stm32f4xx_hal_dma.o
 .debug_ranges  0x0000000000000480       0x48 ./Drivers/STM32F4xx_HAL_Driver/Src/stm32f4xx_hal_gpio.o
 .debug_ranges  0x00000000000004c8       0x78 ./Drivers/STM32F4xx_HAL_Driver/Src/stm32f4xx_hal_rcc.o
 .debug_ranges  0x0000000000000540      0x3c0 ./Drivers/STM32F4xx_HAL_Driver/Src/stm32f4xx_hal_tim.o
 .debug_ranges  0x0000000000000900      0x158 ./Drivers/STM32F4xx_HAL_Driver/Src/stm32f4xx_hal_tim_ex.o
 .debug_ranges  0x0000000000000a58      0x220 ./Drivers/STM32F4xx_HAL_Driver/Src/stm32f4xx_hal_uart.o
 .debug_ranges  0x0000000000000c78       0x30 ./FreeRTOS/list.o
 .debug_ranges  0x0000000000000ca8      0x120 ./FreeRTOS/queue.o
 .debug_ranges  0x0000000000000dc8      0x1d8 ./FreeRTOS/tasks.o
 .debug_ranges  0x0000000000000fa0       0xc0 ./FreeRTOS/timers.o
 .debug_ranges  0x0000000000001060       0x70 ./FreeRTOS/portable/ARM_CM4F/port.o
 .debug_ranges  0x00000000000010d0       0x40 ./FreeRTOS/portable/MemMang/heap_4.o

.debug_macro    0x0000000000000000    0x23ffb
 .debug_macro   0x0000000000000000      0x40f ./Core/Src/main.o
 .debug_macro   0x000000000000040f      0xaa8 ./Core/Src/main.o
 .debug_macro   0x0000000000000eb7      0x2a1 ./Core/Src/main.o
 .debug_macro   0x0000000000001158       0x2e ./Core/Src/main.o
 .debug_macro   0x0000000000001186       0x2f ./Core/Src/main.o
 .debug_macro   0x00000000000011b5       0x22 ./Core/Src/main.o
 .debug_macro   0x00000000000011d7       0x8e ./Core/Src/main.o
 .debug_macro   0x0000000000001265       0x51 ./Core/Src/main.o
 .debug_macro   0x00000000000012b6      0x103 ./Core/Src/main.o
 .debug_macro   0x00000000000013b9       0x6a ./Core/Src/main.o
 .debug_macro   0x0000000000001423      0x1df ./Core/Src/main.o
 .debug_macro   0x0000000000001602       0x1c ./Core/Src/main.o
 .debug_macro   0x000000000000161e       0x22 ./Core/Src/main.o
 .debug_macro   0x0000000000001640       0xdf ./Core/Src/main.o
 .debug_macro   0x000000000000171f     0x102d ./Core/Src/main.o
 .debug_macro   0x000000000000274c      0x11f ./Core/Src/main.o
 .debug_macro   0x000000000000286b    0x15e58 ./Core/Src/main.o
 .debug_macro   0x00000000000186c3       0x6d ./Core/Src/main.o
 .debug_macro   0x0000000000018730     0x3666 ./Core/Src/main.o
 .debug_macro   0x000000000001bd96      0x174 ./Core/Src/main.o
 .debug_macro   0x000000000001bf0a       0x5c ./Core/Src/main.o
 .debug_macro   0x000000000001bf66      0x96b ./Core/Src/main.o
 .debug_macro   0x000000000001c8d1      0x9fe ./Core/Src/main.o
 .debug_macro   0x000000000001d2cf      0x116 ./Core/Src/main.o
 .debug_macro   0x000000000001d3e5      0x13e ./Core/Src/main.o
 .debug_macro   0x000000000001d523       0xa5 ./Core/Src/main.o
 .debug_macro   0x000000000001d5c8      0x174 ./Core/Src/main.o
 .debug_macro   0x000000000001d73c      0x287 ./Core/Src/main.o
 .debug_macro   0x000000000001d9c3       0x5f ./Core/Src/main.o
 .debug_macro   0x000000000001da22      0x236 ./Core/Src/main.o
 .debug_macro   0x000000000001dc58      0xb5b ./Core/Src/main.o
 .debug_macro   0x000000000001e7b3      0x38b ./Core/Src/main.o
 .debug_macro   0x000000000001eb3e      0x176 ./Core/Src/main.o
 .debug_macro   0x000000000001ecb4       0xf9 ./Core/Src/main.o
 .debug_macro   0x000000000001edad      0x12c ./Core/Src/main.o
 .debug_macro   0x000000000001eed9      0x21e ./Core/Src/main.o
 .debug_macro   0x000000000001f0f7       0x2e ./Core/Src/main.o
 .debug_macro   0x000000000001f125      0x11a ./Core/Src/main.o
 .debug_macro   0x000000000001f23f       0x7e ./Core/Src/main.o
 .debug_macro   0x000000000001f2bd       0x89 ./Core/Src/main.o
 .debug_macro   0x000000000001f346      0x8d1 ./Core/Src/main.o
 .debug_macro   0x000000000001fc17       0x47 ./Core/Src/main.o
 .debug_macro   0x000000000001fc5e      0x295 ./Core/Src/main.o
 .debug_macro   0x000000000001fef3      0x12d ./Core/Src/main.o
 .debug_macro   0x0000000000020020      0x190 ./Core/Src/main.o
 .debug_macro   0x00000000000201b0      0x106 ./Core/Src/main.o
 .debug_macro   0x00000000000202b6      0x15a ./Core/Src/main.o
 .debug_macro   0x0000000000020410       0xe4 ./Core/Src/main.o
 .debug_macro   0x00000000000204f4       0x1c ./Core/Src/main.o
 .debug_macro   0x0000000000020510       0x26 ./Core/Src/main.o
 .debug_macro   0x0000000000020536      0x4d3 ./Core/Src/main.o
 .debug_macro   0x0000000000020a09       0xb5 ./Core/Src/main.o
 .debug_macro   0x0000000000020abe       0xaa ./Core/Src/main.o
 .debug_macro   0x0000000000020b68       0x80 ./Core/Src/main.o
 .debug_macro   0x0000000000020be8       0x52 ./Core/Src/main.o
 .debug_macro   0x0000000000020c3a       0x18 ./Core/Src/main.o
 .debug_macro   0x0000000000020c52       0x3c ./Core/Src/main.o
 .debug_macro   0x0000000000020c8e       0x34 ./Core/Src/main.o
 .debug_macro   0x0000000000020cc2       0x16 ./Core/Src/main.o
 .debug_macro   0x0000000000020cd8       0x35 ./Core/Src/main.o
 .debug_macro   0x0000000000020d0d      0x333 ./Core/Src/main.o
 .debug_macro   0x0000000000021040       0x10 ./Core/Src/main.o
 .debug_macro   0x0000000000021050       0x16 ./Core/Src/main.o
 .debug_macro   0x0000000000021066       0x43 ./Core/Src/main.o
 .debug_macro   0x00000000000210a9       0x34 ./Core/Src/main.o
 .debug_macro   0x00000000000210dd       0x10 ./Core/Src/main.o
 .debug_macro   0x00000000000210ed       0x58 ./Core/Src/main.o
 .debug_macro   0x0000000000021145       0x71 ./Core/Src/main.o
 .debug_macro   0x00000000000211b6       0x1c ./Core/Src/main.o
 .debug_macro   0x00000000000211d2      0x12a ./Core/Src/main.o
 .debug_macro   0x00000000000212fc       0x10 ./Core/Src/main.o
 .debug_macro   0x000000000002130c       0x1c ./Core/Src/main.o
 .debug_macro   0x0000000000021328       0x52 ./Core/Src/main.o
 .debug_macro   0x000000000002137a       0x22 ./Core/Src/main.o
 .debug_macro   0x000000000002139c       0x10 ./Core/Src/main.o
 .debug_macro   0x00000000000213ac       0x40 ./Core/Src/main.o
 .debug_macro   0x00000000000213ec       0xd5 ./Core/Src/main.o
 .debug_macro   0x00000000000214c1       0x1c ./Core/Src/main.o
 .debug_macro   0x00000000000214dd       0x3d ./Core/Src/main.o
 .debug_macro   0x000000000002151a       0x16 ./Core/Src/main.o
 .debug_macro   0x0000000000021530      0x145 ./Core/Src/main.o
 .debug_macro   0x0000000000021675       0x16 ./Core/Src/main.o
 .debug_macro   0x000000000002168b       0x20 ./Core/Src/main.o
 .debug_macro   0x00000000000216ab      0x205 ./Core/Src/stm32f4xx_hal_msp.o
 .debug_macro   0x00000000000218b0      0x1f6 ./Core/Src/stm32f4xx_hal_timebase_tim.o
 .debug_macro   0x0000000000021aa6      0x20f ./Core/Src/stm32f4xx_it.o
 .debug_macro   0x0000000000021cb5       0xff ./Core/Src/sysmem.o
 .debug_macro   0x0000000000021db4      0x23b ./Core/Src/sysmem.o
 .debug_macro   0x0000000000021fef      0x1f6 ./Core/Src/system_stm32f4xx.o
 .debug_macro   0x00000000000221e5      0x256 ./Drivers/STM32F4xx_HAL_Driver/Src/stm32f4xx_hal.o
 .debug_macro   0x000000000002243b      0x1f7 ./Drivers/STM32F4xx_HAL_Driver/Src/stm32f4xx_hal_adc.o
 .debug_macro   0x0000000000022632      0x1f6 ./Drivers/STM32F4xx_HAL_Driver/Src/stm32f4xx_hal_cortex.o
 .debug_macro   0x0000000000022828      0x1fc ./Drivers/STM32F4xx_HAL_Driver/Src/stm32f4xx_hal_dma.o
 .debug_macro   0x0000000000022a24      0x1fc ./Drivers/STM32F4xx_HAL_Driver/Src/stm32f4xx_hal_gpio.o
 .debug_macro   0x0000000000022c20      0x21a ./Drivers/STM32F4xx_HAL_Driver/Src/stm32f4xx_hal_rcc.o
 .debug_macro   0x0000000000022e3a      0x1f7 ./Drivers/STM32F4xx_HAL_Driver/Src/stm32f4xx_hal_tim.o
 .debug_macro   0x0000000000023031      0x1f6 ./Drivers/STM32F4xx_HAL_Driver/Src/stm32f4xx_hal_tim_ex.o
 .debug_macro   0x0000000000023227      0x1f7 ./Drivers/STM32F4xx_HAL_Driver/Src/stm32f4xx_hal_uart.o
 .debug_macro   0x000000000002341e      0x187 ./FreeRTOS/list.o
 .debug_macro   0x00000000000235a5      0x216 ./FreeRTOS/queue.o
 .debug_macro   0x00000000000237bb      0x279 ./FreeRTOS/tasks.o
 .debug_macro   0x0000000000023a34       0x10 ./FreeRTOS/tasks.o
 .debug_macro   0x0000000000023a44      0x1dc ./FreeRTOS/timers.o
 .debug_macro   0x0000000000023c20       0x97 ./FreeRTOS/timers.o
 .debug_macro   0x0000000000023cb7      0x196 ./FreeRTOS/portable/ARM_CM4F/port.o
 .debug_macro   0x0000000000023e4d      0x1ae ./FreeRTOS/portable/MemMang/heap_4.o

.debug_line     0x0000000000000000    0x15043
 .debug_line    0x0000000000000000      0xd8e ./Core/Src/main.o
 .debug_line    0x0000000000000d8e      0x7bd ./Core/Src/stm32f4xx_hal_msp.o
 .debug_line    0x000000000000154b      0x761 ./Core/Src/stm32f4xx_hal_timebase_tim.o
 .debug_line    0x0000000000001cac      0x7b6 ./Core/Src/stm32f4xx_it.o
 .debug_line    0x0000000000002462      0x4e9 ./Core/Src/sysmem.o
 .debug_line    0x000000000000294b      0x783 ./Core/Src/system_stm32f4xx.o
 .debug_line    0x00000000000030ce       0x88 ./Core/Startup/startup_stm32f407vgtx.o
 .debug_line    0x0000000000003156      0x9e9 ./Drivers/STM32F4xx_HAL_Driver/Src/stm32f4xx_hal.o
 .debug_line    0x0000000000003b3f     0x1273 ./Drivers/STM32F4xx_HAL_Driver/Src/stm32f4xx_hal_adc.o
 .debug_line    0x0000000000004db2      0xc98 ./Drivers/STM32F4xx_HAL_Driver/Src/stm32f4xx_hal_cortex.o
 .debug_line    0x0000000000005a4a      0xf4e ./Drivers/STM32F4xx_HAL_Driver/Src/stm32f4xx_hal_dma.o
 .debug_line    0x0000000000006998      0xb5f ./Drivers/STM32F4xx_HAL_Driver/Src/stm32f4xx_hal_gpio.o
 .debug_line    0x00000000000074f7      0xd63 ./Drivers/STM32F4xx_HAL_Driver/Src/stm32f4xx_hal_rcc.o
 .debug_line    0x000000000000825a     0x36dd ./Drivers/STM32F4xx_HAL_Driver/Src/stm32f4xx_hal_tim.o
 .debug_line    0x000000000000b937     0x19e6 ./Drivers/STM32F4xx_HAL_Driver/Src/stm32f4xx_hal_tim_ex.o
 .debug_line    0x000000000000d31d     0x2a70 ./Drivers/STM32F4xx_HAL_Driver/Src/stm32f4xx_hal_uart.o
 .debug_line    0x000000000000fd8d      0x6dd ./FreeRTOS/list.o
 .debug_line    0x000000000001046a     0x14c9 ./FreeRTOS/queue.o
 .debug_line    0x0000000000011933     0x1ab8 ./FreeRTOS/tasks.o
 .debug_line    0x00000000000133eb      0xbf8 ./FreeRTOS/timers.o
 .debug_line    0x0000000000013fe3      0x7c1 ./FreeRTOS/portable/ARM_CM4F/port.o
 .debug_line    0x00000000000147a4      0x89f ./FreeRTOS/portable/MemMang/heap_4.o

.debug_str      0x0000000000000000    0xdfbad
 .debug_str     0x0000000000000000    0xd94d4 ./Core/Src/main.o
                                      0xd990e (size before relaxing)
 .debug_str     0x00000000000d94d4       0x7d ./Core/Src/stm32f4xx_hal_msp.o
                                      0xd093d (size before relaxing)
 .debug_str     0x00000000000d9551       0xaa ./Core/Src/stm32f4xx_hal_timebase_tim.o
                                      0xd06fb (size before relaxing)
 .debug_str     0x00000000000d95fb       0xbe ./Core/Src/stm32f4xx_it.o
                                      0xd0759 (size before relaxing)
 .debug_str     0x00000000000d96b9      0x369 ./Core/Src/sysmem.o
                                       0x6295 (size before relaxing)
 .debug_str     0x00000000000d9a22       0xaf ./Core/Src/system_stm32f4xx.o
                                      0xcfc6e (size before relaxing)
 .debug_str     0x00000000000d9ad1       0x36 ./Core/Startup/startup_stm32f407vgtx.o
                                         0x66 (size before relaxing)
 .debug_str     0x00000000000d9b07      0x542 ./Drivers/STM32F4xx_HAL_Driver/Src/stm32f4xx_hal.o
                                      0xd0750 (size before relaxing)
 .debug_str     0x00000000000da049      0x29d ./Drivers/STM32F4xx_HAL_Driver/Src/stm32f4xx_hal_adc.o
                                      0xd021a (size before relaxing)
 .debug_str     0x00000000000da2e6      0x392 ./Drivers/STM32F4xx_HAL_Driver/Src/stm32f4xx_hal_cortex.o
                                      0xd053f (size before relaxing)
 .debug_str     0x00000000000da678      0x31d ./Drivers/STM32F4xx_HAL_Driver/Src/stm32f4xx_hal_dma.o
                                      0xd0098 (size before relaxing)
 .debug_str     0x00000000000da995      0x15f ./Drivers/STM32F4xx_HAL_Driver/Src/stm32f4xx_hal_gpio.o
                                      0xcfe15 (size before relaxing)
 .debug_str     0x00000000000daaf4      0x24f ./Drivers/STM32F4xx_HAL_Driver/Src/stm32f4xx_hal_rcc.o
                                      0xd0070 (size before relaxing)
 .debug_str     0x00000000000dad43      0xe25 ./Drivers/STM32F4xx_HAL_Driver/Src/stm32f4xx_hal_tim.o
                                      0xd0f9d (size before relaxing)
 .debug_str     0x00000000000dbb68      0x538 ./Drivers/STM32F4xx_HAL_Driver/Src/stm32f4xx_hal_tim_ex.o
                                      0xd074e (size before relaxing)
 .debug_str     0x00000000000dc0a0      0x604 ./Drivers/STM32F4xx_HAL_Driver/Src/stm32f4xx_hal_uart.o
                                      0xd05f6 (size before relaxing)
 .debug_str     0x00000000000dc6a4      0x23a ./FreeRTOS/list.o
                                       0xab44 (size before relaxing)
 .debug_str     0x00000000000dc8de      0x8d6 ./FreeRTOS/queue.o
                                       0xc234 (size before relaxing)
 .debug_str     0x00000000000dd1b4     0x1aea ./FreeRTOS/tasks.o
                                       0xcecf (size before relaxing)
 .debug_str     0x00000000000dec9e      0x4fd ./FreeRTOS/timers.o
                                       0xc647 (size before relaxing)
 .debug_str     0x00000000000df19b      0x7e0 ./FreeRTOS/portable/ARM_CM4F/port.o
                                       0x867f (size before relaxing)
 .debug_str     0x00000000000df97b      0x232 ./FreeRTOS/portable/MemMang/heap_4.o
                                       0xb337 (size before relaxing)

.comment        0x0000000000000000       0x53
 .comment       0x0000000000000000       0x53 ./Core/Src/main.o
                                         0x54 (size before relaxing)
 .comment       0x0000000000000053       0x54 ./Core/Src/stm32f4xx_hal_msp.o
 .comment       0x0000000000000053       0x54 ./Core/Src/stm32f4xx_hal_timebase_tim.o
 .comment       0x0000000000000053       0x54 ./Core/Src/stm32f4xx_it.o
 .comment       0x0000000000000053       0x54 ./Core/Src/sysmem.o
 .comment       0x0000000000000053       0x54 ./Core/Src/system_stm32f4xx.o
 .comment       0x0000000000000053       0x54 ./Drivers/STM32F4xx_HAL_Driver/Src/stm32f4xx_hal.o
 .comment       0x0000000000000053       0x54 ./Drivers/STM32F4xx_HAL_Driver/Src/stm32f4xx_hal_adc.o
 .comment       0x0000000000000053       0x54 ./Drivers/STM32F4xx_HAL_Driver/Src/stm32f4xx_hal_cortex.o
 .comment       0x0000000000000053       0x54 ./Drivers/STM32F4xx_HAL_Driver/Src/stm32f4xx_hal_dma.o
 .comment       0x0000000000000053       0x54 ./Drivers/STM32F4xx_HAL_Driver/Src/stm32f4xx_hal_gpio.o
 .comment       0x0000000000000053       0x54 ./Drivers/STM32F4xx_HAL_Driver/Src/stm32f4xx_hal_rcc.o
 .comment       0x0000000000000053       0x54 ./Drivers/STM32F4xx_HAL_Driver/Src/stm32f4xx_hal_tim.o
 .comment       0x0000000000000053       0x54 ./Drivers/STM32F4xx_HAL_Driver/Src/stm32f4xx_hal_tim_ex.o
 .comment       0x0000000000000053       0x54 ./Drivers/STM32F4xx_HAL_Driver/Src/stm32f4xx_hal_uart.o
 .comment       0x0000000000000053       0x54 ./FreeRTOS/list.o
 .comment       0x0000000000000053       0x54 ./FreeRTOS/queue.o