Archive member included to satisfy reference by file (symbol)

c:/st/stm32cubeide_1.8.0/stm32cubeide/plugins/com.st.stm32cube.ide.mcu.externaltools.gnu-tools-for-stm32.9-2020-q2-update.win32_2.0.0.202105311346/tools/bin/../lib/gcc/arm-none-eabi/9.3.1/../../../../arm-none-eabi/lib/thumb/v7e-m+fp/hard\libc_nano.a(lib_a-errno.o)
                              ./Core/Src/syscalls.o (__errno)
c:/st/stm32cubeide_1.8.0/stm32cubeide/plugins/com.st.stm32cube.ide.mcu.externaltools.gnu-tools-for-stm32.9-2020-q2-update.win32_2.0.0.202105311346/tools/bin/../lib/gcc/arm-none-eabi/9.3.1/../../../../arm-none-eabi/lib/thumb/v7e-m+fp/hard\libc_nano.a(lib_a-exit.o)
                              c:/st/stm32cubeide_1.8.0/stm32cubeide/plugins/com.st.stm32cube.ide.mcu.externaltools.gnu-tools-for-stm32.9-2020-q2-update.win32_2.0.0.202105311346/tools/bin/../lib/gcc/arm-none-eabi/9.3.1/../../../../arm-none-eabi/lib/thumb/v7e-m+fp/hard/crt0.o (exit)
c:/st/stm32cubeide_1.8.0/stm32cubeide/plugins/com.st.stm32cube.ide.mcu.externaltools.gnu-tools-for-stm32.9-2020-q2-update.win32_2.0.0.202105311346/tools/bin/../lib/gcc/arm-none-eabi/9.3.1/../../../../arm-none-eabi/lib/thumb/v7e-m+fp/hard\libc_nano.a(lib_a-impure.o)
                              c:/st/stm32cubeide_1.8.0/stm32cubeide/plugins/com.st.stm32cube.ide.mcu.externaltools.gnu-tools-for-stm32.9-2020-q2-update.win32_2.0.0.202105311346/tools/bin/../lib/gcc/arm-none-eabi/9.3.1/../../../../arm-none-eabi/lib/thumb/v7e-m+fp/hard\libc_nano.a(lib_a-exit.o) (_global_impure_ptr)
c:/st/stm32cubeide_1.8.0/stm32cubeide/plugins/com.st.stm32cube.ide.mcu.externaltools.gnu-tools-for-stm32.9-2020-q2-update.win32_2.0.0.202105311346/tools/bin/../lib/gcc/arm-none-eabi/9.3.1/../../../../arm-none-eabi/lib/thumb/v7e-m+fp/hard\libc_nano.a(lib_a-init.o)
                              c:/st/stm32cubeide_1.8.0/stm32cubeide/plugins/com.st.stm32cube.ide.mcu.externaltools.gnu-tools-for-stm32.9-2020-q2-update.win32_2.0.0.202105311346/tools/bin/../lib/gcc/arm-none-eabi/9.3.1/../../../../arm-none-eabi/lib/thumb/v7e-m+fp/hard/crt0.o (__libc_init_array)
c:/st/stm32cubeide_1.8.0/stm32cubeide/plugins/com.st.stm32cube.ide.mcu.externaltools.gnu-tools-for-stm32.9-2020-q2-update.win32_2.0.0.202105311346/tools/bin/../lib/gcc/arm-none-eabi/9.3.1/../../../../arm-none-eabi/lib/thumb/v7e-m+fp/hard\libc_nano.a(lib_a-memcpy-stub.o)
                              ./FreeRTOS/queue.o (memcpy)
c:/st/stm32cubeide_1.8.0/stm32cubeide/plugins/com.st.stm32cube.ide.mcu.externaltools.gnu-tools-for-stm32.9-2020-q2-update.win32_2.0.0.202105311346/tools/bin/../lib/gcc/arm-none-eabi/9.3.1/../../../../arm-none-eabi/lib/thumb/v7e-m+fp/hard\libc_nano.a(lib_a-memset.o)
                              c:/st/stm32cubeide_1.8.0/stm32cubeide/plugins/com.st.stm32cube.ide.mcu.externaltools.gnu-tools-for-stm32.9-2020-q2-update.win32_2.0.0.202105311346/tools/bin/../lib/gcc/arm-none-eabi/9.3.1/../../../../arm-none-eabi/lib/thumb/v7e-m+fp/hard/crt0.o (memset)
c:/st/stm32cubeide_1.8.0/stm32cubeide/plugins/com.st.stm32cube.ide.mcu.externaltools.gnu-tools-for-stm32.9-2020-q2-update.win32_2.0.0.202105311346/tools/bin/../lib/gcc/arm-none-eabi/9.3.1/../../../../arm-none-eabi/lib/thumb/v7e-m+fp/hard\libc_nano.a(lib_a-sprintf.o)
                              ./Core/Src/main.o (sprintf)
c:/st/stm32cubeide_1.8.0/stm32cubeide/plugins/com.st.stm32cube.ide.mcu.externaltools.gnu-tools-for-stm32.9-2020-q2-update.win32_2.0.0.202105311346/tools/bin/../lib/gcc/arm-none-eabi/9.3.1/../../../../arm-none-eabi/lib/thumb/v7e-m+fp/hard\libc_nano.a(lib_a-strlen.o)
                              ./Core/Src/main.o (strlen)
c:/st/stm32cubeide_1.8.0/stm32cubeide/plugins/com.st.stm32cube.ide.mcu.externaltools.gnu-tools-for-stm32.9-2020-q2-update.win32_2.0.0.202105311346/tools/bin/../lib/gcc/arm-none-eabi/9.3.1/../../../../arm-none-eabi/lib/thumb/v7e-m+fp/hard\libc_nano.a(lib_a-nano-svfprintf.o)
                              c:/st/stm32cubeide_1.8.0/stm32cubeide/plugins/com.st.stm32cube.ide.mcu.externaltools.gnu-tools-for-stm32.9-2020-q2-update.win32_2.0.0.202105311346/tools/bin/../lib/gcc/arm-none-eabi/9.3.1/../../../../arm-none-eabi/lib/thumb/v7e-m+fp/hard\libc_nano.a(lib_a-sprintf.o) (_svfprintf_r)
c:/st/stm32cubeide_1.8.0/stm32cubeide/plugins/com.st.stm32cube.ide.mcu.externaltools.gnu-tools-for-stm32.9-2020-q2-update.win32_2.0.0.202105311346/tools/bin/../lib/gcc/arm-none-eabi/9.3.1/../../../../arm-none-eabi/lib/thumb/v7e-m+fp/hard\libc_nano.a(lib_a-nano-vfprintf_i.o)
                              c:/st/stm32cubeide_1.8.0/stm32cubeide/plugins/com.st.stm32cube.ide.mcu.externaltools.gnu-tools-for-stm32.9-2020-q2-update.win32_2.0.0.202105311346/tools/bin/../lib/gcc/arm-none-eabi/9.3.1/../../../../arm-none-eabi/lib/thumb/v7e-m+fp/hard\libc_nano.a(lib_a-nano-svfprintf.o) (_printf_i)
[...]
Memory Configuration

Name             Origin             Length             Attributes
CCMRAM           0x0000000010000000 0x0000000000010000 xrw
RAM              0x0000000020000000 0x0000000000020000 xrw
FLASH            0x0000000008000000 0x0000000000100000 xr
*default*        0x0000000000000000 0xffffffffffffffff

Linker script and memory map

LOAD c:/st/stm32cubeide_1.8.0/stm32cubeide/plugins/com.st.stm32cube.ide.mcu.externaltools.gnu-tools-for-stm32.9-2020-q2-update.win32_2.0.0.202105311346/tools/bin/../lib/gcc/arm-none-eabi/9.3.1/thumb/v7e-m+fp/hard/crti.o
LOAD c:/st/stm32cubeide_1.8.0/stm32cubeide/plugins/com.st.stm32cube.ide.mcu.externaltools.gnu-tools-for-stm32.9-2020-q2-update.win32_2.0.0.202105311346/tools/bin/../lib/gcc/arm-none-eabi/9.3.1/thumb/v7e-m+fp/hard/crtbegin.o
LOAD c:/st/stm32cubeide_1.8.0/stm32cubeide/plugins/com.st.stm32cube.ide.mcu.externaltools.gnu-tools-for-stm32.9-2020-q2-update.win32_2.0.0.202105311346/tools/bin/../lib/gcc/arm-none-eabi/9.3.1/../../../../arm-none-eabi/lib/thumb/v7e-m+fp/hard/crt0.o
LOAD ./Core/Src/main.o
LOAD ./Core/Src/stm32f4xx_hal_msp.o
LOAD ./Core/Src/stm32f4xx_hal_timebase_tim.o
LOAD ./Core/Src/stm32f4xx_it.o
LOAD ./Core/Src/syscalls.o
LOAD ./Core/Src/sysmem.o
LOAD ./Core/Src/system_stm32f4xx.o
LOAD ./Core/Startup/startup_stm32f407vgtx.o
LOAD ./Drivers/STM32F4xx_HAL_Driver/Src/stm32f4xx_hal.o
LOAD ./Drivers/STM32F4xx_HAL_Driver/Src/stm32f4xx_hal_adc.o
LOAD ./Drivers/STM32F4xx_HAL_Driver/Src/stm32f4xx_hal_adc_ex.o
LOAD ./Drivers/STM32F4xx_HAL_Driver/Src/stm32f4xx_hal_cortex.o
LOAD ./Drivers/STM32F4xx_HAL_Driver/Src/stm32f4xx_hal_dma.o
LOAD ./Drivers/STM32F4xx_HAL_Driver/Src/stm32f4xx_hal_dma_ex.o
LOAD ./Drivers/STM32F4xx_HAL_Driver/Src/stm32f4xx_hal_exti.o
LOAD ./Drivers/STM32F4xx_HAL_Driver/Src/stm32f4xx_hal_flash.o
LOAD ./Drivers/STM32F4xx_HAL_Driver/Src/stm32f4xx_hal_flash_ex.o
LOAD ./Drivers/STM32F4xx_HAL_Driver/Src/stm32f4xx_hal_flash_ramfunc.o
LOAD ./Drivers/STM32F4xx_HAL_Driver/Src/stm32f4xx_hal_gpio.o
LOAD ./Drivers/STM32F4xx_HAL_Driver/Src/stm32f4xx_hal_pcd.o
LOAD ./Drivers/STM32F4xx_HAL_Driver/Src/stm32f4xx_hal_pcd_ex.o
LOAD ./Drivers/STM32F4xx_HAL_Driver/Src/stm32f4xx_hal_pwr.o
LOAD ./Drivers/STM32F4xx_HAL_Driver/Src/stm32f4xx_hal_pwr_ex.o
LOAD ./Drivers/STM32F4xx_HAL_Driver/Src/stm32f4xx_hal_rcc.o
LOAD ./Drivers/STM32F4xx_HAL_Driver/Src/stm32f4xx_hal_rcc_ex.o
LOAD ./Drivers/STM32F4xx_HAL_Driver/Src/stm32f4xx_hal_tim.o
LOAD ./Drivers/STM32F4xx_HAL_Driver/Src/stm32f4xx_hal_tim_ex.o
LOAD ./Drivers/STM32F4xx_HAL_Driver/Src/stm32f4xx_hal_uart.o
LOAD ./Drivers/STM32F4xx_HAL_Driver/Src/stm32f4xx_ll_adc.o
LOAD ./Drivers/STM32F4xx_HAL_Driver/Src/stm32f4xx_ll_usb.o
LOAD ./FreeRTOS/croutine.o
LOAD ./FreeRTOS/event_groups.o
LOAD ./FreeRTOS/list.o
LOAD ./FreeRTOS/queue.o
LOAD ./FreeRTOS/stream_buffer.o
LOAD ./FreeRTOS/tasks.o
LOAD ./FreeRTOS/timers.o
LOAD ./FreeRTOS/portable/ARM_CM4F/port.o
LOAD ./FreeRTOS/portable/MemMang/heap_4.o
LOAD ./Middlewares/ST/STM32_USB_Device_Library/Class/HID/Src/usbd_hid.o
LOAD ./Middlewares/ST/STM32_USB_Device_Library/Core/Src/usbd_core.o
LOAD ./Middlewares/ST/STM32_USB_Device_Library/Core/Src/usbd_ctlreq.o
LOAD ./Middlewares/ST/STM32_USB_Device_Library/Core/Src/usbd_ioreq.o
LOAD ./USB_DEVICE/App/usb_device.o
LOAD ./USB_DEVICE/App/usbd_desc.o
LOAD ./USB_DEVICE/Target/usbd_conf.o
START GROUP
LOAD c:/st/stm32cubeide_1.8.0/stm32cubeide/plugins/com.st.stm32cube.ide.mcu.externaltools.gnu-tools-for-stm32.9-2020-q2-update.win32_2.0.0.202105311346/tools/bin/../lib/gcc/arm-none-eabi/9.3.1/../../../../arm-none-eabi/lib/thumb/v7e-m+fp/hard\libc_nano.a
LOAD c:/st/stm32cubeide_1.8.0/stm32cubeide/plugins/com.st.stm32cube.ide.mcu.externaltools.gnu-tools-for-stm32.9-2020-q2-update.win32_2.0.0.202105311346/tools/bin/../lib/gcc/arm-none-eabi/9.3.1/../../../../arm-none-eabi/lib/thumb/v7e-m+fp/hard\libm.a
END GROUP
START GROUP
LOAD c:/st/stm32cubeide_1.8.0/stm32cubeide/plugins/com.st.stm32cube.ide.mcu.externaltools.gnu-tools-for-stm32.9-2020-q2-update.win32_2.0.0.202105311346/tools/bin/../lib/gcc/arm-none-eabi/9.3.1/thumb/v7e-m+fp/hard\libgcc.a
LOAD c:/st/stm32cubeide_1.8.0/stm32cubeide/plugins/com.st.stm32cube.ide.mcu.externaltools.gnu-tools-for-stm32.9-2020-q2-update.win32_2.0.0.202105311346/tools/bin/../lib/gcc/arm-none-eabi/9.3.1/../../../../arm-none-eabi/lib/thumb/v7e-m+fp/hard\libc_nano.a
END GROUP
START GROUP
LOAD c:/st/stm32cubeide_1.8.0/stm32cubeide/plugins/com.st.stm32cube.ide.mcu.externaltools.gnu-tools-for-stm32.9-2020-q2-update.win32_2.0.0.202105311346/tools/bin/../lib/gcc/arm-none-eabi/9.3.1/thumb/v7e-m+fp/hard\libgcc.a
LOAD c:/st/stm32cubeide_1.8.0/stm32cubeide/plugins/com.st.stm32cube.ide.mcu.externaltools.gnu-tools-for-stm32.9-2020-q2-update.win32_2.0.0.202105311346/tools/bin/../lib/gcc/arm-none-eabi/9.3.1/../../../../arm-none-eabi/lib/thumb/v7e-m+fp/hard\libc_nano.a
LOAD c:/st/stm32cubeide_1.8.0/stm32cubeide/plugins/com.st.stm32cube.ide.mcu.externaltools.gnu-tools-for-stm32.9-2020-q2-update.win32_2.0.0.202105311346/tools/bin/../lib/gcc/arm-none-eabi/9.3.1/../../../../arm-none-eabi/lib/thumb/v7e-m+fp/hard\libnosys.a
END GROUP
START GROUP
LOAD c:/st/stm32cubeide_1.8.0/stm32cubeide/plugins/com.st.stm32cube.ide.mcu.externaltools.gnu-tools-for-stm32.9-2020-q2-update.win32_2.0.0.202105311346/tools/bin/../lib/gcc/arm-none-eabi/9.3.1/thumb/v7e-m+fp/hard\libgcc.a
LOAD c:/st/stm32cubeide_1.8.0/stm32cubeide/plugins/com.st.stm32cube.ide.mcu.externaltools.gnu-tools-for-stm32.9-2020-q2-update.win32_2.0.0.202105311346/tools/bin/../lib/gcc/arm-none-eabi/9.3.1/../../../../arm-none-eabi/lib/thumb/v7e-m+fp/hard\libc_nano.a
LOAD c:/st/stm32cubeide_1.8.0/stm32cubeide/plugins/com.st.stm32cube.ide.mcu.externaltools.gnu-tools-for-stm32.9-2020-q2-update.win32_2.0.0.202105311346/tools/bin/../lib/gcc/arm-none-eabi/9.3.1/../../../../arm-none-eabi/lib/thumb/v7e-m+fp/hard\libnosys.a
END GROUP
LOAD c:/st/stm32cubeide_1.8.0/stm32cubeide/plugins/com.st.stm32cube.ide.mcu.externaltools.gnu-tools-for-stm32.9-2020-q2-update.win32_2.0.0.202105311346/tools/bin/../lib/gcc/arm-none-eabi/9.3.1/thumb/v7e-m+fp/hard/crtend.o
LOAD c:/st/stm32cubeide_1.8.0/stm32cubeide/plugins/com.st.stm32cube.ide.mcu.externaltools.gnu-tools-for-stm32.9-2020-q2-update.win32_2.0.0.202105311346/tools/bin/../lib/gcc/arm-none-eabi/9.3.1/thumb/v7e-m+fp/hard/crtn.o
                0x0000000020020000                _estack = (ORIGIN (RAM) + LENGTH (RAM))
                0x0000000000000200                _Min_Heap_Size = 0x200
                0x0000000000000400                _Min_Stack_Size = 0x400

.isr_vector     0x0000000008000000      0x188
                0x0000000008000000                . = ALIGN (0x4)
 *(.isr_vector)
 .isr_vector    0x0000000008000000      0x188 ./Core/Startup/startup_stm32f407vgtx.o
                0x0000000008000000                g_pfnVectors
                0x0000000008000188                . = ALIGN (0x4)

.text           0x0000000008000190     0xac84
                0x0000000008000190                . = ALIGN (0x4)
 *(.text)
 .text          0x0000000008000190       0x40 c:/st/stm32cubeide_1.8.0/stm32cubeide/plugins/com.st.stm32cube.ide.mcu.externaltools.gnu-tools-for-stm32.9-2020-q2-update.win32_2.0.0.202105311346/tools/bin/../lib/gcc/arm-none-eabi/9.3.1/thumb/v7e-m+fp/hard/crtbegin.o
 .text          0x00000000080001d0       0x10 c:/st/stm32cubeide_1.8.0/stm32cubeide/plugins/com.st.stm32cube.ide.mcu.externaltools.gnu-tools-for-stm32.9-2020-q2-update.win32_2.0.0.202105311346/tools/bin/../lib/gcc/arm-none-eabi/9.3.1/../../../../arm-none-eabi/lib/thumb/v7e-m+fp/hard\libc_nano.a(lib_a-strlen.o)
                0x00000000080001d0                strlen
 .text          0x00000000080001e0       0xa0 c:/st/stm32cubeide_1.8.0/stm32cubeide/plugins/com.st.stm32cube.ide.mcu.externaltools.gnu-tools-for-stm32.9-2020-q2-update.win32_2.0.0.202105311346/tools/bin/../lib/gcc/arm-none-eabi/9.3.1/../../../../arm-none-eabi/lib/thumb/v7e-m+fp/hard\libc_nano.a(lib_a-memchr.o)
                0x00000000080001e0                memchr
 .text          0x0000000008000280       0x30 c:/st/stm32cubeide_1.8.0/stm32cubeide/plugins/com.st.stm32cube.ide.mcu.externaltools.gnu-tools-for-stm32.9-2020-q2-update.win32_2.0.0.202105311346/tools/bin/../lib/gcc/arm-none-eabi/9.3.1/thumb/v7e-m+fp/hard\libgcc.a(_aeabi_uldivmod.o)
                0x0000000008000280                __aeabi_uldivmod
 .text          0x00000000080002b0      0x2c4 c:/st/stm32cubeide_1.8.0/stm32cubeide/plugins/com.st.stm32cube.ide.mcu.externaltools.gnu-tools-for-stm32.9-2020-q2-update.win32_2.0.0.202105311346/tools/bin/../lib/gcc/arm-none-eabi/9.3.1/thumb/v7e-m+fp/hard\libgcc.a(_udivmoddi4.o)
                0x00000000080002b0                __udivmoddi4
 .text          0x0000000008000574        0x4 c:/st/stm32cubeide_1.8.0/stm32cubeide/plugins/com.st.stm32cube.ide.mcu.externaltools.gnu-tools-for-stm32.9-2020-q2-update.win32_2.0.0.202105311346/tools/bin/../lib/gcc/arm-none-eabi/9.3.1/thumb/v7e-m+fp/hard\libgcc.a(_dvmd_tls.o)
                0x0000000008000574                __aeabi_idiv0
                0x0000000008000574                __aeabi_ldiv0
 *(.text*)
 .text.User_Init
                0x0000000008000578       0x4c ./Core/Src/main.o
                0x0000000008000578                User_Init
 .text.Get_Key_State
                0x00000000080005c4       0xdc ./Core/Src/main.o
                0x00000000080005c4                Get_Key_State
 .text.Send_mouse_msg
                0x00000000080006a0       0x1c ./Core/Src/main.o
                0x00000000080006a0                Send_mouse_msg
 .text.mouse    0x00000000080006bc      0x168 ./Core/Src/main.o
                0x00000000080006bc                mouse
 .text.blerec   0x0000000008000824       0x78 ./Core/Src/main.o
                0x0000000008000824                blerec
 .text.main     0x000000000800089c       0x88 ./Core/Src/main.o
                0x000000000800089c                main
 .text.SystemClock_Config
                0x0000000008000924       0xd0 ./Core/Src/main.o
                0x0000000008000924                SystemClock_Config
 .text.MX_ADC1_Init
                0x00000000080009f4       0xc0 ./Core/Src/main.o
 .text.MX_USART2_UART_Init
                0x0000000008000ab4       0x54 ./Core/Src/main.o
 .text.MX_USART3_UART_Init
                0x0000000008000b08       0x54 ./Core/Src/main.o
 .text.MX_GPIO_Init
                0x0000000008000b5c      0x280 ./Core/Src/main.o
 .text.HAL_TIM_PeriodElapsedCallback
                0x0000000008000ddc       0x24 ./Core/Src/main.o
                0x0000000008000ddc                HAL_TIM_PeriodElapsedCallback
 .text.Error_Handler
                0x0000000008000e00        0xa ./Core/Src/main.o
                0x0000000008000e00                Error_Handler
 *fill*         0x0000000008000e0a        0x2 
 .text.HAL_MspInit
                0x0000000008000e0c       0x50 ./Core/Src/stm32f4xx_hal_msp.o
                0x0000000008000e0c                HAL_MspInit
 .text.HAL_ADC_MspInit
                0x0000000008000e5c       0x88 ./Core/Src/stm32f4xx_hal_msp.o
                0x0000000008000e5c                HAL_ADC_MspInit
 .text.HAL_UART_MspInit
                0x0000000008000ee4      0x140 ./Core/Src/stm32f4xx_hal_msp.o
                0x0000000008000ee4                HAL_UART_MspInit
 .text.HAL_InitTick
                0x0000000008001024       0xb4 ./Core/Src/stm32f4xx_hal_timebase_tim.o
                0x0000000008001024                HAL_InitTick
 .text.NMI_Handler
                0x00000000080010d8        0x6 ./Core/Src/stm32f4xx_it.o
                0x00000000080010d8                NMI_Handler
 .text.HardFault_Handler
                0x00000000080010de        0x6 ./Core/Src/stm32f4xx_it.o
                0x00000000080010de                HardFault_Handler
 .text.MemManage_Handler
                0x00000000080010e4        0x6 ./Core/Src/stm32f4xx_it.o
                0x00000000080010e4                MemManage_Handler
 .text.BusFault_Handler
                0x00000000080010ea        0x6 ./Core/Src/stm32f4xx_it.o
                0x00000000080010ea                BusFault_Handler
 .text.UsageFault_Handler
                0x00000000080010f0        0x6 ./Core/Src/stm32f4xx_it.o
                0x00000000080010f0                UsageFault_Handler
 .text.DebugMon_Handler
                0x00000000080010f6        0xe ./Core/Src/stm32f4xx_it.o
                0x00000000080010f6                DebugMon_Handler
 .text.TIM7_IRQHandler
                0x0000000008001104       0x14 ./Core/Src/stm32f4xx_it.o
                0x0000000008001104                TIM7_IRQHandler
 .text.OTG_FS_IRQHandler
                0x0000000008001118       0x14 ./Core/Src/stm32f4xx_it.o
                0x0000000008001118                OTG_FS_IRQHandler
 .text._sbrk    0x000000000800112c       0x6c ./Core/Src/sysmem.o
                0x000000000800112c                _sbrk
 .text.SystemInit
                0x0000000008001198       0x24 ./Core/Src/system_stm32f4xx.o
                0x0000000008001198                SystemInit
 .text.Reset_Handler
                0x00000000080011bc       0x50 ./Core/Startup/startup_stm32f407vgtx.o
                0x00000000080011bc                Reset_Handler
 .text.Default_Handler
                0x000000000800120c        0x2 ./Core/Startup/startup_stm32f407vgtx.o
                0x000000000800120c                RTC_Alarm_IRQHandler
                0x000000000800120c                HASH_RNG_IRQHandler
                0x000000000800120c                EXTI2_IRQHandler
                0x000000000800120c                TIM8_CC_IRQHandler
                0x000000000800120c                TIM1_CC_IRQHandler
                0x000000000800120c                DMA2_Stream5_IRQHandler
                0x000000000800120c                DMA1_Stream5_IRQHandler
                0x000000000800120c                PVD_IRQHandler
                0x000000000800120c                SDIO_IRQHandler
                0x000000000800120c                TAMP_STAMP_IRQHandler
                0x000000000800120c                CAN2_RX1_IRQHandler
                0x000000000800120c                EXTI3_IRQHandler
                0x000000000800120c                TIM8_TRG_COM_TIM14_IRQHandler
                0x000000000800120c                TIM1_UP_TIM10_IRQHandler
                0x000000000800120c                TIM8_UP_TIM13_IRQHandler
                0x000000000800120c                I2C3_ER_IRQHandler
                0x000000000800120c                EXTI0_IRQHandler
                0x000000000800120c                I2C2_EV_IRQHandler
                0x000000000800120c                DMA1_Stream2_IRQHandler
                0x000000000800120c                CAN1_RX0_IRQHandler
                0x000000000800120c                FPU_IRQHandler
                0x000000000800120c                OTG_HS_WKUP_IRQHandler
                0x000000000800120c                CAN2_SCE_IRQHandler
                0x000000000800120c                DMA2_Stream2_IRQHandler
                0x000000000800120c                SPI1_IRQHandler
                0x000000000800120c                TIM6_DAC_IRQHandler
                0x000000000800120c                TIM1_BRK_TIM9_IRQHandler
                0x000000000800120c                DCMI_IRQHandler
                0x000000000800120c                CAN2_RX0_IRQHandler
                0x000000000800120c                DMA2_Stream3_IRQHandler
                0x000000000800120c                USART6_IRQHandler
                0x000000000800120c                USART3_IRQHandler
                0x000000000800120c                CAN1_RX1_IRQHandler
                0x000000000800120c                UART5_IRQHandler
                0x000000000800120c                DMA2_Stream0_IRQHandler
                0x000000000800120c                TIM4_IRQHandler
                0x000000000800120c                I2C1_EV_IRQHandler
                0x000000000800120c                DMA1_Stream6_IRQHandler
                0x000000000800120c                DMA1_Stream1_IRQHandler
                0x000000000800120c                UART4_IRQHandler
                0x000000000800120c                TIM3_IRQHandler
                0x000000000800120c                RCC_IRQHandler
                0x000000000800120c                TIM8_BRK_TIM12_IRQHandler
                0x000000000800120c                Default_Handler
                0x000000000800120c                EXTI15_10_IRQHandler
                0x000000000800120c                ADC_IRQHandler
                0x000000000800120c                DMA1_Stream7_IRQHandler
                0x000000000800120c                CAN2_TX_IRQHandler
                0x000000000800120c                TIM5_IRQHandler
                0x000000000800120c                DMA2_Stream7_IRQHandler
                0x000000000800120c                I2C3_EV_IRQHandler
                0x000000000800120c                EXTI9_5_IRQHandler
                0x000000000800120c                RTC_WKUP_IRQHandler
                0x000000000800120c                ETH_WKUP_IRQHandler
                0x000000000800120c                SPI2_IRQHandler
                0x000000000800120c                OTG_HS_EP1_IN_IRQHandler
                0x000000000800120c                DMA1_Stream0_IRQHandler
                0x000000000800120c                CAN1_TX_IRQHandler
                0x000000000800120c                EXTI4_IRQHandler
                0x000000000800120c                FSMC_IRQHandler
                0x000000000800120c                ETH_IRQHandler
                0x000000000800120c                OTG_HS_EP1_OUT_IRQHandler
                0x000000000800120c                WWDG_IRQHandler
                0x000000000800120c                TIM2_IRQHandler
                0x000000000800120c                OTG_FS_WKUP_IRQHandler
                0x000000000800120c                TIM1_TRG_COM_TIM11_IRQHandler
                0x000000000800120c                OTG_HS_IRQHandler
                0x000000000800120c                EXTI1_IRQHandler
                0x000000000800120c                USART2_IRQHandler
                0x000000000800120c                I2C2_ER_IRQHandler
                0x000000000800120c                DMA2_Stream1_IRQHandler
                0x000000000800120c                CAN1_SCE_IRQHandler
                0x000000000800120c                FLASH_IRQHandler
                0x000000000800120c                DMA2_Stream4_IRQHandler
                0x000000000800120c                USART1_IRQHandler
                0x000000000800120c                SPI3_IRQHandler
                0x000000000800120c                DMA1_Stream4_IRQHandler
                0x000000000800120c                I2C1_ER_IRQHandler
                0x000000000800120c                DMA2_Stream6_IRQHandler
                0x000000000800120c                DMA1_Stream3_IRQHandler
 *fill*         0x000000000800120e        0x2 
 .text.HAL_Init
                0x0000000008001210       0x44 ./Drivers/STM32F4xx_HAL_Driver/Src/stm32f4xx_hal.o
                0x0000000008001210                HAL_Init
 .text.HAL_IncTick
                0x0000000008001254       0x28 ./Drivers/STM32F4xx_HAL_Driver/Src/stm32f4xx_hal.o
                0x0000000008001254                HAL_IncTick
 .text.HAL_GetTick
                0x000000000800127c       0x18 ./Drivers/STM32F4xx_HAL_Driver/Src/stm32f4xx_hal.o
                0x000000000800127c                HAL_GetTick
 .text.HAL_Delay
                0x0000000008001294       0x48 ./Drivers/STM32F4xx_HAL_Driver/Src/stm32f4xx_hal.o
                0x0000000008001294                HAL_Delay
 .text.HAL_ADC_Init
                0x00000000080012dc       0x86 ./Drivers/STM32F4xx_HAL_Driver/Src/stm32f4xx_hal_adc.o
                0x00000000080012dc                HAL_ADC_Init
 *fill*         0x0000000008001362        0x2 
 .text.HAL_ADC_ConfigChannel
                0x0000000008001364      0x244 ./Drivers/STM32F4xx_HAL_Driver/Src/stm32f4xx_hal_adc.o
                0x0000000008001364                HAL_ADC_ConfigChannel
 .text.ADC_Init
                0x00000000080015a8      0x1f8 ./Drivers/STM32F4xx_HAL_Driver/Src/stm32f4xx_hal_adc.o
 .text.__NVIC_SetPriorityGrouping
                0x00000000080017a0       0x48 ./Drivers/STM32F4xx_HAL_Driver/Src/stm32f4xx_hal_cortex.o
 .text.__NVIC_GetPriorityGrouping
                0x00000000080017e8       0x1c ./Drivers/STM32F4xx_HAL_Driver/Src/stm32f4xx_hal_cortex.o
 .text.__NVIC_EnableIRQ
                0x0000000008001804       0x3c ./Drivers/STM32F4xx_HAL_Driver/Src/stm32f4xx_hal_cortex.o
 .text.__NVIC_SetPriority
                0x0000000008001840       0x54 ./Drivers/STM32F4xx_HAL_Driver/Src/stm32f4xx_hal_cortex.o
 .text.NVIC_EncodePriority
                0x0000000008001894       0x66 ./Drivers/STM32F4xx_HAL_Driver/Src/stm32f4xx_hal_cortex.o
 .text.HAL_NVIC_SetPriorityGrouping
                0x00000000080018fa       0x16 ./Drivers/STM32F4xx_HAL_Driver/Src/stm32f4xx_hal_cortex.o
                0x00000000080018fa                HAL_NVIC_SetPriorityGrouping
 .text.HAL_NVIC_SetPriority
                0x0000000008001910       0x38 ./Drivers/STM32F4xx_HAL_Driver/Src/stm32f4xx_hal_cortex.o
                0x0000000008001910                HAL_NVIC_SetPriority
 .text.HAL_NVIC_EnableIRQ
                0x0000000008001948       0x1c ./Drivers/STM32F4xx_HAL_Driver/Src/stm32f4xx_hal_cortex.o
                0x0000000008001948                HAL_NVIC_EnableIRQ
 .text.HAL_GPIO_Init
                0x0000000008001964      0x338 ./Drivers/STM32F4xx_HAL_Driver/Src/stm32f4xx_hal_gpio.o
                0x0000000008001964                HAL_GPIO_Init
 .text.HAL_GPIO_WritePin
                0x0000000008001c9c       0x32 ./Drivers/STM32F4xx_HAL_Driver/Src/stm32f4xx_hal_gpio.o
                0x0000000008001c9c                HAL_GPIO_WritePin
 .text.HAL_PCD_Init
                0x0000000008001cce      0x23a ./Drivers/STM32F4xx_HAL_Driver/Src/stm32f4xx_hal_pcd.o
                0x0000000008001cce                HAL_PCD_Init
 .text.HAL_PCD_Start
                0x0000000008001f08       0x66 ./Drivers/STM32F4xx_HAL_Driver/Src/stm32f4xx_hal_pcd.o
                0x0000000008001f08                HAL_PCD_Start
 .text.HAL_PCD_IRQHandler
                0x0000000008001f6e      0x764 ./Drivers/STM32F4xx_HAL_Driver/Src/stm32f4xx_hal_pcd.o
                0x0000000008001f6e                HAL_PCD_IRQHandler
 .text.HAL_PCD_SetAddress
                0x00000000080026d2       0x4a ./Drivers/STM32F4xx_HAL_Driver/Src/stm32f4xx_hal_pcd.o
                0x00000000080026d2                HAL_PCD_SetAddress
 .text.HAL_PCD_EP_Open
                0x000000000800271c       0xd0 ./Drivers/STM32F4xx_HAL_Driver/Src/stm32f4xx_hal_pcd.o
                0x000000000800271c                HAL_PCD_EP_Open
 .text.HAL_PCD_EP_Close
                0x00000000080027ec       0x94 ./Drivers/STM32F4xx_HAL_Driver/Src/stm32f4xx_hal_pcd.o
                0x00000000080027ec                HAL_PCD_EP_Close
 .text.HAL_PCD_EP_Receive
                0x0000000008002880       0x96 ./Drivers/STM32F4xx_HAL_Driver/Src/stm32f4xx_hal_pcd.o
                0x0000000008002880                HAL_PCD_EP_Receive
 .text.HAL_PCD_EP_Transmit
                0x0000000008002916       0x94 ./Drivers/STM32F4xx_HAL_Driver/Src/stm32f4xx_hal_pcd.o
                0x0000000008002916                HAL_PCD_EP_Transmit
 .text.HAL_PCD_EP_SetStall
                0x00000000080029aa       0xc8 ./Drivers/STM32F4xx_HAL_Driver/Src/stm32f4xx_hal_pcd.o
                0x00000000080029aa                HAL_PCD_EP_SetStall
 .text.HAL_PCD_EP_ClrStall
                0x0000000008002a72       0xac ./Drivers/STM32F4xx_HAL_Driver/Src/stm32f4xx_hal_pcd.o
                0x0000000008002a72                HAL_PCD_EP_ClrStall
 .text.PCD_WriteEmptyTxFifo
                0x0000000008002b1e      0x11a ./Drivers/STM32F4xx_HAL_Driver/Src/stm32f4xx_hal_pcd.o
 .text.PCD_EP_OutXfrComplete_int
                0x0000000008002c38      0x218 ./Drivers/STM32F4xx_HAL_Driver/Src/stm32f4xx_hal_pcd.o
 .text.PCD_EP_OutSetupPacket_int
                0x0000000008002e50       0x8c ./Drivers/STM32F4xx_HAL_Driver/Src/stm32f4xx_hal_pcd.o
 .text.HAL_PCDEx_SetTxFiFo
                0x0000000008002edc       0x8e ./Drivers/STM32F4xx_HAL_Driver/Src/stm32f4xx_hal_pcd_ex.o
                0x0000000008002edc                HAL_PCDEx_SetTxFiFo
 .text.HAL_PCDEx_SetRxFiFo
                0x0000000008002f6a       0x22 ./Drivers/STM32F4xx_HAL_Driver/Src/stm32f4xx_hal_pcd_ex.o
                0x0000000008002f6a                HAL_PCDEx_SetRxFiFo
 .text.HAL_PCDEx_LPM_Callback
                0x0000000008002f8c       0x18 ./Drivers/STM32F4xx_HAL_Driver/Src/stm32f4xx_hal_pcd_ex.o
                0x0000000008002f8c                HAL_PCDEx_LPM_Callback
 .text.HAL_RCC_OscConfig
                0x0000000008002fa4      0x4f0 ./Drivers/STM32F4xx_HAL_Driver/Src/stm32f4xx_hal_rcc.o
                0x0000000008002fa4                HAL_RCC_OscConfig
 .text.HAL_RCC_ClockConfig
                0x0000000008003494      0x1cc ./Drivers/STM32F4xx_HAL_Driver/Src/stm32f4xx_hal_rcc.o
                0x0000000008003494                HAL_RCC_ClockConfig
 .text.HAL_RCC_GetSysClockFreq
                0x0000000008003660      0x1c4 ./Drivers/STM32F4xx_HAL_Driver/Src/stm32f4xx_hal_rcc.o
                0x0000000008003660                HAL_RCC_GetSysClockFreq
 .text.HAL_RCC_GetHCLKFreq
                0x0000000008003824       0x18 ./Drivers/STM32F4xx_HAL_Driver/Src/stm32f4xx_hal_rcc.o
                0x0000000008003824                HAL_RCC_GetHCLKFreq
 .text.HAL_RCC_GetPCLK1Freq
                0x000000000800383c       0x28 ./Drivers/STM32F4xx_HAL_Driver/Src/stm32f4xx_hal_rcc.o
                0x000000000800383c                HAL_RCC_GetPCLK1Freq
 .text.HAL_RCC_GetPCLK2Freq
                0x0000000008003864       0x28 ./Drivers/STM32F4xx_HAL_Driver/Src/stm32f4xx_hal_rcc.o
                0x0000000008003864                HAL_RCC_GetPCLK2Freq
 .text.HAL_RCC_GetClockConfig
                0x000000000800388c       0x64 ./Drivers/STM32F4xx_HAL_Driver/Src/stm32f4xx_hal_rcc.o
                0x000000000800388c                HAL_RCC_GetClockConfig
 .text.HAL_TIM_Base_Init
                0x00000000080038f0       0x9e ./Drivers/STM32F4xx_HAL_Driver/Src/stm32f4xx_hal_tim.o
                0x00000000080038f0                HAL_TIM_Base_Init
 .text.HAL_TIM_Base_MspInit
                0x000000000800398e       0x14 ./Drivers/STM32F4xx_HAL_Driver/Src/stm32f4xx_hal_tim.o
                0x000000000800398e                HAL_TIM_Base_MspInit
 *fill*         0x00000000080039a2        0x2 
 .text.HAL_TIM_Base_Start_IT
                0x00000000080039a4       0xe0 ./Drivers/STM32F4xx_HAL_Driver/Src/stm32f4xx_hal_tim.o
                0x00000000080039a4                HAL_TIM_Base_Start_IT
 .text.HAL_TIM_IRQHandler
                0x0000000008003a84      0x210 ./Drivers/STM32F4xx_HAL_Driver/Src/stm32f4xx_hal_tim.o
                0x0000000008003a84                HAL_TIM_IRQHandler
 .text.HAL_TIM_OC_DelayElapsedCallback
                0x0000000008003c94       0x14 ./Drivers/STM32F4xx_HAL_Driver/Src/stm32f4xx_hal_tim.o
                0x0000000008003c94                HAL_TIM_OC_DelayElapsedCallback
 .text.HAL_TIM_IC_CaptureCallback
                0x0000000008003ca8       0x14 ./Drivers/STM32F4xx_HAL_Driver/Src/stm32f4xx_hal_tim.o
                0x0000000008003ca8                HAL_TIM_IC_CaptureCallback
 .text.HAL_TIM_PWM_PulseFinishedCallback
                0x0000000008003cbc       0x14 ./Drivers/STM32F4xx_HAL_Driver/Src/stm32f4xx_hal_tim.o
                0x0000000008003cbc                HAL_TIM_PWM_PulseFinishedCallback
 .text.HAL_TIM_TriggerCallback
                0x0000000008003cd0       0x14 ./Drivers/STM32F4xx_HAL_Driver/Src/stm32f4xx_hal_tim.o
                0x0000000008003cd0                HAL_TIM_TriggerCallback
 .text.TIM_Base_SetConfig
                0x0000000008003ce4      0x140 ./Drivers/STM32F4xx_HAL_Driver/Src/stm32f4xx_hal_tim.o
                0x0000000008003ce4                TIM_Base_SetConfig
 .text.HAL_TIMEx_CommutCallback
                0x0000000008003e24       0x14 ./Drivers/STM32F4xx_HAL_Driver/Src/stm32f4xx_hal_tim_ex.o
                0x0000000008003e24                HAL_TIMEx_CommutCallback
 .text.HAL_TIMEx_BreakCallback
                0x0000000008003e38       0x14 ./Drivers/STM32F4xx_HAL_Driver/Src/stm32f4xx_hal_tim_ex.o
                0x0000000008003e38                HAL_TIMEx_BreakCallback
 .text.HAL_UART_Init
                0x0000000008003e4c       0x9a ./Drivers/STM32F4xx_HAL_Driver/Src/stm32f4xx_hal_uart.o
                0x0000000008003e4c                HAL_UART_Init
 .text.HAL_UART_Receive
                0x0000000008003ee6      0x144 ./Drivers/STM32F4xx_HAL_Driver/Src/stm32f4xx_hal_uart.o
                0x0000000008003ee6                HAL_UART_Receive
 .text.UART_WaitOnFlagUntilTimeout
                0x000000000800402a       0xdc ./Drivers/STM32F4xx_HAL_Driver/Src/stm32f4xx_hal_uart.o
 *fill*         0x0000000008004106        0x2 
 .text.UART_SetConfig
                0x0000000008004108      0x390 ./Drivers/STM32F4xx_HAL_Driver/Src/stm32f4xx_hal_uart.o
 .text.USB_CoreInit
                0x0000000008004498       0xc2 ./Drivers/STM32F4xx_HAL_Driver/Src/stm32f4xx_ll_usb.o
                0x0000000008004498                USB_CoreInit
 *fill*         0x000000000800455a        0x2 
 .text.USB_SetTurnaroundTime
                0x000000000800455c      0x144 ./Drivers/STM32F4xx_HAL_Driver/Src/stm32f4xx_ll_usb.o
                0x000000000800455c                USB_SetTurnaroundTime
 .text.USB_EnableGlobalInt
                0x00000000080046a0       0x22 ./Drivers/STM32F4xx_HAL_Driver/Src/stm32f4xx_ll_usb.o
                0x00000000080046a0                USB_EnableGlobalInt
 .text.USB_DisableGlobalInt
                0x00000000080046c2       0x22 ./Drivers/STM32F4xx_HAL_Driver/Src/stm32f4xx_ll_usb.o
                0x00000000080046c2                USB_DisableGlobalInt
 .text.USB_SetCurrentMode
                0x00000000080046e4       0x98 ./Drivers/STM32F4xx_HAL_Driver/Src/stm32f4xx_ll_usb.o
                0x00000000080046e4                USB_SetCurrentMode
 .text.USB_DevInit
                0x000000000800477c      0x2c8 ./Drivers/STM32F4xx_HAL_Driver/Src/stm32f4xx_ll_usb.o
                0x000000000800477c                USB_DevInit
 .text.USB_FlushTxFifo
                0x0000000008004a44       0x48 ./Drivers/STM32F4xx_HAL_Driver/Src/stm32f4xx_ll_usb.o
                0x0000000008004a44                USB_FlushTxFifo
 .text.USB_FlushRxFifo
                0x0000000008004a8c       0x40 ./Drivers/STM32F4xx_HAL_Driver/Src/stm32f4xx_ll_usb.o
                0x0000000008004a8c                USB_FlushRxFifo
 .text.USB_SetDevSpeed
                0x0000000008004acc       0x32 ./Drivers/STM32F4xx_HAL_Driver/Src/stm32f4xx_ll_usb.o
                0x0000000008004acc                USB_SetDevSpeed
 .text.USB_GetDevSpeed
                0x0000000008004afe       0x4a ./Drivers/STM32F4xx_HAL_Driver/Src/stm32f4xx_ll_usb.o
                0x0000000008004afe                USB_GetDevSpeed
 .text.USB_ActivateEndpoint
                0x0000000008004b48      0x10e ./Drivers/STM32F4xx_HAL_Driver/Src/stm32f4xx_ll_usb.o
                0x0000000008004b48                USB_ActivateEndpoint
 *fill*         0x0000000008004c56        0x2 
 .text.USB_DeactivateEndpoint
                0x0000000008004c58      0x1b8 ./Drivers/STM32F4xx_HAL_Driver/Src/stm32f4xx_ll_usb.o
                0x0000000008004c58                USB_DeactivateEndpoint
 .text.USB_EPStartXfer
                0x0000000008004e10      0x488 ./Drivers/STM32F4xx_HAL_Driver/Src/stm32f4xx_ll_usb.o
                0x0000000008004e10                USB_EPStartXfer
 .text.USB_EP0StartXfer
                0x0000000008005298      0x2a6 ./Drivers/STM32F4xx_HAL_Driver/Src/stm32f4xx_ll_usb.o
                0x0000000008005298                USB_EP0StartXfer
 .text.USB_WritePacket
                0x000000000800553e       0x7c ./Drivers/STM32F4xx_HAL_Driver/Src/stm32f4xx_ll_usb.o
                0x000000000800553e                USB_WritePacket
 .text.USB_ReadPacket
                0x00000000080055ba       0xb0 ./Drivers/STM32F4xx_HAL_Driver/Src/stm32f4xx_ll_usb.o
                0x00000000080055ba                USB_ReadPacket
 .text.USB_EPSetStall
                0x000000000800566a       0xdc ./Drivers/STM32F4xx_HAL_Driver/Src/stm32f4xx_ll_usb.o
                0x000000000800566a                USB_EPSetStall
 .text.USB_EPClearStall
                0x0000000008005746       0xcc ./Drivers/STM32F4xx_HAL_Driver/Src/stm32f4xx_ll_usb.o
                0x0000000008005746                USB_EPClearStall
 .text.USB_SetDevAddress
                0x0000000008005812       0x4c ./Drivers/STM32F4xx_HAL_Driver/Src/stm32f4xx_ll_usb.o
                0x0000000008005812                USB_SetDevAddress
 .text.USB_DevConnect
                0x000000000800585e       0x42 ./Drivers/STM32F4xx_HAL_Driver/Src/stm32f4xx_ll_usb.o
                0x000000000800585e                USB_DevConnect
 .text.USB_DevDisconnect
                0x00000000080058a0       0x42 ./Drivers/STM32F4xx_HAL_Driver/Src/stm32f4xx_ll_usb.o
                0x00000000080058a0                USB_DevDisconnect
 .text.USB_ReadInterrupts
                0x00000000080058e2       0x26 ./Drivers/STM32F4xx_HAL_Driver/Src/stm32f4xx_ll_usb.o
                0x00000000080058e2                USB_ReadInterrupts
 .text.USB_ReadDevAllOutEpInterrupt
                0x0000000008005908       0x34 ./Drivers/STM32F4xx_HAL_Driver/Src/stm32f4xx_ll_usb.o
                0x0000000008005908                USB_ReadDevAllOutEpInterrupt
 .text.USB_ReadDevAllInEpInterrupt
                0x000000000800593c       0x34 ./Drivers/STM32F4xx_HAL_Driver/Src/stm32f4xx_ll_usb.o
                0x000000000800593c                USB_ReadDevAllInEpInterrupt
 .text.USB_ReadDevOutEPInterrupt
                0x0000000008005970       0x3c ./Drivers/STM32F4xx_HAL_Driver/Src/stm32f4xx_ll_usb.o
                0x0000000008005970                USB_ReadDevOutEPInterrupt
 .text.USB_ReadDevInEPInterrupt
                0x00000000080059ac       0x5c ./Drivers/STM32F4xx_HAL_Driver/Src/stm32f4xx_ll_usb.o
                0x00000000080059ac                USB_ReadDevInEPInterrupt
 .text.USB_GetMode
                0x0000000008005a08       0x1c ./Drivers/STM32F4xx_HAL_Driver/Src/stm32f4xx_ll_usb.o
                0x0000000008005a08                USB_GetMode
 .text.USB_ActivateSetup
                0x0000000008005a24       0x46 ./Drivers/STM32F4xx_HAL_Driver/Src/stm32f4xx_ll_usb.o
                0x0000000008005a24                USB_ActivateSetup
 *fill*         0x0000000008005a6a        0x2 
 .text.USB_EP0_OutStart
                0x0000000008005a6c       0xbc ./Drivers/STM32F4xx_HAL_Driver/Src/stm32f4xx_ll_usb.o
                0x0000000008005a6c                USB_EP0_OutStart
 .text.USB_CoreReset
                0x0000000008005b28       0x64 ./Drivers/STM32F4xx_HAL_Driver/Src/stm32f4xx_ll_usb.o
 .text.vListInitialise
                0x0000000008005b8c       0x40 ./FreeRTOS/list.o
                0x0000000008005b8c                vListInitialise
 .text.vListInitialiseItem
                0x0000000008005bcc       0x1a ./FreeRTOS/list.o
                0x0000000008005bcc                vListInitialiseItem
 .text.vListInsertEnd
                0x0000000008005be6       0x48 ./FreeRTOS/list.o
                0x0000000008005be6                vListInsertEnd
 .text.vListInsert
                0x0000000008005c2e       0x72 ./FreeRTOS/list.o
                0x0000000008005c2e                vListInsert
 .text.uxListRemove
                0x0000000008005ca0       0x54 ./FreeRTOS/list.o
                0x0000000008005ca0                uxListRemove
 .text.xQueueGenericReset
                0x0000000008005cf4       0xd0 ./FreeRTOS/queue.o
                0x0000000008005cf4                xQueueGenericReset
 .text.xQueueGenericCreate
                0x0000000008005dc4       0x78 ./FreeRTOS/queue.o
                0x0000000008005dc4                xQueueGenericCreate
 .text.prvInitialiseNewQueue
                0x0000000008005e3c       0x46 ./FreeRTOS/queue.o
 *fill*         0x0000000008005e82        0x2 
 .text.xQueueGenericSend
                0x0000000008005e84      0x1fc ./FreeRTOS/queue.o
                0x0000000008005e84                xQueueGenericSend
 .text.xQueueGenericSendFromISR
                0x0000000008006080      0x130 ./FreeRTOS/queue.o
                0x0000000008006080                xQueueGenericSendFromISR
 .text.xQueueReceive
                0x00000000080061b0      0x1c0 ./FreeRTOS/queue.o
                0x00000000080061b0                xQueueReceive
 .text.xQueueSemaphoreTake
                0x0000000008006370      0x218 ./FreeRTOS/queue.o
                0x0000000008006370                xQueueSemaphoreTake
 .text.prvGetDisinheritPriorityAfterTimeout
                0x0000000008006588       0x30 ./FreeRTOS/queue.o
 .text.prvCopyDataToQueue
                0x00000000080065b8       0xd4 ./FreeRTOS/queue.o
 .text.prvCopyDataFromQueue
                0x000000000800668c       0x4c ./FreeRTOS/queue.o
 .text.prvUnlockQueue
                0x00000000080066d8       0xa4 ./FreeRTOS/queue.o
 .text.prvIsQueueEmpty
                0x000000000800677c       0x2c ./FreeRTOS/queue.o
 .text.prvIsQueueFull
                0x00000000080067a8       0x30 ./FreeRTOS/queue.o
 .text.vQueueAddToRegistry
                0x00000000080067d8       0x54 ./FreeRTOS/queue.o
                0x00000000080067d8                vQueueAddToRegistry
 .text.vQueueWaitForMessageRestricted
                0x000000000800682c       0x68 ./FreeRTOS/queue.o
                0x000000000800682c                vQueueWaitForMessageRestricted
 .text.xTaskCreate
                0x0000000008006894       0x82 ./FreeRTOS/tasks.o
                0x0000000008006894                xTaskCreate
 .text.prvInitialiseNewTask
                0x0000000008006916      0x11e ./FreeRTOS/tasks.o
 .text.prvAddNewTaskToReadyList
                0x0000000008006a34       0xdc ./FreeRTOS/tasks.o
 .text.vTaskDelay
                0x0000000008006b10       0x68 ./FreeRTOS/tasks.o
                0x0000000008006b10                vTaskDelay
 .text.vTaskStartScheduler
                0x0000000008006b78       0x9c ./FreeRTOS/tasks.o
                0x0000000008006b78                vTaskStartScheduler
 .text.vTaskSuspendAll
                0x0000000008006c14       0x1c ./FreeRTOS/tasks.o
                0x0000000008006c14                vTaskSuspendAll
 .text.xTaskResumeAll
                0x0000000008006c30      0x138 ./FreeRTOS/tasks.o
                0x0000000008006c30                xTaskResumeAll
 .text.xTaskGetTickCount
                0x0000000008006d68       0x20 ./FreeRTOS/tasks.o
                0x0000000008006d68                xTaskGetTickCount
 .text.xTaskIncrementTick
                0x0000000008006d88      0x170 ./FreeRTOS/tasks.o
                0x0000000008006d88                xTaskIncrementTick
 .text.vTaskSwitchContext
                0x0000000008006ef8       0xb8 ./FreeRTOS/tasks.o
                0x0000000008006ef8                vTaskSwitchContext
 .text.vTaskPlaceOnEventList
                0x0000000008006fb0       0x48 ./FreeRTOS/tasks.o
                0x0000000008006fb0                vTaskPlaceOnEventList
 .text.vTaskPlaceOnEventListRestricted
                0x0000000008006ff8       0x58 ./FreeRTOS/tasks.o
                0x0000000008006ff8                vTaskPlaceOnEventListRestricted
 .text.xTaskRemoveFromEventList
                0x0000000008007050       0xc4 ./FreeRTOS/tasks.o
                0x0000000008007050                xTaskRemoveFromEventList
 .text.vTaskInternalSetTimeOutState
                0x0000000008007114       0x2c ./FreeRTOS/tasks.o
                0x0000000008007114                vTaskInternalSetTimeOutState
 .text.xTaskCheckForTimeOut
                0x0000000008007140       0xc4 ./FreeRTOS/tasks.o
                0x0000000008007140                xTaskCheckForTimeOut
 .text.vTaskMissedYield
                0x0000000008007204       0x18 ./FreeRTOS/tasks.o
                0x0000000008007204                vTaskMissedYield
 .text.prvIdleTask
                0x000000000800721c       0x30 ./FreeRTOS/tasks.o
 .text.prvInitialiseTaskLists
                0x000000000800724c       0x80 ./FreeRTOS/tasks.o
 .text.prvCheckTasksWaitingTermination
                0x00000000080072cc       0x5c ./FreeRTOS/tasks.o
 .text.prvDeleteTCB
                0x0000000008007328       0x20 ./FreeRTOS/tasks.o
 .text.prvResetNextTaskUnblockTime
                0x0000000008007348       0x40 ./FreeRTOS/tasks.o
 .text.xTaskGetSchedulerState
                0x0000000008007388       0x3c ./FreeRTOS/tasks.o
                0x0000000008007388                xTaskGetSchedulerState
 .text.xTaskPriorityInherit
                0x00000000080073c4      0x100 ./FreeRTOS/tasks.o
                0x00000000080073c4                xTaskPriorityInherit
 .text.xTaskPriorityDisinherit
                0x00000000080074c4      0x10c ./FreeRTOS/tasks.o
                0x00000000080074c4                xTaskPriorityDisinherit
 .text.vTaskPriorityDisinheritAfterTimeout
                0x00000000080075d0      0x134 ./FreeRTOS/tasks.o
                0x00000000080075d0                vTaskPriorityDisinheritAfterTimeout
 .text.pvTaskIncrementMutexHeldCount
                0x0000000008007704       0x28 ./FreeRTOS/tasks.o
                0x0000000008007704                pvTaskIncrementMutexHeldCount
 .text.prvAddCurrentTaskToDelayedList
                0x000000000800772c       0xcc ./FreeRTOS/tasks.o
 .text.xTimerCreateTimerTask
                0x00000000080077f8       0x64 ./FreeRTOS/timers.o
                0x00000000080077f8                xTimerCreateTimerTask
 .text.xTimerGenericCommand
                0x000000000800785c       0x9c ./FreeRTOS/timers.o
                0x000000000800785c                xTimerGenericCommand
 .text.prvProcessExpiredTimer
                0x00000000080078f8       0x98 ./FreeRTOS/timers.o
 .text.prvTimerTask
                0x0000000008007990       0x24 ./FreeRTOS/timers.o
 .text.prvProcessTimerOrBlockTask
                0x00000000080079b4       0x9c ./FreeRTOS/timers.o
 .text.prvGetNextExpireTime
                0x0000000008007a50       0x48 ./FreeRTOS/timers.o
 .text.prvSampleTimeNow
                0x0000000008007a98       0x40 ./FreeRTOS/timers.o
 .text.prvInsertTimerInActiveList
                0x0000000008007ad8       0x84 ./FreeRTOS/timers.o
 .text.prvProcessReceivedCommands
                0x0000000008007b5c      0x18c ./FreeRTOS/timers.o
 .text.prvSwitchTimerLists
                0x0000000008007ce8       0xc8 ./FreeRTOS/timers.o
 .text.prvCheckForValidListAndQueue
                0x0000000008007db0       0x6c ./FreeRTOS/timers.o
 .text.pxPortInitialiseStack
                0x0000000008007e1c       0x68 ./FreeRTOS/portable/ARM_CM4F/port.o
                0x0000000008007e1c                pxPortInitialiseStack
 .text.prvTaskExitError
                0x0000000008007e84       0x58 ./FreeRTOS/portable/ARM_CM4F/port.o
 *fill*         0x0000000008007edc        0x4 
 .text.SVC_Handler
                0x0000000008007ee0       0x28 ./FreeRTOS/portable/ARM_CM4F/port.o
                0x0000000008007ee0                SVC_Handler
 .text.prvPortStartFirstTask
                0x0000000008007f08       0x28 ./FreeRTOS/portable/ARM_CM4F/port.o
 .text.xPortStartScheduler
                0x0000000008007f30      0x144 ./FreeRTOS/portable/ARM_CM4F/port.o
                0x0000000008007f30                xPortStartScheduler
 .text.vPortEnterCritical
                0x0000000008008074       0x60 ./FreeRTOS/portable/ARM_CM4F/port.o
                0x0000000008008074                vPortEnterCritical
 .text.vPortExitCritical
                0x00000000080080d4       0x54 ./FreeRTOS/portable/ARM_CM4F/port.o
                0x00000000080080d4                vPortExitCritical
 *fill*         0x0000000008008128        0x8 
 .text.PendSV_Handler
                0x0000000008008130       0x68 ./FreeRTOS/portable/ARM_CM4F/port.o
                0x0000000008008130                PendSV_Handler
 .text.SysTick_Handler
                0x0000000008008198       0x44 ./FreeRTOS/portable/ARM_CM4F/port.o
                0x0000000008008198                SysTick_Handler
 .text.vPortSetupTimerInterrupt
                0x00000000080081dc       0x48 ./FreeRTOS/portable/ARM_CM4F/port.o
                0x00000000080081dc                vPortSetupTimerInterrupt
 .text.vPortEnableVFP
                0x0000000008008224       0x14 ./FreeRTOS/portable/ARM_CM4F/port.o
 .text.vPortValidateInterruptPriority
                0x0000000008008238       0x80 ./FreeRTOS/portable/ARM_CM4F/port.o
                0x0000000008008238                vPortValidateInterruptPriority
 .text.pvPortMalloc
                0x00000000080082b8      0x188 ./FreeRTOS/portable/MemMang/heap_4.o
                0x00000000080082b8                pvPortMalloc
 .text.vPortFree
                0x0000000008008440       0xb4 ./FreeRTOS/portable/MemMang/heap_4.o
                0x0000000008008440                vPortFree
 .text.prvHeapInit
                0x00000000080084f4       0xc4 ./FreeRTOS/portable/MemMang/heap_4.o
 .text.prvInsertBlockIntoFreeList
                0x00000000080085b8       0xb4 ./FreeRTOS/portable/MemMang/heap_4.o
 .text.USBD_HID_Init
                0x000000000800866c       0x66 ./Middlewares/ST/STM32_USB_Device_Library/Class/HID/Src/usbd_hid.o
 .text.USBD_HID_DeInit
                0x00000000080086d2       0x48 ./Middlewares/ST/STM32_USB_Device_Library/Class/HID/Src/usbd_hid.o
 *fill*         0x000000000800871a        0x2 
 .text.USBD_HID_Setup
                0x000000000800871c      0x208 ./Middlewares/ST/STM32_USB_Device_Library/Class/HID/Src/usbd_hid.o
 .text.USBD_HID_SendReport
                0x0000000008008924       0x50 ./Middlewares/ST/STM32_USB_Device_Library/Class/HID/Src/usbd_hid.o
                0x0000000008008924                USBD_HID_SendReport
 .text.USBD_HID_GetFSCfgDesc
                0x0000000008008974       0x20 ./Middlewares/ST/STM32_USB_Device_Library/Class/HID/Src/usbd_hid.o
 .text.USBD_HID_GetHSCfgDesc
                0x0000000008008994       0x20 ./Middlewares/ST/STM32_USB_Device_Library/Class/HID/Src/usbd_hid.o
 .text.USBD_HID_GetOtherSpeedCfgDesc
                0x00000000080089b4       0x20 ./Middlewares/ST/STM32_USB_Device_Library/Class/HID/Src/usbd_hid.o
 .text.USBD_HID_DataIn
                0x00000000080089d4       0x24 ./Middlewares/ST/STM32_USB_Device_Library/Class/HID/Src/usbd_hid.o
 .text.USBD_HID_GetDeviceQualifierDesc
                0x00000000080089f8       0x20 ./Middlewares/ST/STM32_USB_Device_Library/Class/HID/Src/usbd_hid.o
 .text.USBD_Init
                0x0000000008008a18       0x60 ./Middlewares/ST/STM32_USB_Device_Library/Core/Src/usbd_core.o
                0x0000000008008a18                USBD_Init
 .text.USBD_RegisterClass
                0x0000000008008a78       0x4e ./Middlewares/ST/STM32_USB_Device_Library/Core/Src/usbd_core.o
                0x0000000008008a78                USBD_RegisterClass
 .text.USBD_Start
                0x0000000008008ac6       0x18 ./Middlewares/ST/STM32_USB_Device_Library/Core/Src/usbd_core.o
                0x0000000008008ac6                USBD_Start
 .text.USBD_RunTestMode
                0x0000000008008ade       0x16 ./Middlewares/ST/STM32_USB_Device_Library/Core/Src/usbd_core.o
                0x0000000008008ade                USBD_RunTestMode
 .text.USBD_SetClassConfig
                0x0000000008008af4       0x38 ./Middlewares/ST/STM32_USB_Device_Library/Core/Src/usbd_core.o
                0x0000000008008af4                USBD_SetClassConfig
 .text.USBD_ClrClassConfig
                0x0000000008008b2c       0x30 ./Middlewares/ST/STM32_USB_Device_Library/Core/Src/usbd_core.o
                0x0000000008008b2c                USBD_ClrClassConfig
 .text.USBD_LL_SetupStage
                0x0000000008008b5c       0xaa ./Middlewares/ST/STM32_USB_Device_Library/Core/Src/usbd_core.o
                0x0000000008008b5c                USBD_LL_SetupStage
 .text.USBD_LL_DataOutStage
                0x0000000008008c06       0xc6 ./Middlewares/ST/STM32_USB_Device_Library/Core/Src/usbd_core.o
                0x0000000008008c06                USBD_LL_DataOutStage
 .text.USBD_LL_DataInStage
                0x0000000008008ccc      0x12c ./Middlewares/ST/STM32_USB_Device_Library/Core/Src/usbd_core.o
                0x0000000008008ccc                USBD_LL_DataInStage
 .text.USBD_LL_Reset
                0x0000000008008df8       0x9c ./Middlewares/ST/STM32_USB_Device_Library/Core/Src/usbd_core.o
                0x0000000008008df8                USBD_LL_Reset
 .text.USBD_LL_SetSpeed
                0x0000000008008e94       0x20 ./Middlewares/ST/STM32_USB_Device_Library/Core/Src/usbd_core.o
                0x0000000008008e94                USBD_LL_SetSpeed
 .text.USBD_LL_Suspend
                0x0000000008008eb4       0x2c ./Middlewares/ST/STM32_USB_Device_Library/Core/Src/usbd_core.o
                0x0000000008008eb4                USBD_LL_Suspend
 .text.USBD_LL_Resume
                0x0000000008008ee0       0x30 ./Middlewares/ST/STM32_USB_Device_Library/Core/Src/usbd_core.o
                0x0000000008008ee0                USBD_LL_Resume
 .text.USBD_LL_SOF
                0x0000000008008f10       0x44 ./Middlewares/ST/STM32_USB_Device_Library/Core/Src/usbd_core.o
                0x0000000008008f10                USBD_LL_SOF
 .text.USBD_LL_IsoINIncomplete
                0x0000000008008f54       0x4c ./Middlewares/ST/STM32_USB_Device_Library/Core/Src/usbd_core.o
                0x0000000008008f54                USBD_LL_IsoINIncomplete
 .text.USBD_LL_IsoOUTIncomplete
                0x0000000008008fa0       0x4c ./Middlewares/ST/STM32_USB_Device_Library/Core/Src/usbd_core.o
                0x0000000008008fa0                USBD_LL_IsoOUTIncomplete
 .text.USBD_LL_DevConnected
                0x0000000008008fec       0x16 ./Middlewares/ST/STM32_USB_Device_Library/Core/Src/usbd_core.o
                0x0000000008008fec                USBD_LL_DevConnected
 .text.USBD_LL_DevDisconnected
                0x0000000008009002       0x38 ./Middlewares/ST/STM32_USB_Device_Library/Core/Src/usbd_core.o
                0x0000000008009002                USBD_LL_DevDisconnected
 .text.SWAPBYTE
                0x000000000800903a       0x3c ./Middlewares/ST/STM32_USB_Device_Library/Core/Src/usbd_ctlreq.o
 *fill*         0x0000000008009076        0x2 
 .text.USBD_StdDevReq
                0x0000000008009078       0xdc ./Middlewares/ST/STM32_USB_Device_Library/Core/Src/usbd_ctlreq.o
                0x0000000008009078                USBD_StdDevReq
 .text.USBD_StdItfReq
                0x0000000008009154       0x92 ./Middlewares/ST/STM32_USB_Device_Library/Core/Src/usbd_ctlreq.o
                0x0000000008009154                USBD_StdItfReq
 .text.USBD_StdEPReq
                0x00000000080091e6      0x2c4 ./Middlewares/ST/STM32_USB_Device_Library/Core/Src/usbd_ctlreq.o
                0x00000000080091e6                USBD_StdEPReq
 *fill*         0x00000000080094aa        0x2 
 .text.USBD_GetDescriptor
                0x00000000080094ac      0x2d4 ./Middlewares/ST/STM32_USB_Device_Library/Core/Src/usbd_ctlreq.o
 .text.USBD_SetAddress
                0x0000000008009780       0x88 ./Middlewares/ST/STM32_USB_Device_Library/Core/Src/usbd_ctlreq.o
 .text.USBD_SetConfig
                0x0000000008009808      0x14c ./Middlewares/ST/STM32_USB_Device_Library/Core/Src/usbd_ctlreq.o
 .text.USBD_GetConfig
                0x0000000008009954       0x6c ./Middlewares/ST/STM32_USB_Device_Library/Core/Src/usbd_ctlreq.o
 .text.USBD_GetStatus
                0x00000000080099c0       0x68 ./Middlewares/ST/STM32_USB_Device_Library/Core/Src/usbd_ctlreq.o
 .text.USBD_SetFeature
                0x0000000008009a28       0x28 ./Middlewares/ST/STM32_USB_Device_Library/Core/Src/usbd_ctlreq.o
 .text.USBD_ClrFeature
                0x0000000008009a50       0x44 ./Middlewares/ST/STM32_USB_Device_Library/Core/Src/usbd_ctlreq.o
 .text.USBD_ParseSetupRequest
                0x0000000008009a94       0x74 ./Middlewares/ST/STM32_USB_Device_Library/Core/Src/usbd_ctlreq.o
                0x0000000008009a94                USBD_ParseSetupRequest
 .text.USBD_CtlError
                0x0000000008009b08       0x22 ./Middlewares/ST/STM32_USB_Device_Library/Core/Src/usbd_ctlreq.o
                0x0000000008009b08                USBD_CtlError
 .text.USBD_GetString
                0x0000000008009b2a       0x8c ./Middlewares/ST/STM32_USB_Device_Library/Core/Src/usbd_ctlreq.o
                0x0000000008009b2a                USBD_GetString
 .text.USBD_GetLen
                0x0000000008009bb6       0x34 ./Middlewares/ST/STM32_USB_Device_Library/Core/Src/usbd_ctlreq.o
 .text.USBD_CtlSendData
                0x0000000008009bea       0x36 ./Middlewares/ST/STM32_USB_Device_Library/Core/Src/usbd_ioreq.o
                0x0000000008009bea                USBD_CtlSendData
 .text.USBD_CtlContinueSendData
                0x0000000008009c20       0x22 ./Middlewares/ST/STM32_USB_Device_Library/Core/Src/usbd_ioreq.o
                0x0000000008009c20                USBD_CtlContinueSendData
 .text.USBD_CtlContinueRx
                0x0000000008009c42       0x22 ./Middlewares/ST/STM32_USB_Device_Library/Core/Src/usbd_ioreq.o
                0x0000000008009c42                USBD_CtlContinueRx
 .text.USBD_CtlSendStatus
                0x0000000008009c64       0x26 ./Middlewares/ST/STM32_USB_Device_Library/Core/Src/usbd_ioreq.o
                0x0000000008009c64                USBD_CtlSendStatus
 .text.USBD_CtlReceiveStatus
                0x0000000008009c8a       0x26 ./Middlewares/ST/STM32_USB_Device_Library/Core/Src/usbd_ioreq.o
                0x0000000008009c8a                USBD_CtlReceiveStatus
 .text.MX_USB_DEVICE_Init
                0x0000000008009cb0       0x4c ./USB_DEVICE/App/usb_device.o
                0x0000000008009cb0                MX_USB_DEVICE_Init
 .text.USBD_FS_DeviceDescriptor
                0x0000000008009cfc       0x24 ./USB_DEVICE/App/usbd_desc.o
                0x0000000008009cfc                USBD_FS_DeviceDescriptor
 .text.USBD_FS_LangIDStrDescriptor
                0x0000000008009d20       0x24 ./USB_DEVICE/App/usbd_desc.o
                0x0000000008009d20                USBD_FS_LangIDStrDescriptor
 .text.USBD_FS_ProductStrDescriptor
                0x0000000008009d44       0x3c ./USB_DEVICE/App/usbd_desc.o
                0x0000000008009d44                USBD_FS_ProductStrDescriptor
 .text.USBD_FS_ManufacturerStrDescriptor
                0x0000000008009d80       0x28 ./USB_DEVICE/App/usbd_desc.o
                0x0000000008009d80                USBD_FS_ManufacturerStrDescriptor
 .text.USBD_FS_SerialStrDescriptor
                0x0000000008009da8       0x24 ./USB_DEVICE/App/usbd_desc.o
                0x0000000008009da8                USBD_FS_SerialStrDescriptor
 .text.USBD_FS_ConfigStrDescriptor
                0x0000000008009dcc       0x3c ./USB_DEVICE/App/usbd_desc.o
                0x0000000008009dcc                USBD_FS_ConfigStrDescriptor
 .text.USBD_FS_InterfaceStrDescriptor
                0x0000000008009e08       0x3c ./USB_DEVICE/App/usbd_desc.o
                0x0000000008009e08                USBD_FS_InterfaceStrDescriptor
 .text.Get_SerialNum
                0x0000000008009e44       0x58 ./USB_DEVICE/App/usbd_desc.o
 .text.IntToUnicode
                0x0000000008009e9c       0x7e ./USB_DEVICE/App/usbd_desc.o
 *fill*         0x0000000008009f1a        0x2 
 .text.HAL_PCD_MspInit
                0x0000000008009f1c       0xc4 ./USB_DEVICE/Target/usbd_conf.o
                0x0000000008009f1c                HAL_PCD_MspInit
 .text.HAL_PCD_SetupStageCallback
                0x0000000008009fe0       0x24 ./USB_DEVICE/Target/usbd_conf.o
                0x0000000008009fe0                HAL_PCD_SetupStageCallback
 .text.HAL_PCD_DataOutStageCallback
                0x000000000800a004       0x36 ./USB_DEVICE/Target/usbd_conf.o
                0x000000000800a004                HAL_PCD_DataOutStageCallback
 .text.HAL_PCD_DataInStageCallback
                0x000000000800a03a       0x34 ./USB_DEVICE/Target/usbd_conf.o
                0x000000000800a03a                HAL_PCD_DataInStageCallback
 .text.HAL_PCD_SOFCallback
                0x000000000800a06e       0x1c ./USB_DEVICE/Target/usbd_conf.o
                0x000000000800a06e                HAL_PCD_SOFCallback
 .text.HAL_PCD_ResetCallback
                0x000000000800a08a       0x50 ./USB_DEVICE/Target/usbd_conf.o
                0x000000000800a08a                HAL_PCD_ResetCallback
 *fill*         0x000000000800a0da        0x2 
 .text.HAL_PCD_SuspendCallback
                0x000000000800a0dc       0x4c ./USB_DEVICE/Target/usbd_conf.o
                0x000000000800a0dc                HAL_PCD_SuspendCallback
 .text.HAL_PCD_ResumeCallback
                0x000000000800a128       0x1c ./USB_DEVICE/Target/usbd_conf.o
                0x000000000800a128                HAL_PCD_ResumeCallback
 .text.HAL_PCD_ISOOUTIncompleteCallback
                0x000000000800a144       0x24 ./USB_DEVICE/Target/usbd_conf.o
                0x000000000800a144                HAL_PCD_ISOOUTIncompleteCallback
 .text.HAL_PCD_ISOINIncompleteCallback
                0x000000000800a168       0x24 ./USB_DEVICE/Target/usbd_conf.o
                0x000000000800a168                HAL_PCD_ISOINIncompleteCallback
 .text.HAL_PCD_ConnectCallback
                0x000000000800a18c       0x1c ./USB_DEVICE/Target/usbd_conf.o
                0x000000000800a18c                HAL_PCD_ConnectCallback
 .text.HAL_PCD_DisconnectCallback
                0x000000000800a1a8       0x1c ./USB_DEVICE/Target/usbd_conf.o
                0x000000000800a1a8                HAL_PCD_DisconnectCallback
 .text.USBD_LL_Init
                0x000000000800a1c4       0x98 ./USB_DEVICE/Target/usbd_conf.o
                0x000000000800a1c4                USBD_LL_Init
 .text.USBD_LL_Start
                0x000000000800a25c       0x36 ./USB_DEVICE/Target/usbd_conf.o
                0x000000000800a25c                USBD_LL_Start
 .text.USBD_LL_OpenEP
                0x000000000800a292       0x4c ./USB_DEVICE/Target/usbd_conf.o
                0x000000000800a292                USBD_LL_OpenEP
 .text.USBD_LL_CloseEP
                0x000000000800a2de       0x3e ./USB_DEVICE/Target/usbd_conf.o
                0x000000000800a2de                USBD_LL_CloseEP
 .text.USBD_LL_StallEP
                0x000000000800a31c       0x3e ./USB_DEVICE/Target/usbd_conf.o
                0x000000000800a31c                USBD_LL_StallEP
 .text.USBD_LL_ClearStallEP
                0x000000000800a35a       0x3e ./USB_DEVICE/Target/usbd_conf.o
                0x000000000800a35a                USBD_LL_ClearStallEP
 .text.USBD_LL_IsStallEP
                0x000000000800a398       0x58 ./USB_DEVICE/Target/usbd_conf.o
                0x000000000800a398                USBD_LL_IsStallEP
 .text.USBD_LL_SetUSBAddress
                0x000000000800a3f0       0x3e ./USB_DEVICE/Target/usbd_conf.o
                0x000000000800a3f0                USBD_LL_SetUSBAddress
 .text.USBD_LL_Transmit
                0x000000000800a42e       0x42 ./USB_DEVICE/Target/usbd_conf.o
                0x000000000800a42e                USBD_LL_Transmit
 .text.USBD_LL_PrepareReceive
                0x000000000800a470       0x42 ./USB_DEVICE/Target/usbd_conf.o
                0x000000000800a470                USBD_LL_PrepareReceive
 *fill*         0x000000000800a4b2        0x2 
 .text.USBD_static_malloc
                0x000000000800a4b4       0x1c ./USB_DEVICE/Target/usbd_conf.o
                0x000000000800a4b4                USBD_static_malloc
 .text.USBD_static_free
                0x000000000800a4d0       0x14 ./USB_DEVICE/Target/usbd_conf.o
                0x000000000800a4d0                USBD_static_free
 .text.USBD_Get_USB_Status
                0x000000000800a4e4       0x58 ./USB_DEVICE/Target/usbd_conf.o
                0x000000000800a4e4                USBD_Get_USB_Status
 .text.__errno  0x000000000800a53c        0xc c:/st/stm32cubeide_1.8.0/stm32cubeide/plugins/com.st.stm32cube.ide.mcu.externaltools.gnu-tools-for-stm32.9-2020-q2-update.win32_2.0.0.202105311346/tools/bin/../lib/gcc/arm-none-eabi/9.3.1/../../../../arm-none-eabi/lib/thumb/v7e-m+fp/hard\libc_nano.a(lib_a-errno.o)
                0x000000000800a53c                __errno
 .text.__libc_init_array
                0x000000000800a548       0x48 c:/st/stm32cubeide_1.8.0/stm32cubeide/plugins/com.st.stm32cube.ide.mcu.externaltools.gnu-tools-for-stm32.9-2020-q2-update.win32_2.0.0.202105311346/tools/bin/../lib/gcc/arm-none-eabi/9.3.1/../../../../arm-none-eabi/lib/thumb/v7e-m+fp/hard\libc_nano.a(lib_a-init.o)
                0x000000000800a548                __libc_init_array
 .text.memcpy   0x000000000800a590       0x1c c:/st/stm32cubeide_1.8.0/stm32cubeide/plugins/com.st.stm32cube.ide.mcu.externaltools.gnu-tools-for-stm32.9-2020-q2-update.win32_2.0.0.202105311346/tools/bin/../lib/gcc/arm-none-eabi/9.3.1/../../../../arm-none-eabi/lib/thumb/v7e-m+fp/hard\libc_nano.a(lib_a-memcpy-stub.o)
                0x000000000800a590                memcpy
 .text.memset   0x000000000800a5ac       0x10 c:/st/stm32cubeide_1.8.0/stm32cubeide/plugins/com.st.stm32cube.ide.mcu.externaltools.gnu-tools-for-stm32.9-2020-q2-update.win32_2.0.0.202105311346/tools/bin/../lib/gcc/arm-none-eabi/9.3.1/../../../../arm-none-eabi/lib/thumb/v7e-m+fp/hard\libc_nano.a(lib_a-memset.o)
                0x000000000800a5ac                memset
 .text.sprintf  0x000000000800a5bc       0x40 c:/st/stm32cubeide_1.8.0/stm32cubeide/plugins/com.st.stm32cube.ide.mcu.externaltools.gnu-tools-for-stm32.9-2020-q2-update.win32_2.0.0.202105311346/tools/bin/../lib/gcc/arm-none-eabi/9.3.1/../../../../arm-none-eabi/lib/thumb/v7e-m+fp/hard\libc_nano.a(lib_a-sprintf.o)
                0x000000000800a5bc                siprintf
                0x000000000800a5bc                sprintf
 .text.__ssputs_r
                0x000000000800a5fc       0xb6 c:/st/stm32cubeide_1.8.0/stm32cubeide/plugins/com.st.stm32cube.ide.mcu.externaltools.gnu-tools-for-stm32.9-2020-q2-update.win32_2.0.0.202105311346/tools/bin/../lib/gcc/arm-none-eabi/9.3.1/../../../../arm-none-eabi/lib/thumb/v7e-m+fp/hard\libc_nano.a(lib_a-nano-svfprintf.o)
                0x000000000800a5fc                __ssputs_r
 *fill*         0x000000000800a6b2        0x2 
 .text._svfprintf_r
                0x000000000800a6b4      0x200 c:/st/stm32cubeide_1.8.0/stm32cubeide/plugins/com.st.stm32cube.ide.mcu.externaltools.gnu-tools-for-stm32.9-2020-q2-update.win32_2.0.0.202105311346/tools/bin/../lib/gcc/arm-none-eabi/9.3.1/../../../../arm-none-eabi/lib/thumb/v7e-m+fp/hard\libc_nano.a(lib_a-nano-svfprintf.o)
                0x000000000800a6b4                _svfiprintf_r
                0x000000000800a6b4                _svfprintf_r
 .text._printf_common
                0x000000000800a8b4       0xda c:/st/stm32cubeide_1.8.0/stm32cubeide/plugins/com.st.stm32cube.ide.mcu.externaltools.gnu-tools-for-stm32.9-2020-q2-update.win32_2.0.0.202105311346/tools/bin/../lib/gcc/arm-none-eabi/9.3.1/../../../../arm-none-eabi/lib/thumb/v7e-m+fp/hard\libc_nano.a(lib_a-nano-vfprintf_i.o)
                0x000000000800a8b4                _printf_common
 *fill*         0x000000000800a98e        0x2 
 .text._printf_i
                0x000000000800a990      0x24c c:/st/stm32cubeide_1.8.0/stm32cubeide/plugins/com.st.stm32cube.ide.mcu.externaltools.gnu-tools-for-stm32.9-2020-q2-update.win32_2.0.0.202105311346/tools/bin/../lib/gcc/arm-none-eabi/9.3.1/../../../../arm-none-eabi/lib/thumb/v7e-m+fp/hard\libc_nano.a(lib_a-nano-vfprintf_i.o)
                0x000000000800a990                _printf_i
 .text.memmove  0x000000000800abdc       0x34 c:/st/stm32cubeide_1.8.0/stm32cubeide/plugins/com.st.stm32cube.ide.mcu.externaltools.gnu-tools-for-stm32.9-2020-q2-update.win32_2.0.0.202105311346/tools/bin/../lib/gcc/arm-none-eabi/9.3.1/../../../../arm-none-eabi/lib/thumb/v7e-m+fp/hard\libc_nano.a(lib_a-memmove.o)
                0x000000000800abdc                memmove
 .text._free_r  0x000000000800ac10       0xa0 c:/st/stm32cubeide_1.8.0/stm32cubeide/plugins/com.st.stm32cube.ide.mcu.externaltools.gnu-tools-for-stm32.9-2020-q2-update.win32_2.0.0.202105311346/tools/bin/../lib/gcc/arm-none-eabi/9.3.1/../../../../arm-none-eabi/lib/thumb/v7e-m+fp/hard\libc_nano.a(lib_a-nano-freer.o)
                0x000000000800ac10                _free_r
 .text._malloc_r
                0x000000000800acb0       0xb4 c:/st/stm32cubeide_1.8.0/stm32cubeide/plugins/com.st.stm32cube.ide.mcu.externaltools.gnu-tools-for-stm32.9-2020-q2-update.win32_2.0.0.202105311346/tools/bin/../lib/gcc/arm-none-eabi/9.3.1/../../../../arm-none-eabi/lib/thumb/v7e-m+fp/hard\libc_nano.a(lib_a-nano-mallocr.o)
                0x000000000800acb0                _malloc_r
 .text._realloc_r
                0x000000000800ad64       0x4c c:/st/stm32cubeide_1.8.0/stm32cubeide/plugins/com.st.stm32cube.ide.mcu.externaltools.gnu-tools-for-stm32.9-2020-q2-update.win32_2.0.0.202105311346/tools/bin/../lib/gcc/arm-none-eabi/9.3.1/../../../../arm-none-eabi/lib/thumb/v7e-m+fp/hard\libc_nano.a(lib_a-nano-reallocr.o)
                0x000000000800ad64                _realloc_r
 .text._sbrk_r  0x000000000800adb0       0x20 c:/st/stm32cubeide_1.8.0/stm32cubeide/plugins/com.st.stm32cube.ide.mcu.externaltools.gnu-tools-for-stm32.9-2020-q2-update.win32_2.0.0.202105311346/tools/bin/../lib/gcc/arm-none-eabi/9.3.1/../../../../arm-none-eabi/lib/thumb/v7e-m+fp/hard\libc_nano.a(lib_a-sbrkr.o)
                0x000000000800adb0                _sbrk_r
 .text.__malloc_lock
                0x000000000800add0        0xc c:/st/stm32cubeide_1.8.0/stm32cubeide/plugins/com.st.stm32cube.ide.mcu.externaltools.gnu-tools-for-stm32.9-2020-q2-update.win32_2.0.0.202105311346/tools/bin/../lib/gcc/arm-none-eabi/9.3.1/../../../../arm-none-eabi/lib/thumb/v7e-m+fp/hard\libc_nano.a(lib_a-mlock.o)
                0x000000000800add0                __malloc_lock
 .text.__malloc_unlock
                0x000000000800addc        0xc c:/st/stm32cubeide_1.8.0/stm32cubeide/plugins/com.st.stm32cube.ide.mcu.externaltools.gnu-tools-for-stm32.9-2020-q2-update.win32_2.0.0.202105311346/tools/bin/../lib/gcc/arm-none-eabi/9.3.1/../../../../arm-none-eabi/lib/thumb/v7e-m+fp/hard\libc_nano.a(lib_a-mlock.o)
                0x000000000800addc                __malloc_unlock
 .text._malloc_usable_size_r
                0x000000000800ade8       0x10 c:/st/stm32cubeide_1.8.0/stm32cubeide/plugins/com.st.stm32cube.ide.mcu.externaltools.gnu-tools-for-stm32.9-2020-q2-update.win32_2.0.0.202105311346/tools/bin/../lib/gcc/arm-none-eabi/9.3.1/../../../../arm-none-eabi/lib/thumb/v7e-m+fp/hard\libc_nano.a(lib_a-nano-msizer.o)
                0x000000000800ade8                _malloc_usable_size_r
 .text.__retarget_lock_acquire_recursive
                0x000000000800adf8        0x2 c:/st/stm32cubeide_1.8.0/stm32cubeide/plugins/com.st.stm32cube.ide.mcu.externaltools.gnu-tools-for-stm32.9-2020-q2-update.win32_2.0.0.202105311346/tools/bin/../lib/gcc/arm-none-eabi/9.3.1/../../../../arm-none-eabi/lib/thumb/v7e-m+fp/hard\libc_nano.a(lib_a-lock.o)
                0x000000000800adf8                __retarget_lock_acquire_recursive
 .text.__retarget_lock_release_recursive
                0x000000000800adfa        0x2 c:/st/stm32cubeide_1.8.0/stm32cubeide/plugins/com.st.stm32cube.ide.mcu.externaltools.gnu-tools-for-stm32.9-2020-q2-update.win32_2.0.0.202105311346/tools/bin/../lib/gcc/arm-none-eabi/9.3.1/../../../../arm-none-eabi/lib/thumb/v7e-m+fp/hard\libc_nano.a(lib_a-lock.o)
                0x000000000800adfa                __retarget_lock_release_recursive
 *(.glue_7)
 .glue_7        0x000000000800adfc        0x0 linker stubs
 *(.glue_7t)
 .glue_7t       0x000000000800adfc        0x0 linker stubs
 *(.eh_frame)
 .eh_frame      0x000000000800adfc        0x0 c:/st/stm32cubeide_1.8.0/stm32cubeide/plugins/com.st.stm32cube.ide.mcu.externaltools.gnu-tools-for-stm32.9-2020-q2-update.win32_2.0.0.202105311346/tools/bin/../lib/gcc/arm-none-eabi/9.3.1/thumb/v7e-m+fp/hard/crtbegin.o
 *(.init)
 .init          0x000000000800adfc        0x4 c:/st/stm32cubeide_1.8.0/stm32cubeide/plugins/com.st.stm32cube.ide.mcu.externaltools.gnu-tools-for-stm32.9-2020-q2-update.win32_2.0.0.202105311346/tools/bin/../lib/gcc/arm-none-eabi/9.3.1/thumb/v7e-m+fp/hard/crti.o
                0x000000000800adfc                _init
 .init          0x000000000800ae00        0x8 c:/st/stm32cubeide_1.8.0/stm32cubeide/plugins/com.st.stm32cube.ide.mcu.externaltools.gnu-tools-for-stm32.9-2020-q2-update.win32_2.0.0.202105311346/tools/bin/../lib/gcc/arm-none-eabi/9.3.1/thumb/v7e-m+fp/hard/crtn.o
 *(.fini)
 .fini          0x000000000800ae08        0x4 c:/st/stm32cubeide_1.8.0/stm32cubeide/plugins/com.st.stm32cube.ide.mcu.externaltools.gnu-tools-for-stm32.9-2020-q2-update.win32_2.0.0.202105311346/tools/bin/../lib/gcc/arm-none-eabi/9.3.1/thumb/v7e-m+fp/hard/crti.o
                0x000000000800ae08                _fini
 .fini          0x000000000800ae0c        0x8 c:/st/stm32cubeide_1.8.0/stm32cubeide/plugins/com.st.stm32cube.ide.mcu.externaltools.gnu-tools-for-stm32.9-2020-q2-update.win32_2.0.0.202105311346/tools/bin/../lib/gcc/arm-none-eabi/9.3.1/thumb/v7e-m+fp/hard/crtn.o
                0x000000000800ae14                . = ALIGN (0x4)
                0x000000000800ae14                _etext = .

.vfp11_veneer   0x000000000800ae14        0x0
 .vfp11_veneer  0x000000000800ae14        0x0 linker stubs

.v4_bx          0x000000000800ae14        0x0
 .v4_bx         0x000000000800ae14        0x0 linker stubs

.iplt           0x000000000800ae14        0x0
 .iplt          0x000000000800ae14        0x0 c:/st/stm32cubeide_1.8.0/stm32cubeide/plugins/com.st.stm32cube.ide.mcu.externaltools.gnu-tools-for-stm32.9-2020-q2-update.win32_2.0.0.202105311346/tools/bin/../lib/gcc/arm-none-eabi/9.3.1/thumb/v7e-m+fp/hard/crtbegin.o

.rodata         0x000000000800ae14       0xc0
                0x000000000800ae14                . = ALIGN (0x4)
 *(.rodata)
 .rodata        0x000000000800ae14       0x13 ./Core/Src/main.o
 *fill*         0x000000000800ae27        0x1 
 .rodata        0x000000000800ae28        0x5 ./FreeRTOS/tasks.o
 *fill*         0x000000000800ae2d        0x3 
 .rodata        0x000000000800ae30        0xd ./FreeRTOS/timers.o
 *fill*         0x000000000800ae3d        0x3 
 .rodata        0x000000000800ae40       0x46 ./USB_DEVICE/App/usbd_desc.o
 *(.rodata*)
 *fill*         0x000000000800ae86        0x2 
 .rodata.AHBPrescTable
                0x000000000800ae88       0x10 ./Core/Src/system_stm32f4xx.o
                0x000000000800ae88                AHBPrescTable
 .rodata.APBPrescTable
                0x000000000800ae98        0x8 ./Core/Src/system_stm32f4xx.o
                0x000000000800ae98                APBPrescTable
 .rodata._svfprintf_r.str1.1
                0x000000000800aea0       0x11 c:/st/stm32cubeide_1.8.0/stm32cubeide/plugins/com.st.stm32cube.ide.mcu.externaltools.gnu-tools-for-stm32.9-2020-q2-update.win32_2.0.0.202105311346/tools/bin/../lib/gcc/arm-none-eabi/9.3.1/../../../../arm-none-eabi/lib/thumb/v7e-m+fp/hard\libc_nano.a(lib_a-nano-svfprintf.o)
 .rodata._printf_i.str1.1
                0x000000000800aeb1       0x22 c:/st/stm32cubeide_1.8.0/stm32cubeide/plugins/com.st.stm32cube.ide.mcu.externaltools.gnu-tools-for-stm32.9-2020-q2-update.win32_2.0.0.202105311346/tools/bin/../lib/gcc/arm-none-eabi/9.3.1/../../../../arm-none-eabi/lib/thumb/v7e-m+fp/hard\libc_nano.a(lib_a-nano-vfprintf_i.o)
                0x000000000800aed4                . = ALIGN (0x4)
 *fill*         0x000000000800aed3        0x1 

.ARM.extab      0x000000000800aed4        0x0
                0x000000000800aed4                . = ALIGN (0x4)
 *(.ARM.extab* .gnu.linkonce.armextab.*)
                0x000000000800aed4                . = ALIGN (0x4)

.ARM            0x000000000800aed4        0x8
                0x000000000800aed4                . = ALIGN (0x4)
                0x000000000800aed4                __exidx_start = .
 *(.ARM.exidx*)
 .ARM.exidx     0x000000000800aed4        0x8 c:/st/stm32cubeide_1.8.0/stm32cubeide/plugins/com.st.stm32cube.ide.mcu.externaltools.gnu-tools-for-stm32.9-2020-q2-update.win32_2.0.0.202105311346/tools/bin/../lib/gcc/arm-none-eabi/9.3.1/thumb/v7e-m+fp/hard\libgcc.a(_udivmoddi4.o)
                0x000000000800aedc                __exidx_end = .
                0x000000000800aedc                . = ALIGN (0x4)

.rel.dyn        0x000000000800aedc        0x0
 .rel.iplt      0x000000000800aedc        0x0 c:/st/stm32cubeide_1.8.0/stm32cubeide/plugins/com.st.stm32cube.ide.mcu.externaltools.gnu-tools-for-stm32.9-2020-q2-update.win32_2.0.0.202105311346/tools/bin/../lib/gcc/arm-none-eabi/9.3.1/thumb/v7e-m+fp/hard/crtbegin.o

.preinit_array  0x000000000800aedc        0x0
                0x000000000800aedc                . = ALIGN (0x4)
                0x000000000800aedc                PROVIDE (__preinit_array_start = .)
 *(.preinit_array*)
                0x000000000800aedc                PROVIDE (__preinit_array_end = .)
                0x000000000800aedc                . = ALIGN (0x4)

.init_array     0x000000000800aedc        0x4
                0x000000000800aedc                . = ALIGN (0x4)
                0x000000000800aedc                PROVIDE (__init_array_start = .)
 *(SORT_BY_NAME(.init_array.*))
 *(.init_array*)
 .init_array    0x000000000800aedc        0x4 c:/st/stm32cubeide_1.8.0/stm32cubeide/plugins/com.st.stm32cube.ide.mcu.externaltools.gnu-tools-for-stm32.9-2020-q2-update.win32_2.0.0.202105311346/tools/bin/../lib/gcc/arm-none-eabi/9.3.1/thumb/v7e-m+fp/hard/crtbegin.o
                0x000000000800aee0                PROVIDE (__init_array_end = .)
                0x000000000800aee0                . = ALIGN (0x4)

.fini_array     0x000000000800aee0        0x4
                0x000000000800aee0                . = ALIGN (0x4)
                [!provide]                        PROVIDE (__fini_array_start = .)
 *(SORT_BY_NAME(.fini_array.*))
 *(.fini_array*)
 .fini_array    0x000000000800aee0        0x4 c:/st/stm32cubeide_1.8.0/stm32cubeide/plugins/com.st.stm32cube.ide.mcu.externaltools.gnu-tools-for-stm32.9-2020-q2-update.win32_2.0.0.202105311346/tools/bin/../lib/gcc/arm-none-eabi/9.3.1/thumb/v7e-m+fp/hard/crtbegin.o
                [!provide]                        PROVIDE (__fini_array_end = .)
                0x000000000800aee4                . = ALIGN (0x4)
                0x000000000800aee4                _sidata = LOADADDR (.data)

.data           0x0000000020000000      0x1cc load address 0x000000000800aee4
                0x0000000020000000                . = ALIGN (0x4)
                0x0000000020000000                _sdata = .
 *(.data)
 *(.data*)
 .data.SystemCoreClock
                0x0000000020000000        0x4 ./Core/Src/system_stm32f4xx.o
                0x0000000020000000                SystemCoreClock
 .data.uwTickPrio
                0x0000000020000004        0x4 ./Drivers/STM32F4xx_HAL_Driver/Src/stm32f4xx_hal.o
                0x0000000020000004                uwTickPrio
 .data.uwTickFreq
                0x0000000020000008        0x1 ./Drivers/STM32F4xx_HAL_Driver/Src/stm32f4xx_hal.o
                0x0000000020000008                uwTickFreq
 *fill*         0x0000000020000009        0x3 
 .data.uxCriticalNesting
                0x000000002000000c        0x4 ./FreeRTOS/portable/ARM_CM4F/port.o
 .data.USBD_HID
                0x0000000020000010       0x38 ./Middlewares/ST/STM32_USB_Device_Library/Class/HID/Src/usbd_hid.o
                0x0000000020000010                USBD_HID
 .data.USBD_HID_CfgFSDesc
                0x0000000020000048       0x22 ./Middlewares/ST/STM32_USB_Device_Library/Class/HID/Src/usbd_hid.o
 *fill*         0x000000002000006a        0x2 
 .data.USBD_HID_CfgHSDesc
                0x000000002000006c       0x22 ./Middlewares/ST/STM32_USB_Device_Library/Class/HID/Src/usbd_hid.o
 *fill*         0x000000002000008e        0x2 
 .data.USBD_HID_OtherSpeedCfgDesc
                0x0000000020000090       0x22 ./Middlewares/ST/STM32_USB_Device_Library/Class/HID/Src/usbd_hid.o
 *fill*         0x00000000200000b2        0x2 
 .data.USBD_HID_Desc
                0x00000000200000b4        0x9 ./Middlewares/ST/STM32_USB_Device_Library/Class/HID/Src/usbd_hid.o
 *fill*         0x00000000200000bd        0x3 
 .data.USBD_HID_DeviceQualifierDesc
                0x00000000200000c0        0xa ./Middlewares/ST/STM32_USB_Device_Library/Class/HID/Src/usbd_hid.o
 *fill*         0x00000000200000ca        0x2 
 .data.HID_MOUSE_ReportDesc
                0x00000000200000cc       0x4a ./Middlewares/ST/STM32_USB_Device_Library/Class/HID/Src/usbd_hid.o
 *fill*         0x0000000020000116        0x2 
 .data.FS_Desc  0x0000000020000118       0x1c ./USB_DEVICE/App/usbd_desc.o
                0x0000000020000118                FS_Desc
 .data.USBD_FS_DeviceDesc
                0x0000000020000134       0x12 ./USB_DEVICE/App/usbd_desc.o
                0x0000000020000134                USBD_FS_DeviceDesc
 *fill*         0x0000000020000146        0x2 
 .data.USBD_LangIDDesc
                0x0000000020000148        0x4 ./USB_DEVICE/App/usbd_desc.o
                0x0000000020000148                USBD_LangIDDesc
 .data.USBD_StringSerial
                0x000000002000014c       0x1a ./USB_DEVICE/App/usbd_desc.o
                0x000000002000014c                USBD_StringSerial
 *fill*         0x0000000020000166        0x2 
 .data._impure_ptr
                0x0000000020000168        0x4 c:/st/stm32cubeide_1.8.0/stm32cubeide/plugins/com.st.stm32cube.ide.mcu.externaltools.gnu-tools-for-stm32.9-2020-q2-update.win32_2.0.0.202105311346/tools/bin/../lib/gcc/arm-none-eabi/9.3.1/../../../../arm-none-eabi/lib/thumb/v7e-m+fp/hard\libc_nano.a(lib_a-impure.o)
                0x0000000020000168                _impure_ptr
 .data.impure_data
                0x000000002000016c       0x60 c:/st/stm32cubeide_1.8.0/stm32cubeide/plugins/com.st.stm32cube.ide.mcu.externaltools.gnu-tools-for-stm32.9-2020-q2-update.win32_2.0.0.202105311346/tools/bin/../lib/gcc/arm-none-eabi/9.3.1/../../../../arm-none-eabi/lib/thumb/v7e-m+fp/hard\libc_nano.a(lib_a-impure.o)
 *(.RamFunc)
 *(.RamFunc*)
                0x00000000200001cc                . = ALIGN (0x4)
                0x00000000200001cc                _edata = .
                0x000000000800b0b0                _siccmram = LOADADDR (.ccmram)

.igot.plt       0x00000000200001cc        0x0 load address 0x000000000800b0b0
 .igot.plt      0x00000000200001cc        0x0 c:/st/stm32cubeide_1.8.0/stm32cubeide/plugins/com.st.stm32cube.ide.mcu.externaltools.gnu-tools-for-stm32.9-2020-q2-update.win32_2.0.0.202105311346/tools/bin/../lib/gcc/arm-none-eabi/9.3.1/thumb/v7e-m+fp/hard/crtbegin.o

.ccmram         0x0000000010000000        0x0 load address 0x000000000800b0b0
                0x0000000010000000                . = ALIGN (0x4)
                0x0000000010000000                _sccmram = .
 *(.ccmram)
 *(.ccmram*)
                0x0000000010000000                . = ALIGN (0x4)
                0x0000000010000000                _eccmram = .
                0x0000000010000000                . = ALIGN (0x4)

.bss            0x00000000200001cc    0x137fc
                0x00000000200001cc                _sbss = .
                0x00000000200001cc                __bss_start__ = _sbss
 *(.bss)
 .bss           0x00000000200001cc       0x1c c:/st/stm32cubeide_1.8.0/stm32cubeide/plugins/com.st.stm32cube.ide.mcu.externaltools.gnu-tools-for-stm32.9-2020-q2-update.win32_2.0.0.202105311346/tools/bin/../lib/gcc/arm-none-eabi/9.3.1/thumb/v7e-m+fp/hard/crtbegin.o
 *(.bss*)
 .bss.xSemaphore
                0x00000000200001e8        0x4 ./Core/Src/main.o
                0x00000000200001e8                xSemaphore
 .bss.__sbrk_heap_end
                0x00000000200001ec        0x4 ./Core/Src/sysmem.o
 .bss.pxCurrentTCB
                0x00000000200001f0        0x4 ./FreeRTOS/tasks.o
                0x00000000200001f0                pxCurrentTCB
 .bss.pxReadyTasksLists
                0x00000000200001f4       0x64 ./FreeRTOS/tasks.o
 .bss.xDelayedTaskList1
                0x0000000020000258       0x14 ./FreeRTOS/tasks.o
 .bss.xDelayedTaskList2
                0x000000002000026c       0x14 ./FreeRTOS/tasks.o
 .bss.pxDelayedTaskList
                0x0000000020000280        0x4 ./FreeRTOS/tasks.o
 .bss.pxOverflowDelayedTaskList
                0x0000000020000284        0x4 ./FreeRTOS/tasks.o
 .bss.xPendingReadyList
                0x0000000020000288       0x14 ./FreeRTOS/tasks.o
 .bss.xTasksWaitingTermination
                0x000000002000029c       0x14 ./FreeRTOS/tasks.o
 .bss.uxDeletedTasksWaitingCleanUp
                0x00000000200002b0        0x4 ./FreeRTOS/tasks.o
 .bss.xSuspendedTaskList
                0x00000000200002b4       0x14 ./FreeRTOS/tasks.o
 .bss.uxCurrentNumberOfTasks
                0x00000000200002c8        0x4 ./FreeRTOS/tasks.o
 .bss.xTickCount
                0x00000000200002cc        0x4 ./FreeRTOS/tasks.o
 .bss.uxTopReadyPriority
                0x00000000200002d0        0x4 ./FreeRTOS/tasks.o
 .bss.xSchedulerRunning
                0x00000000200002d4        0x4 ./FreeRTOS/tasks.o
 .bss.uxPendedTicks
                0x00000000200002d8        0x4 ./FreeRTOS/tasks.o
 .bss.xYieldPending
                0x00000000200002dc        0x4 ./FreeRTOS/tasks.o
 .bss.xNumOfOverflows
                0x00000000200002e0        0x4 ./FreeRTOS/tasks.o
 .bss.uxTaskNumber
                0x00000000200002e4        0x4 ./FreeRTOS/tasks.o
 .bss.xNextTaskUnblockTime
                0x00000000200002e8        0x4 ./FreeRTOS/tasks.o
 .bss.xIdleTaskHandle
                0x00000000200002ec        0x4 ./FreeRTOS/tasks.o
 .bss.uxSchedulerSuspended
                0x00000000200002f0        0x4 ./FreeRTOS/tasks.o
 .bss.xActiveTimerList1
                0x00000000200002f4       0x14 ./FreeRTOS/timers.o
 .bss.xActiveTimerList2
                0x0000000020000308       0x14 ./FreeRTOS/timers.o
 .bss.pxCurrentTimerList
                0x000000002000031c        0x4 ./FreeRTOS/timers.o
 .bss.pxOverflowTimerList
                0x0000000020000320        0x4 ./FreeRTOS/timers.o
 .bss.xTimerQueue
                0x0000000020000324        0x4 ./FreeRTOS/timers.o
 .bss.xTimerTaskHandle
                0x0000000020000328        0x4 ./FreeRTOS/timers.o
 .bss.xLastTime.6861
                0x000000002000032c        0x4 ./FreeRTOS/timers.o
 .bss.ucMaxSysCallPriority
                0x0000000020000330        0x1 ./FreeRTOS/portable/ARM_CM4F/port.o
 *fill*         0x0000000020000331        0x3 
 .bss.ulMaxPRIGROUPValue
                0x0000000020000334        0x4 ./FreeRTOS/portable/ARM_CM4F/port.o
 .bss.ucHeap    0x0000000020000338    0x12c00 ./FreeRTOS/portable/MemMang/heap_4.o
 .bss.xStart    0x0000000020012f38        0x8 ./FreeRTOS/portable/MemMang/heap_4.o
 .bss.pxEnd     0x0000000020012f40        0x4 ./FreeRTOS/portable/MemMang/heap_4.o
 .bss.xFreeBytesRemaining
                0x0000000020012f44        0x4 ./FreeRTOS/portable/MemMang/heap_4.o
 .bss.xMinimumEverFreeBytesRemaining
                0x0000000020012f48        0x4 ./FreeRTOS/portable/MemMang/heap_4.o
 .bss.xBlockAllocatedBit
                0x0000000020012f4c        0x4 ./FreeRTOS/portable/MemMang/heap_4.o
 .bss.cfgidx.11113
                0x0000000020012f50        0x1 ./Middlewares/ST/STM32_USB_Device_Library/Core/Src/usbd_ctlreq.o
 *fill*         0x0000000020012f51        0x3 
 .bss.mem.11150
                0x0000000020012f54       0x14 ./USB_DEVICE/Target/usbd_conf.o
 .bss.__malloc_free_list
                0x0000000020012f68        0x4 c:/st/stm32cubeide_1.8.0/stm32cubeide/plugins/com.st.stm32cube.ide.mcu.externaltools.gnu-tools-for-stm32.9-2020-q2-update.win32_2.0.0.202105311346/tools/bin/../lib/gcc/arm-none-eabi/9.3.1/../../../../arm-none-eabi/lib/thumb/v7e-m+fp/hard\libc_nano.a(lib_a-nano-mallocr.o)
                0x0000000020012f68                __malloc_free_list
 .bss.__malloc_sbrk_start
                0x0000000020012f6c        0x4 c:/st/stm32cubeide_1.8.0/stm32cubeide/plugins/com.st.stm32cube.ide.mcu.externaltools.gnu-tools-for-stm32.9-2020-q2-update.win32_2.0.0.202105311346/tools/bin/../lib/gcc/arm-none-eabi/9.3.1/../../../../arm-none-eabi/lib/thumb/v7e-m+fp/hard\libc_nano.a(lib_a-nano-mallocr.o)
                0x0000000020012f6c                __malloc_sbrk_start
 *(COMMON)
 COMMON         0x0000000020012f70       0xe4 ./Core/Src/main.o
                0x0000000020012f70                keyStateLast
                0x0000000020012f74                huart3
                0x0000000020012fb8                cnt
                0x0000000020012fbc                Rx_data
                0x0000000020012fc0                tMouse_buff
                0x0000000020012fc4                keyState
                0x0000000020012fc8                hadc1
                0x0000000020013010                huart2
 COMMON         0x0000000020013054       0x48 ./Core/Src/stm32f4xx_hal_timebase_tim.o
                0x0000000020013054                htim7
 COMMON         0x000000002001309c        0x4 ./Drivers/STM32F4xx_HAL_Driver/Src/stm32f4xx_hal.o
                0x000000002001309c                uwTick
 COMMON         0x00000000200130a0       0x40 ./FreeRTOS/queue.o
                0x00000000200130a0                xQueueRegistry
 COMMON         0x00000000200130e0      0x2d0 ./USB_DEVICE/App/usb_device.o
                0x00000000200130e0                hUsbDeviceFS
 COMMON         0x00000000200133b0      0x200 ./USB_DEVICE/App/usbd_desc.o
                0x00000000200133b0                USBD_StrDesc
 COMMON         0x00000000200135b0      0x408 ./USB_DEVICE/Target/usbd_conf.o
                0x00000000200135b0                hpcd_USB_OTG_FS
 COMMON         0x00000000200139b8        0x4 c:/st/stm32cubeide_1.8.0/stm32cubeide/plugins/com.st.stm32cube.ide.mcu.externaltools.gnu-tools-for-stm32.9-2020-q2-update.win32_2.0.0.202105311346/tools/bin/../lib/gcc/arm-none-eabi/9.3.1/../../../../arm-none-eabi/lib/thumb/v7e-m+fp/hard\libc_nano.a(lib_a-reent.o)
                0x00000000200139b8                errno
 COMMON         0x00000000200139bc        0x9 c:/st/stm32cubeide_1.8.0/stm32cubeide/plugins/com.st.stm32cube.ide.mcu.externaltools.gnu-tools-for-stm32.9-2020-q2-update.win32_2.0.0.202105311346/tools/bin/../lib/gcc/arm-none-eabi/9.3.1/../../../../arm-none-eabi/lib/thumb/v7e-m+fp/hard\libc_nano.a(lib_a-lock.o)
                0x00000000200139bc                __lock___atexit_recursive_mutex
                0x00000000200139bd                __lock___arc4random_mutex
                0x00000000200139be                __lock___env_recursive_mutex
                0x00000000200139bf                __lock___sinit_recursive_mutex
                0x00000000200139c0                __lock___malloc_recursive_mutex
                0x00000000200139c1                __lock___at_quick_exit_mutex
                0x00000000200139c2                __lock___dd_hash_mutex
                0x00000000200139c3                __lock___tz_mutex
                0x00000000200139c4                __lock___sfp_recursive_mutex
                0x00000000200139c8                . = ALIGN (0x4)
 *fill*         0x00000000200139c5        0x3 
                0x00000000200139c8                _ebss = .
                0x00000000200139c8                __bss_end__ = _ebss

._user_heap_stack
                0x00000000200139c8      0x600
                0x00000000200139c8                . = ALIGN (0x8)
                [!provide]                        PROVIDE (end = .)
                0x00000000200139c8                PROVIDE (_end = .)
                0x0000000020013bc8                . = (. + _Min_Heap_Size)
 *fill*         0x00000000200139c8      0x200 
                0x0000000020013fc8                . = (. + _Min_Stack_Size)
 *fill*         0x0000000020013bc8      0x400 
                0x0000000020013fc8                . = ALIGN (0x8)

/DISCARD/
 libc.a(*)
 libm.a(*)
 libgcc.a(*)

.ARM.attributes
                0x0000000000000000       0x30
 *(.ARM.attributes)
 .ARM.attributes
                0x0000000000000000       0x1e c:/st/stm32cubeide_1.8.0/stm32cubeide/plugins/com.st.stm32cube.ide.mcu.externaltools.gnu-tools-for-stm32.9-2020-q2-update.win32_2.0.0.202105311346/tools/bin/../lib/gcc/arm-none-eabi/9.3.1/thumb/v7e-m+fp/hard/crti.o
 .ARM.attributes
                0x000000000000001e       0x34 c:/st/stm32cubeide_1.8.0/stm32cubeide/plugins/com.st.stm32cube.ide.mcu.externaltools.gnu-tools-for-stm32.9-2020-q2-update.win32_2.0.0.202105311346/tools/bin/../lib/gcc/arm-none-eabi/9.3.1/thumb/v7e-m+fp/hard/crtbegin.o
 .ARM.attributes
                0x0000000000000052       0x34 ./Core/Src/main.o
 .ARM.attributes
                0x0000000000000086       0x34 ./Core/Src/stm32f4xx_hal_msp.o
 .ARM.attributes
                0x00000000000000ba       0x34 ./Core/Src/stm32f4xx_hal_timebase_tim.o
 .ARM.attributes
                0x00000000000000ee       0x34 ./Core/Src/stm32f4xx_it.o
 .ARM.attributes
                0x0000000000000122       0x34 ./Core/Src/sysmem.o
 .ARM.attributes
                0x0000000000000156       0x34 ./Core/Src/system_stm32f4xx.o
 .ARM.attributes
                0x000000000000018a       0x21 ./Core/Startup/startup_stm32f407vgtx.o
 .ARM.attributes
                0x00000000000001ab       0x34 ./Drivers/STM32F4xx_HAL_Driver/Src/stm32f4xx_hal.o
 .ARM.attributes
                0x00000000000001df       0x34 ./Drivers/STM32F4xx_HAL_Driver/Src/stm32f4xx_hal_adc.o
 .ARM.attributes
                0x0000000000000213       0x34 ./Drivers/STM32F4xx_HAL_Driver/Src/stm32f4xx_hal_cortex.o
 .ARM.attributes
                0x0000000000000247       0x34 ./Drivers/STM32F4xx_HAL_Driver/Src/stm32f4xx_hal_gpio.o
 .ARM.attributes
                0x000000000000027b       0x34 ./Drivers/STM32F4xx_HAL_Driver/Src/stm32f4xx_hal_pcd.o
 .ARM.attributes
                0x00000000000002af       0x34 ./Drivers/STM32F4xx_HAL_Driver/Src/stm32f4xx_hal_pcd_ex.o
 .ARM.attributes
                0x00000000000002e3       0x34 ./Drivers/STM32F4xx_HAL_Driver/Src/stm32f4xx_hal_rcc.o
 .ARM.attributes
                0x0000000000000317       0x34 ./Drivers/STM32F4xx_HAL_Driver/Src/stm32f4xx_hal_tim.o
 .ARM.attributes
                0x000000000000034b       0x34 ./Drivers/STM32F4xx_HAL_Driver/Src/stm32f4xx_hal_tim_ex.o
 .ARM.attributes
                0x000000000000037f       0x34 ./Drivers/STM32F4xx_HAL_Driver/Src/stm32f4xx_hal_uart.o
 .ARM.attributes
                0x00000000000003b3       0x34 ./Drivers/STM32F4xx_HAL_Driver/Src/stm32f4xx_ll_usb.o
 .ARM.attributes
                0x00000000000003e7       0x34 ./FreeRTOS/list.o
 .ARM.attributes
                0x000000000000041b       0x34 ./FreeRTOS/queue.o
 .ARM.attributes
                0x000000000000044f       0x34 ./FreeRTOS/tasks.o
 .ARM.attributes
                0x0000000000000483       0x34 ./FreeRTOS/timers.o
 .ARM.attributes
                0x00000000000004b7       0x34 ./FreeRTOS/portable/ARM_CM4F/port.o
 .ARM.attributes
                0x00000000000004eb       0x34 ./FreeRTOS/portable/MemMang/heap_4.o
 .ARM.attributes
                0x000000000000051f       0x34 ./Middlewares/ST/STM32_USB_Device_Library/Class/HID/Src/usbd_hid.o
 .ARM.attributes
                0x0000000000000553       0x34 ./Middlewares/ST/STM32_USB_Device_Library/Core/Src/usbd_core.o
 .ARM.attributes
                0x0000000000000587       0x34 ./Middlewares/ST/STM32_USB_Device_Library/Core/Src/usbd_ctlreq.o
 .ARM.attributes
                0x00000000000005bb       0x34 ./Middlewares/ST/STM32_USB_Device_Library/Core/Src/usbd_ioreq.o
 .ARM.attributes
                0x00000000000005ef       0x34 ./USB_DEVICE/App/usb_device.o
 .ARM.attributes
                0x0000000000000623       0x34 ./USB_DEVICE/App/usbd_desc.o
 .ARM.attributes
                0x0000000000000657       0x34 ./USB_DEVICE/Target/usbd_conf.o
 .ARM.attributes
                0x000000000000068b       0x34 c:/st/stm32cubeide_1.8.0/stm32cubeide/plugins/com.st.stm32cube.ide.mcu.externaltools.gnu-tools-for-stm32.9-2020-q2-update.win32_2.0.0.202105311346/tools/bin/../lib/gcc/arm-none-eabi/9.3.1/../../../../arm-none-eabi/lib/thumb/v7e-m+fp/hard\libc_nano.a(lib_a-errno.o)
 .ARM.attributes
                0x00000000000006bf       0x32 c:/st/stm32cubeide_1.8.0/stm32cubeide/plugins/com.st.stm32cube.ide.mcu.externaltools.gnu-tools-for-stm32.9-2020-q2-update.win32_2.0.0.202105311346/tools/bin/../lib/gcc/arm-none-eabi/9.3.1/../../../../arm-none-eabi/lib/thumb/v7e-m+fp/hard\libc_nano.a(lib_a-impure.o)
 .ARM.attributes
                0x00000000000006f1       0x34 c:/st/stm32cubeide_1.8.0/stm32cubeide/plugins/com.st.stm32cube.ide.mcu.externaltools.gnu-tools-for-stm32.9-2020-q2-update.win32_2.0.0.202105311346/tools/bin/../lib/gcc/arm-none-eabi/9.3.1/../../../../arm-none-eabi/lib/thumb/v7e-m+fp/hard\libc_nano.a(lib_a-init.o)
 .ARM.attributes
                0x0000000000000725       0x34 c:/st/stm32cubeide_1.8.0/stm32cubeide/plugins/com.st.stm32cube.ide.mcu.externaltools.gnu-tools-for-stm32.9-2020-q2-update.win32_2.0.0.202105311346/tools/bin/../lib/gcc/arm-none-eabi/9.3.1/../../../../arm-none-eabi/lib/thumb/v7e-m+fp/hard\libc_nano.a(lib_a-memcpy-stub.o)
 .ARM.attributes
                0x0000000000000759       0x34 c:/st/stm32cubeide_1.8.0/stm32cubeide/plugins/com.st.stm32cube.ide.mcu.externaltools.gnu-tools-for-stm32.9-2020-q2-update.win32_2.0.0.202105311346/tools/bin/../lib/gcc/arm-none-eabi/9.3.1/../../../../arm-none-eabi/lib/thumb/v7e-m+fp/hard\libc_nano.a(lib_a-memset.o)
 .ARM.attributes
                0x000000000000078d       0x34 c:/st/stm32cubeide_1.8.0/stm32cubeide/plugins/com.st.stm32cube.ide.mcu.externaltools.gnu-tools-for-stm32.9-2020-q2-update.win32_2.0.0.202105311346/tools/bin/../lib/gcc/arm-none-eabi/9.3.1/../../../../arm-none-eabi/lib/thumb/v7e-m+fp/hard\libc_nano.a(lib_a-sprintf.o)
 .ARM.attributes
                0x00000000000007c1       0x17 c:/st/stm32cubeide_1.8.0/stm32cubeide/plugins/com.st.stm32cube.ide.mcu.externaltools.gnu-tools-for-stm32.9-2020-q2-update.win32_2.0.0.202105311346/tools/bin/../lib/gcc/arm-none-eabi/9.3.1/../../../../arm-none-eabi/lib/thumb/v7e-m+fp/hard\libc_nano.a(lib_a-strlen.o)
 .ARM.attributes